ASxxxx Linker V03.00 + NoICE + sdld,  page 1.
Hexadecimal  [32-Bits]

Area                                    Addr        Size        Decimal Bytes (Attributes)
--------------------------------        ----        ----        ------- ----- ------------
CABS                                00000000    00000000 =           0. bytes (ABS,CON,CODE)

      Value  Global                              Global Defined In Module
      -----  --------------------------------   ------------------------
C:   00000000  l_BIT_BANK                      
C:   00000000  l_CABS                          
C:   00000000  l_GSINIT1                       
C:   00000000  l_GSINIT5                       
C:   00000000  l_IABS                          
C:   00000000  l_PSEG                          
C:   00000000  l_REG_BANK_1                    
C:   00000000  l_REG_BANK_2                    
C:   00000000  l_REG_BANK_3                    
C:   00000000  l_RSEG                          
C:   00000000  l_RSEG0                         
C:   00000000  l_RSEG1                         
C:   00000000  l_XABS                          
C:   00000000  l_XINIT                         
C:   00000000  l_XISEG                         
C:   00000000  l_XSEG                          
C:   00000000  l__CODE                         
C:   00000000  s_BSEG                          
C:   00000000  s_CABS                          
C:   00000000  s_DSEG                          
C:   00000000  s_HOME                          
C:   00000000  s_IABS                          
C:   00000000  s_REG_BANK_0                    
C:   00000000  s_RSEG                          
C:   00000000  s_RSEG0                         
C:   00000000  s_RSEG1                         
C:   00000000  s_XABS                          
C:   00000001  s_PSEG                          
C:   00000001  s_XISEG                         
C:   00000001  s_XSEG                          
C:   00000002  l_BSEG_BYTES                    
C:   00000003  l_GSFINAL                       
C:   00000003  l_GSINIT0                       
C:   00000006  l_ISEG                          
C:   00000006  l_OSEG                          
C:   00000008  l_REG_BANK_0                    
C:   00000008  s_REG_BANK_1                    
C:   0000000A  l_GSINIT2                       
C:   0000000B  l_BSEG                          
C:   0000000B  l_GSINIT                        
C:   0000000E  s_OSEG                          
C:   00000010  s_REG_BANK_2                    
C:   00000011  l_HOME                          
C:   00000011  s_GSINIT0                       
C:   00000014  s_GSINIT1                       
C:   00000014  s_GSINIT2                       
C:   00000014  s_ISEG                          
C:   00000018  s_BIT_BANK                      
C:   00000018  s_REG_BANK_3                    
C:   0000001E  s_GSINIT3                       
ASxxxx Linker V03.00 + NoICE + sdld,  page 2.
Hexadecimal  [32-Bits]

Area                                    Addr        Size        Decimal Bytes (Attributes)
--------------------------------        ----        ----        ------- ----- ------------
CABS                                00000000    00000000 =           0. bytes (ABS,CON,CODE)

      Value  Global                              Global Defined In Module
      -----  --------------------------------   ------------------------
C:   00000020  s_BSEG_BYTES                    
C:   00000020  s__CODE                         
C:   00000022  l_GSINIT3                       
C:   0000002A  l_GSINIT4                       
C:   0000003C  s_SSEG                          
C:   00000040  s_GSINIT4                       
C:   00000052  l_CONST                         
C:   0000006A  s_GSINIT                        
C:   0000006A  s_GSINIT5                       
C:   00000075  s_GSFINAL                       
C:   00000078  s_CSEG                          
C:   0000007A  l_DSEG                          
C:   000000C4  l_SSEG                          
C:   00000100  l_IRAM                          
C:   00000823  l_CSEG                          
C:   0000089B  s_CONST                         
C:   000008ED  s_XINIT                         

ASxxxx Linker V03.00 + NoICE + sdld,  page 3.
Hexadecimal  [32-Bits]

Area                                    Addr        Size        Decimal Bytes (Attributes)
--------------------------------        ----        ----        ------- ----- ------------
.  .ABS.                            00000000    00000000 =           0. bytes (ABS,CON)

      Value  Global                              Global Defined In Module
      -----  --------------------------------   ------------------------
     00000000  .__.ABS.                           _bp
     00000080  G$P0$0$0                           given
     00000080  G$P0_0$0$0                         given
     00000080  _P0                                given
     00000080  _P0_0                              given
     00000081  G$P0_1$0$0                         given
     00000081  G$SP$0$0                           given
     00000081  _P0_1                              given
     00000081  _SP                                given
     00000082  G$DPL$0$0                          given
     00000082  G$P0_2$0$0                         given
     00000082  _DPL                               given
     00000082  _P0_2                              given
     00000083  G$DPH$0$0                          given
     00000083  G$P0_3$0$0                         given
     00000083  _DPH                               given
     00000083  _P0_3                              given
     00000084  G$P0_4$0$0                         given
     00000084  G$SFRPAGE$0$0                      given
     00000084  _P0_4                              given
     00000084  _SFRPAGE                           given
     00000085  G$P0_5$0$0                         given
     00000085  G$SFRNEXT$0$0                      given
     00000085  _P0_5                              given
     00000085  _SFRNEXT                           given
     00000086  G$P0_6$0$0                         given
     00000086  G$SFRLAST$0$0                      given
     00000086  _P0_6                              given
     00000086  _SFRLAST                           given
     00000087  G$P0_7$0$0                         given
     00000087  G$PCON$0$0                         given
     00000087  _P0_7                              given
     00000087  _PCON                              given
     00000088  G$CP0HYN0$0$0                      given
     00000088  G$CP1HYN0$0$0                      given
     00000088  G$CPT0CN$0$0                       given
     00000088  G$CPT1CN$0$0                       given
     00000088  G$FLHBUSY$0$0                      given
     00000088  G$FLSTAT$0$0                       given
     00000088  G$IT0$0$0                          given
     00000088  G$TCON$0$0                         given
     00000088  _CP0HYN0                           given
     00000088  _CP1HYN0                           given
     00000088  _CPT0CN                            given
     00000088  _CPT1CN                            given
     00000088  _FLHBUSY                           given
     00000088  _FLSTAT                            given
     00000088  _IT0                               given
     00000088  _TCON                              given
     00000089  G$CP0HYN1$0$0                      given
ASxxxx Linker V03.00 + NoICE + sdld,  page 4.
Hexadecimal  [32-Bits]

Area                                    Addr        Size        Decimal Bytes (Attributes)
--------------------------------        ----        ----        ------- ----- ------------
.  .ABS.                            00000000    00000000 =           0. bytes (ABS,CON)

      Value  Global                              Global Defined In Module
      -----  --------------------------------   ------------------------
     00000089  G$CP1HYN1$0$0                      given
     00000089  G$CPT0MD$0$0                       given
     00000089  G$CPT1MD$0$0                       given
     00000089  G$IE0$0$0                          given
     00000089  G$PLL0CN$0$0                       given
     00000089  G$TMOD$0$0                         given
     00000089  _CP0HYN1                           given
     00000089  _CP1HYN1                           given
     00000089  _CPT0MD                            given
     00000089  _CPT1MD                            given
     00000089  _IE0                               given
     00000089  _PLL0CN                            given
     00000089  _TMOD                              given
     0000008A  G$CP0HYP0$0$0                      given
     0000008A  G$CP1HYP0$0$0                      given
     0000008A  G$IT1$0$0                          given
     0000008A  G$OSCICN$0$0                       given
     0000008A  G$TL0$0$0                          given
     0000008A  _CP0HYP0                           given
     0000008A  _CP1HYP0                           given
     0000008A  _IT1                               given
     0000008A  _OSCICN                            given
     0000008A  _TL0                               given
     0000008B  G$CP0HYP1$0$0                      given
     0000008B  G$CP1HYP1$0$0                      given
     0000008B  G$IE1$0$0                          given
     0000008B  G$OSCICL$0$0                       given
     0000008B  G$TL1$0$0                          given
     0000008B  _CP0HYP1                           given
     0000008B  _CP1HYP1                           given
     0000008B  _IE1                               given
     0000008B  _OSCICL                            given
     0000008B  _TL1                               given
     0000008C  G$CP0FIF$0$0                       given
     0000008C  G$CP1FIF$0$0                       given
     0000008C  G$OSCXCN$0$0                       given
     0000008C  G$TH0$0$0                          given
     0000008C  G$TR0$0$0                          given
     0000008C  _CP0FIF                            given
     0000008C  _CP1FIF                            given
     0000008C  _OSCXCN                            given
     0000008C  _TH0                               given
     0000008C  _TR0                               given
     0000008D  G$CP0RIF$0$0                       given
     0000008D  G$CP1RIF$0$0                       given
     0000008D  G$PLL0DIV$0$0                      given
     0000008D  G$TF0$0$0                          given
     0000008D  G$TH1$0$0                          given
     0000008D  _CP0RIF                            given
     0000008D  _CP1RIF                            given
     0000008D  _PLL0DIV                           given
ASxxxx Linker V03.00 + NoICE + sdld,  page 5.
Hexadecimal  [32-Bits]

Area                                    Addr        Size        Decimal Bytes (Attributes)
--------------------------------        ----        ----        ------- ----- ------------
.  .ABS.                            00000000    00000000 =           0. bytes (ABS,CON)

      Value  Global                              Global Defined In Module
      -----  --------------------------------   ------------------------
     0000008D  _TF0                               given
     0000008D  _TH1                               given
     0000008E  G$CKCON$0$0                        given
     0000008E  G$CP0OUT$0$0                       given
     0000008E  G$CP1OUT$0$0                       given
     0000008E  G$PLL0MUL$0$0                      given
     0000008E  G$TR1$0$0                          given
     0000008E  _CKCON                             given
     0000008E  _CP0OUT                            given
     0000008E  _CP1OUT                            given
     0000008E  _PLL0MUL                           given
     0000008E  _TR1                               given
     0000008F  G$CP0EN$0$0                        given
     0000008F  G$CP1EN$0$0                        given
     0000008F  G$PLL0FLT$0$0                      given
     0000008F  G$PSCTL$0$0                        given
     0000008F  G$TF1$0$0                          given
     0000008F  _CP0EN                             given
     0000008F  _CP1EN                             given
     0000008F  _PLL0FLT                           given
     0000008F  _PSCTL                             given
     0000008F  _TF1                               given
     00000090  G$P1$0$0                           given
     00000090  G$P1_0$0$0                         given
     00000090  _P1                                given
     00000090  _P1_0                              given
     00000091  G$MAC0BL$0$0                       given
     00000091  G$P1_1$0$0                         given
     00000091  G$SSTA0$0$0                        given
     00000091  _MAC0BL                            given
     00000091  _P1_1                              given
     00000091  _SSTA0                             given
     00000092  G$MAC0BH$0$0                       given
     00000092  G$P1_2$0$0                         given
     00000092  _MAC0BH                            given
     00000092  _P1_2                              given
     00000093  G$MAC0ACC0$0$0                     given
     00000093  G$P1_3$0$0                         given
     00000093  _MAC0ACC0                          given
     00000093  _P1_3                              given
     00000094  G$MAC0ACC1$0$0                     given
     00000094  G$P1_4$0$0                         given
     00000094  _MAC0ACC1                          given
     00000094  _P1_4                              given
     00000095  G$MAC0ACC2$0$0                     given
     00000095  G$P1_5$0$0                         given
     00000095  _MAC0ACC2                          given
     00000095  _P1_5                              given
     00000096  G$MAC0ACC3$0$0                     given
     00000096  G$P1_6$0$0                         given
     00000096  G$SFRPGCN$0$0                      given
ASxxxx Linker V03.00 + NoICE + sdld,  page 6.
Hexadecimal  [32-Bits]

Area                                    Addr        Size        Decimal Bytes (Attributes)
--------------------------------        ----        ----        ------- ----- ------------
.  .ABS.                            00000000    00000000 =           0. bytes (ABS,CON)

      Value  Global                              Global Defined In Module
      -----  --------------------------------   ------------------------
     00000096  _MAC0ACC3                          given
     00000096  _P1_6                              given
     00000096  _SFRPGCN                           given
     00000097  G$CLKSEL$0$0                       given
     00000097  G$MAC0OVR$0$0                      given
     00000097  G$P1_7$0$0                         given
     00000097  _CLKSEL                            given
     00000097  _MAC0OVR                           given
     00000097  _P1_7                              given
     00000098  G$RI$0$0                           given
     00000098  G$RI0$0$0                          given
     00000098  G$RI1$0$0                          given
     00000098  G$SCON$0$0                         given
     00000098  G$SCON0$0$0                        given
     00000098  G$SCON1$0$0                        given
     00000098  _RI                                given
     00000098  _RI0                               given
     00000098  _RI1                               given
     00000098  _SCON                              given
     00000098  _SCON0                             given
     00000098  _SCON1                             given
     00000099  G$SBUF$0$0                         given
     00000099  G$SBUF0$0$0                        given
     00000099  G$SBUF1$0$0                        given
     00000099  G$TI$0$0                           given
     00000099  G$TI0$0$0                          given
     00000099  G$TI1$0$0                          given
     00000099  _SBUF                              given
     00000099  _SBUF0                             given
     00000099  _SBUF1                             given
     00000099  _TI                                given
     00000099  _TI0                               given
     00000099  _TI1                               given
     0000009A  G$CCH0MA$0$0                       given
     0000009A  G$RB80$0$0                         given
     0000009A  G$RB81$0$0                         given
     0000009A  G$SPI0CFG$0$0                      given
     0000009A  _CCH0MA                            given
     0000009A  _RB80                              given
     0000009A  _RB81                              given
     0000009A  _SPI0CFG                           given
     0000009B  G$SPI0DAT$0$0                      given
     0000009B  G$TB80$0$0                         given
     0000009B  G$TB81$0$0                         given
     0000009B  _SPI0DAT                           given
     0000009B  _TB80                              given
     0000009B  _TB81                              given
     0000009C  G$P4MDOUT$0$0                      given
     0000009C  G$REN$0$0                          given
     0000009C  G$REN0$0$0                         given
     0000009C  G$REN1$0$0                         given
ASxxxx Linker V03.00 + NoICE + sdld,  page 7.
Hexadecimal  [32-Bits]

Area                                    Addr        Size        Decimal Bytes (Attributes)
--------------------------------        ----        ----        ------- ----- ------------
.  .ABS.                            00000000    00000000 =           0. bytes (ABS,CON)

      Value  Global                              Global Defined In Module
      -----  --------------------------------   ------------------------
     0000009C  _P4MDOUT                           given
     0000009C  _REN                               given
     0000009C  _REN0                              given
     0000009C  _REN1                              given
     0000009D  G$MCE1$0$0                         given
     0000009D  G$P5MDOUT$0$0                      given
     0000009D  G$SM20$0$0                         given
     0000009D  G$SPI0CKR$0$0                      given
     0000009D  _MCE1                              given
     0000009D  _P5MDOUT                           given
     0000009D  _SM20                              given
     0000009D  _SPI0CKR                           given
     0000009E  G$P6MDOUT$0$0                      given
     0000009E  G$SM10$0$0                         given
     0000009E  _P6MDOUT                           given
     0000009E  _SM10                              given
     0000009F  G$P7MDOUT$0$0                      given
     0000009F  G$S1MODE$0$0                       given
     0000009F  G$SM00$0$0                         given
     0000009F  _P7MDOUT                           given
     0000009F  _S1MODE                            given
     0000009F  _SM00                              given
     000000A0  G$P2$0$0                           given
     000000A0  G$P2_0$0$0                         given
     000000A0  _P2                                given
     000000A0  _P2_0                              given
     000000A1  G$CCH0CN$0$0                       given
     000000A1  G$EMI0TC$0$0                       given
     000000A1  G$P2_1$0$0                         given
     000000A1  _CCH0CN                            given
     000000A1  _EMI0TC                            given
     000000A1  _P2_1                              given
     000000A2  G$CCH0TN$0$0                       given
     000000A2  G$EMI0CN$0$0                       given
     000000A2  G$P2_2$0$0                         given
     000000A2  G$_XPAGE$0$0                       given
     000000A2  _CCH0TN                            given
     000000A2  _EMI0CN                            given
     000000A2  _P2_2                              given
     000000A2  __XPAGE                            given
     000000A3  G$CCH0LC$0$0                       given
     000000A3  G$EMI0CF$0$0                       given
     000000A3  G$P2_3$0$0                         given
     000000A3  _CCH0LC                            given
     000000A3  _EMI0CF                            given
     000000A3  _P2_3                              given
     000000A4  G$P0MDOUT$0$0                      given
     000000A4  G$P2_4$0$0                         given
     000000A4  _P0MDOUT                           given
     000000A4  _P2_4                              given
     000000A5  G$P1MDOUT$0$0                      given
ASxxxx Linker V03.00 + NoICE + sdld,  page 8.
Hexadecimal  [32-Bits]

Area                                    Addr        Size        Decimal Bytes (Attributes)
--------------------------------        ----        ----        ------- ----- ------------
.  .ABS.                            00000000    00000000 =           0. bytes (ABS,CON)

      Value  Global                              Global Defined In Module
      -----  --------------------------------   ------------------------
     000000A5  G$P2_5$0$0                         given
     000000A5  _P1MDOUT                           given
     000000A5  _P2_5                              given
     000000A6  G$P2MDOUT$0$0                      given
     000000A6  G$P2_6$0$0                         given
     000000A6  _P2MDOUT                           given
     000000A6  _P2_6                              given
     000000A7  G$P2_7$0$0                         given
     000000A7  G$P3MDOUT$0$0                      given
     000000A7  _P2_7                              given
     000000A7  _P3MDOUT                           given
     000000A8  G$EX0$0$0                          given
     000000A8  G$IE$0$0                           given
     000000A8  _EX0                               given
     000000A8  _IE                                given
     000000A9  G$ET0$0$0                          given
     000000A9  G$SADDR0$0$0                       given
     000000A9  _ET0                               given
     000000A9  _SADDR0                            given
     000000AA  G$EX1$0$0                          given
     000000AA  _EX1                               given
     000000AB  G$ET1$0$0                          given
     000000AB  _ET1                               given
     000000AC  G$ES$0$0                           given
     000000AC  G$ES0$0$0                          given
     000000AC  _ES                                given
     000000AC  _ES0                               given
     000000AD  G$ET2$0$0                          given
     000000AD  G$P1MDIN$0$0                       given
     000000AD  _ET2                               given
     000000AD  _P1MDIN                            given
     000000AF  G$EA$0$0                           given
     000000AF  _EA                                given
     000000B0  G$P3$0$0                           given
     000000B0  G$P3_0$0$0                         given
     000000B0  _P3                                given
     000000B0  _P3_0                              given
     000000B1  G$P3_1$0$0                         given
     000000B1  G$PSBANK$0$0                       given
     000000B1  _P3_1                              given
     000000B1  _PSBANK                            given
     000000B2  G$P3_2$0$0                         given
     000000B2  _P3_2                              given
     000000B3  G$P3_3$0$0                         given
     000000B3  _P3_3                              given
     000000B4  G$P3_4$0$0                         given
     000000B4  _P3_4                              given
     000000B5  G$P3_5$0$0                         given
     000000B5  _P3_5                              given
     000000B6  G$P3_6$0$0                         given
     000000B6  _P3_6                              given
ASxxxx Linker V03.00 + NoICE + sdld,  page 9.
Hexadecimal  [32-Bits]

Area                                    Addr        Size        Decimal Bytes (Attributes)
--------------------------------        ----        ----        ------- ----- ------------
.  .ABS.                            00000000    00000000 =           0. bytes (ABS,CON)

      Value  Global                              Global Defined In Module
      -----  --------------------------------   ------------------------
     000000B7  G$FLACL$0$0                        given
     000000B7  G$FLSCL$0$0                        given
     000000B7  G$P3_7$0$0                         given
     000000B7  _FLACL                             given
     000000B7  _FLSCL                             given
     000000B7  _P3_7                              given
     000000B8  G$IP$0$0                           given
     000000B8  G$PX0$0$0                          given
     000000B8  _IP                                given
     000000B8  _PX0                               given
     000000B9  G$PT0$0$0                          given
     000000B9  G$SADEN0$0$0                       given
     000000B9  _PT0                               given
     000000B9  _SADEN0                            given
     000000BA  G$AMX0CF$0$0                       given
     000000BA  G$AMX2CF$0$0                       given
     000000BA  G$PX1$0$0                          given
     000000BA  _AMX0CF                            given
     000000BA  _AMX2CF                            given
     000000BA  _PX1                               given
     000000BB  G$AMX0SL$0$0                       given
     000000BB  G$AMX2SL$0$0                       given
     000000BB  G$PT1$0$0                          given
     000000BB  _AMX0SL                            given
     000000BB  _AMX2SL                            given
     000000BB  _PT1                               given
     000000BC  G$ADC0CF$0$0                       given
     000000BC  G$ADC2CF$0$0                       given
     000000BC  G$PS$0$0                           given
     000000BC  G$PS0$0$0                          given
     000000BC  _ADC0CF                            given
     000000BC  _ADC2CF                            given
     000000BC  _PS                                given
     000000BC  _PS0                               given
     000000BD  G$PT2$0$0                          given
     000000BD  _PT2                               given
     000000BE  G$ADC0L$0$0                        given
     000000BE  G$ADC2$0$0                         given
     000000BE  _ADC0L                             given
     000000BE  _ADC2                              given
     000000BF  G$ADC0H$0$0                        given
     000000BF  _ADC0H                             given
     000000C0  G$MAC0N$0$0                        given
     000000C0  G$MAC0STA$0$0                      given
     000000C0  G$SMB0CN$0$0                       given
     000000C0  G$SMBTOE$0$0                       given
     000000C0  _MAC0N                             given
     000000C0  _MAC0STA                           given
     000000C0  _SMB0CN                            given
     000000C0  _SMBTOE                            given
     000000C1  G$MAC0AL$0$0                       given
ASxxxx Linker V03.00 + NoICE + sdld,  page 10.
Hexadecimal  [32-Bits]

Area                                    Addr        Size        Decimal Bytes (Attributes)
--------------------------------        ----        ----        ------- ----- ------------
.  .ABS.                            00000000    00000000 =           0. bytes (ABS,CON)

      Value  Global                              Global Defined In Module
      -----  --------------------------------   ------------------------
     000000C1  G$MAC0SO$0$0                       given
     000000C1  G$SMB0STA$0$0                      given
     000000C1  G$SMBFTE$0$0                       given
     000000C1  _MAC0AL                            given
     000000C1  _MAC0SO                            given
     000000C1  _SMB0STA                           given
     000000C1  _SMBFTE                            given
     000000C2  G$AA$0$0                           given
     000000C2  G$MAC0AH$0$0                       given
     000000C2  G$MAC0Z$0$0                        given
     000000C2  G$SMB0DAT$0$0                      given
     000000C2  _AA                                given
     000000C2  _MAC0AH                            given
     000000C2  _MAC0Z                             given
     000000C2  _SMB0DAT                           given
     000000C3  G$MAC0CF$0$0                       given
     000000C3  G$MAC0HO$0$0                       given
     000000C3  G$SI$0$0                           given
     000000C3  G$SMB0ADR$0$0                      given
     000000C3  _MAC0CF                            given
     000000C3  _MAC0HO                            given
     000000C3  _SI                                given
     000000C3  _SMB0ADR                           given
     000000C4  G$ADC0GTL$0$0                      given
     000000C4  G$ADC2GT$0$0                       given
     000000C4  G$STO$0$0                          given
     000000C4  _ADC0GTL                           given
     000000C4  _ADC2GT                            given
     000000C4  _STO                               given
     000000C5  G$ADC0GTH$0$0                      given
     000000C5  G$STA$0$0                          given
     000000C5  _ADC0GTH                           given
     000000C5  _STA                               given
     000000C6  G$ADC0LTL$0$0                      given
     000000C6  G$ADC2LT$0$0                       given
     000000C6  G$ENSMB$0$0                        given
     000000C6  _ADC0LTL                           given
     000000C6  _ADC2LT                            given
     000000C6  _ENSMB                             given
     000000C7  G$ADC0LTH$0$0                      given
     000000C7  G$BUSY$0$0                         given
     000000C7  _ADC0LTH                           given
     000000C7  _BUSY                              given
     000000C8  G$CPRL2$0$0                        given
     000000C8  G$CPRL3$0$0                        given
     000000C8  G$CPRL4$0$0                        given
     000000C8  G$P4$0$0                           given
     000000C8  G$P4_0$0$0                         given
     000000C8  G$TMR2CN$0$0                       given
     000000C8  G$TMR3CN$0$0                       given
     000000C8  G$TMR4CN$0$0                       given
ASxxxx Linker V03.00 + NoICE + sdld,  page 11.
Hexadecimal  [32-Bits]

Area                                    Addr        Size        Decimal Bytes (Attributes)
--------------------------------        ----        ----        ------- ----- ------------
.  .ABS.                            00000000    00000000 =           0. bytes (ABS,CON)

      Value  Global                              Global Defined In Module
      -----  --------------------------------   ------------------------
     000000C8  _CPRL2                             given
     000000C8  _CPRL3                             given
     000000C8  _CPRL4                             given
     000000C8  _P4                                given
     000000C8  _P4_0                              given
     000000C8  _TMR2CN                            given
     000000C8  _TMR3CN                            given
     000000C8  _TMR4CN                            given
     000000C9  G$CT2$0$0                          given
     000000C9  G$CT3$0$0                          given
     000000C9  G$CT4$0$0                          given
     000000C9  G$P4_1$0$0                         given
     000000C9  G$TMR2CF$0$0                       given
     000000C9  G$TMR3CF$0$0                       given
     000000C9  G$TMR4CF$0$0                       given
     000000C9  _CT2                               given
     000000C9  _CT3                               given
     000000C9  _CT4                               given
     000000C9  _P4_1                              given
     000000C9  _TMR2CF                            given
     000000C9  _TMR3CF                            given
     000000C9  _TMR4CF                            given
     000000CA  G$P4_2$0$0                         given
     000000CA  G$RCAP2L$0$0                       given
     000000CA  G$RCAP3L$0$0                       given
     000000CA  G$RCAP4L$0$0                       given
     000000CA  G$TR2$0$0                          given
     000000CA  G$TR3$0$0                          given
     000000CA  G$TR4$0$0                          given
     000000CA  _P4_2                              given
     000000CA  _RCAP2L                            given
     000000CA  _RCAP3L                            given
     000000CA  _RCAP4L                            given
     000000CA  _TR2                               given
     000000CA  _TR3                               given
     000000CA  _TR4                               given
     000000CB  G$EXEN2$0$0                        given
     000000CB  G$EXEN3$0$0                        given
     000000CB  G$EXEN4$0$0                        given
     000000CB  G$P4_3$0$0                         given
     000000CB  G$RCAP2H$0$0                       given
     000000CB  G$RCAP3H$0$0                       given
     000000CB  G$RCAP4H$0$0                       given
     000000CB  _EXEN2                             given
     000000CB  _EXEN3                             given
     000000CB  _EXEN4                             given
     000000CB  _P4_3                              given
     000000CB  _RCAP2H                            given
     000000CB  _RCAP3H                            given
     000000CB  _RCAP4H                            given
     000000CC  G$P4_4$0$0                         given
ASxxxx Linker V03.00 + NoICE + sdld,  page 12.
Hexadecimal  [32-Bits]

Area                                    Addr        Size        Decimal Bytes (Attributes)
--------------------------------        ----        ----        ------- ----- ------------
.  .ABS.                            00000000    00000000 =           0. bytes (ABS,CON)

      Value  Global                              Global Defined In Module
      -----  --------------------------------   ------------------------
     000000CC  G$TL2$0$0                          given
     000000CC  G$TMR2L$0$0                        given
     000000CC  G$TMR3L$0$0                        given
     000000CC  G$TMR4L$0$0                        given
     000000CC  _P4_4                              given
     000000CC  _TL2                               given
     000000CC  _TMR2L                             given
     000000CC  _TMR3L                             given
     000000CC  _TMR4L                             given
     000000CD  G$P4_5$0$0                         given
     000000CD  G$TH2$0$0                          given
     000000CD  G$TMR2H$0$0                        given
     000000CD  G$TMR3H$0$0                        given
     000000CD  G$TMR4H$0$0                        given
     000000CD  _P4_5                              given
     000000CD  _TH2                               given
     000000CD  _TMR2H                             given
     000000CD  _TMR3H                             given
     000000CD  _TMR4H                             given
     000000CE  G$EXF2$0$0                         given
     000000CE  G$EXF3$0$0                         given
     000000CE  G$EXF4$0$0                         given
     000000CE  G$MAC0RNDL$0$0                     given
     000000CE  G$P4_6$0$0                         given
     000000CE  _EXF2                              given
     000000CE  _EXF3                              given
     000000CE  _EXF4                              given
     000000CE  _MAC0RNDL                          given
     000000CE  _P4_6                              given
     000000CF  G$MAC0RNDH$0$0                     given
     000000CF  G$P4_7$0$0                         given
     000000CF  G$SMB0CR$0$0                       given
     000000CF  G$TF2$0$0                          given
     000000CF  G$TF3$0$0                          given
     000000CF  G$TF4$0$0                          given
     000000CF  _MAC0RNDH                          given
     000000CF  _P4_7                              given
     000000CF  _SMB0CR                            given
     000000CF  _TF2                               given
     000000CF  _TF3                               given
     000000CF  _TF4                               given
     000000D0  G$P$0$0                            given
     000000D0  G$PSW$0$0                          given
     000000D0  _P                                 given
     000000D0  _PSW                               given
     000000D1  G$F1$0$0                           given
     000000D1  G$REF0CN$0$0                       given
     000000D1  _F1                                given
     000000D1  _REF0CN                            given
     000000D2  G$DAC0L$0$0                        given
     000000D2  G$DAC1L$0$0                        given
ASxxxx Linker V03.00 + NoICE + sdld,  page 13.
Hexadecimal  [32-Bits]

Area                                    Addr        Size        Decimal Bytes (Attributes)
--------------------------------        ----        ----        ------- ----- ------------
.  .ABS.                            00000000    00000000 =           0. bytes (ABS,CON)

      Value  Global                              Global Defined In Module
      -----  --------------------------------   ------------------------
     000000D2  G$OV$0$0                           given
     000000D2  _DAC0L                             given
     000000D2  _DAC1L                             given
     000000D2  _OV                                given
     000000D3  G$DAC0H$0$0                        given
     000000D3  G$DAC1H$0$0                        given
     000000D3  G$RS0$0$0                          given
     000000D3  _DAC0H                             given
     000000D3  _DAC1H                             given
     000000D3  _RS0                               given
     000000D4  G$DAC0CN$0$0                       given
     000000D4  G$DAC1CN$0$0                       given
     000000D4  G$RS1$0$0                          given
     000000D4  _DAC0CN                            given
     000000D4  _DAC1CN                            given
     000000D4  _RS1                               given
     000000D5  G$F0$0$0                           given
     000000D5  _F0                                given
     000000D6  G$AC$0$0                           given
     000000D6  _AC                                given
     000000D7  G$CY$0$0                           given
     000000D7  _CY                                given
     000000D8  G$CCF0$0$0                         given
     000000D8  G$P5$0$0                           given
     000000D8  G$P5_0$0$0                         given
     000000D8  G$PCA0CN$0$0                       given
     000000D8  _CCF0                              given
     000000D8  _P5                                given
     000000D8  _P5_0                              given
     000000D8  _PCA0CN                            given
     000000D9  G$CCF1$0$0                         given
     000000D9  G$P5_1$0$0                         given
     000000D9  G$PCA0MD$0$0                       given
     000000D9  _CCF1                              given
     000000D9  _P5_1                              given
     000000D9  _PCA0MD                            given
     000000DA  G$CCF2$0$0                         given
     000000DA  G$P5_2$0$0                         given
     000000DA  G$PCA0CPM0$0$0                     given
     000000DA  _CCF2                              given
     000000DA  _P5_2                              given
     000000DA  _PCA0CPM0                          given
     000000DB  G$CCF3$0$0                         given
     000000DB  G$P5_3$0$0                         given
     000000DB  G$PCA0CPM1$0$0                     given
     000000DB  _CCF3                              given
     000000DB  _P5_3                              given
     000000DB  _PCA0CPM1                          given
     000000DC  G$CCF4$0$0                         given
     000000DC  G$P5_4$0$0                         given
     000000DC  G$PCA0CPM2$0$0                     given
ASxxxx Linker V03.00 + NoICE + sdld,  page 14.
Hexadecimal  [32-Bits]

Area                                    Addr        Size        Decimal Bytes (Attributes)
--------------------------------        ----        ----        ------- ----- ------------
.  .ABS.                            00000000    00000000 =           0. bytes (ABS,CON)

      Value  Global                              Global Defined In Module
      -----  --------------------------------   ------------------------
     000000DC  _CCF4                              given
     000000DC  _P5_4                              given
     000000DC  _PCA0CPM2                          given
     000000DD  G$CCF5$0$0                         given
     000000DD  G$P5_5$0$0                         given
     000000DD  G$PCA0CPM3$0$0                     given
     000000DD  _CCF5                              given
     000000DD  _P5_5                              given
     000000DD  _PCA0CPM3                          given
     000000DE  G$CR$0$0                           given
     000000DE  G$P5_6$0$0                         given
     000000DE  G$PCA0CPM4$0$0                     given
     000000DE  _CR                                given
     000000DE  _P5_6                              given
     000000DE  _PCA0CPM4                          given
     000000DF  G$CF$0$0                           given
     000000DF  G$P5_7$0$0                         given
     000000DF  G$PCA0CPM5$0$0                     given
     000000DF  _CF                                given
     000000DF  _P5_7                              given
     000000DF  _PCA0CPM5                          given
     000000E0  G$ACC$0$0                          given
     000000E0  _ACC                               given
     000000E1  G$PCA0CPL5$0$0                     given
     000000E1  G$XBR0$0$0                         given
     000000E1  _PCA0CPL5                          given
     000000E1  _XBR0                              given
     000000E2  G$PCA0CPH5$0$0                     given
     000000E2  G$XBR1$0$0                         given
     000000E2  _PCA0CPH5                          given
     000000E2  _XBR1                              given
     000000E3  G$XBR2$0$0                         given
     000000E3  _XBR2                              given
     000000E6  G$EIE1$0$0                         given
     000000E6  _EIE1                              given
     000000E7  G$EIE2$0$0                         given
     000000E7  _EIE2                              given
     000000E8  G$AD0LJST$0$0                      given
     000000E8  G$AD2WINT$0$0                      given
     000000E8  G$ADC0CN$0$0                       given
     000000E8  G$ADC2CN$0$0                       given
     000000E8  G$P6$0$0                           given
     000000E8  G$P6_0$0$0                         given
     000000E8  _AD0LJST                           given
     000000E8  _AD2WINT                           given
     000000E8  _ADC0CN                            given
     000000E8  _ADC2CN                            given
     000000E8  _P6                                given
     000000E8  _P6_0                              given
     000000E9  G$AD0WINT$0$0                      given
     000000E9  G$AD2CM0$0$0                       given
ASxxxx Linker V03.00 + NoICE + sdld,  page 15.
Hexadecimal  [32-Bits]

Area                                    Addr        Size        Decimal Bytes (Attributes)
--------------------------------        ----        ----        ------- ----- ------------
.  .ABS.                            00000000    00000000 =           0. bytes (ABS,CON)

      Value  Global                              Global Defined In Module
      -----  --------------------------------   ------------------------
     000000E9  G$P6_1$0$0                         given
     000000E9  G$PCA0CPL2$0$0                     given
     000000E9  _AD0WINT                           given
     000000E9  _AD2CM0                            given
     000000E9  _P6_1                              given
     000000E9  _PCA0CPL2                          given
     000000EA  G$AD0CM0$0$0                       given
     000000EA  G$AD2CM1$0$0                       given
     000000EA  G$P6_2$0$0                         given
     000000EA  G$PCA0CPH2$0$0                     given
     000000EA  _AD0CM0                            given
     000000EA  _AD2CM1                            given
     000000EA  _P6_2                              given
     000000EA  _PCA0CPH2                          given
     000000EB  G$AD0CM1$0$0                       given
     000000EB  G$AD2CM2$0$0                       given
     000000EB  G$P6_3$0$0                         given
     000000EB  G$PCA0CPL3$0$0                     given
     000000EB  _AD0CM1                            given
     000000EB  _AD2CM2                            given
     000000EB  _P6_3                              given
     000000EB  _PCA0CPL3                          given
     000000EC  G$AD0BUSY$0$0                      given
     000000EC  G$AD2BUSY$0$0                      given
     000000EC  G$P6_4$0$0                         given
     000000EC  G$PCA0CPH3$0$0                     given
     000000EC  _AD0BUSY                           given
     000000EC  _AD2BUSY                           given
     000000EC  _P6_4                              given
     000000EC  _PCA0CPH3                          given
     000000ED  G$AD0INT$0$0                       given
     000000ED  G$AD2INT$0$0                       given
     000000ED  G$P6_5$0$0                         given
     000000ED  G$PCA0CPL4$0$0                     given
     000000ED  _AD0INT                            given
     000000ED  _AD2INT                            given
     000000ED  _P6_5                              given
     000000ED  _PCA0CPL4                          given
     000000EE  G$AD0TM$0$0                        given
     000000EE  G$AD2TM$0$0                        given
     000000EE  G$P6_6$0$0                         given
     000000EE  G$PCA0CPH4$0$0                     given
     000000EE  _AD0TM                             given
     000000EE  _AD2TM                             given
     000000EE  _P6_6                              given
     000000EE  _PCA0CPH4                          given
     000000EF  G$AD0EN$0$0                        given
     000000EF  G$AD2EN$0$0                        given
     000000EF  G$P6_7$0$0                         given
     000000EF  G$RSTSRC$0$0                       given
     000000EF  _AD0EN                             given
ASxxxx Linker V03.00 + NoICE + sdld,  page 16.
Hexadecimal  [32-Bits]

Area                                    Addr        Size        Decimal Bytes (Attributes)
--------------------------------        ----        ----        ------- ----- ------------
.  .ABS.                            00000000    00000000 =           0. bytes (ABS,CON)

      Value  Global                              Global Defined In Module
      -----  --------------------------------   ------------------------
     000000EF  _AD2EN                             given
     000000EF  _P6_7                              given
     000000EF  _RSTSRC                            given
     000000F0  G$B$0$0                            given
     000000F0  _B                                 given
     000000F5  _B_5                               _gptrget
     000000F6  G$EIP1$0$0                         given
     000000F6  _B_6                               _gptrget
     000000F6  _EIP1                              given
     000000F7  G$EIP2$0$0                         given
     000000F7  _B_7                               _gptrget
     000000F7  _EIP2                              given
     000000F8  G$P7$0$0                           given
     000000F8  G$P7_0$0$0                         given
     000000F8  G$SPI0CN$0$0                       given
     000000F8  G$SPIEN$0$0                        given
     000000F8  _P7                                given
     000000F8  _P7_0                              given
     000000F8  _SPI0CN                            given
     000000F8  _SPIEN                             given
     000000F9  G$P7_1$0$0                         given
     000000F9  G$PCA0L$0$0                        given
     000000F9  G$TXBMT$0$0                        given
     000000F9  _P7_1                              given
     000000F9  _PCA0L                             given
     000000F9  _TXBMT                             given
     000000FA  G$NSSMD0$0$0                       given
     000000FA  G$P7_2$0$0                         given
     000000FA  G$PCA0H$0$0                        given
     000000FA  _NSSMD0                            given
     000000FA  _P7_2                              given
     000000FA  _PCA0H                             given
     000000FB  G$NSSMD1$0$0                       given
     000000FB  G$P7_3$0$0                         given
     000000FB  G$PCA0CPL0$0$0                     given
     000000FB  _NSSMD1                            given
     000000FB  _P7_3                              given
     000000FB  _PCA0CPL0                          given
     000000FC  G$P7_4$0$0                         given
     000000FC  G$PCA0CPH0$0$0                     given
     000000FC  G$RXOVRN$0$0                       given
     000000FC  _P7_4                              given
     000000FC  _PCA0CPH0                          given
     000000FC  _RXOVRN                            given
     000000FD  G$MODF$0$0                         given
     000000FD  G$P7_5$0$0                         given
     000000FD  G$PCA0CPL1$0$0                     given
     000000FD  _MODF                              given
     000000FD  _P7_5                              given
     000000FD  _PCA0CPL1                          given
     000000FE  G$P7_6$0$0                         given
ASxxxx Linker V03.00 + NoICE + sdld,  page 17.
Hexadecimal  [32-Bits]

Area                                    Addr        Size        Decimal Bytes (Attributes)
--------------------------------        ----        ----        ------- ----- ------------
.  .ABS.                            00000000    00000000 =           0. bytes (ABS,CON)

      Value  Global                              Global Defined In Module
      -----  --------------------------------   ------------------------
     000000FE  G$PCA0CPH1$0$0                     given
     000000FE  G$WCOL$0$0                         given
     000000FE  _P7_6                              given
     000000FE  _PCA0CPH1                          given
     000000FE  _WCOL                              given
     000000FF  G$P7_7$0$0                         given
     000000FF  G$SPIF$0$0                         given
     000000FF  G$WDTCN$0$0                        given
     000000FF  _P7_7                              given
     000000FF  _SPIF                              given
     000000FF  _WDTCN                             given
     00008C8A  G$TMR0$0$0                         given
     00008C8A  _TMR0                              given
     00008D8B  G$TMR1$0$0                         given
     00008D8B  _TMR1                              given
     0000BFBE  G$ADC0$0$0                         given
     0000BFBE  _ADC0                              given
     0000C2C1  G$MAC0A$0$0                        given
     0000C2C1  _MAC0A                             given
     0000C5C4  G$ADC0GT$0$0                       given
     0000C5C4  _ADC0GT                            given
     0000C7C6  G$ADC0LT$0$0                       given
     0000C7C6  _ADC0LT                            given
     0000CBCA  G$RCAP2$0$0                        given
     0000CBCA  G$RCAP3$0$0                        given
     0000CBCA  G$RCAP4$0$0                        given
     0000CBCA  _RCAP2                             given
     0000CBCA  _RCAP3                             given
     0000CBCA  _RCAP4                             given
     0000CDCC  G$TMR2$0$0                         given
     0000CDCC  G$TMR3$0$0                         given
     0000CDCC  G$TMR4$0$0                         given
     0000CDCC  _TMR2                              given
     0000CDCC  _TMR3                              given
     0000CDCC  _TMR4                              given
     0000CFCE  G$MAC0RND$0$0                      given
     0000CFCE  _MAC0RND                           given
     0000D3D2  G$DAC0$0$0                         given
     0000D3D2  G$DAC1$0$0                         given
     0000D3D2  _DAC0                              given
     0000D3D2  _DAC1                              given
     0000E2E1  G$PCA0CP5$0$0                      given
     0000E2E1  _PCA0CP5                           given
     0000EAE9  G$PCA0CP2$0$0                      given
     0000EAE9  _PCA0CP2                           given
     0000ECEB  G$PCA0CP3$0$0                      given
     0000ECEB  _PCA0CP3                           given
     0000EEED  G$PCA0CP4$0$0                      given
     0000EEED  _PCA0CP4                           given
     0000FAF9  G$PCA0$0$0                         given
     0000FAF9  _PCA0                              given
ASxxxx Linker V03.00 + NoICE + sdld,  page 18.
Hexadecimal  [32-Bits]

Area                                    Addr        Size        Decimal Bytes (Attributes)
--------------------------------        ----        ----        ------- ----- ------------
.  .ABS.                            00000000    00000000 =           0. bytes (ABS,CON)

      Value  Global                              Global Defined In Module
      -----  --------------------------------   ------------------------
     0000FCFB  G$PCA0CP0$0$0                      given
     0000FCFB  _PCA0CP0                           given
     0000FEFD  G$PCA0CP1$0$0                      given
     0000FEFD  _PCA0CP1                           given
     00959493  G$MAC0ACC$0$0                      given
     00959493  _MAC0ACC                           given

ASxxxx Linker V03.00 + NoICE + sdld,  page 19.
Hexadecimal  [32-Bits]

Area                                    Addr        Size        Decimal Bytes (Attributes)
--------------------------------        ----        ----        ------- ----- ------------
BSEG_BYTES                          00000020    00000002 =           2. bytes (REL,CON)

      Value  Global                              Global Defined In Module
      -----  --------------------------------   ------------------------
ASxxxx Linker V03.00 + NoICE + sdld,  page 20.
Hexadecimal  [32-Bits]

Area                                    Addr        Size        Decimal Bytes (Attributes)
--------------------------------        ----        ----        ------- ----- ------------
REG_BANK_0                          00000000    00000008 =           8. bytes (REL,OVR)

      Value  Global                              Global Defined In Module
      -----  --------------------------------   ------------------------
ASxxxx Linker V03.00 + NoICE + sdld,  page 21.
Hexadecimal  [32-Bits]

Area                                    Addr        Size        Decimal Bytes (Attributes)
--------------------------------        ----        ----        ------- ----- ------------
DSEG                                00000000    0000007A =         122. bytes (REL,CON)

      Value  Global                              Global Defined In Module
      -----  --------------------------------   ------------------------
     00000008  G$time$0$0                         given
     00000008  _time                              given
     0000000A  G$tenth$0$0                        given
     0000000A  _tenth                             given
     0000000C  _vprintf_PARM_2                    vprintf
     0000000D  _bp                                _bp
     0000002E  __print_format_PARM_2              printf_large
     00000031  __print_format_PARM_3              printf_large
     00000034  __print_format_PARM_4              printf_large
ASxxxx Linker V03.00 + NoICE + sdld,  page 22.
Hexadecimal  [32-Bits]

Area                                    Addr        Size        Decimal Bytes (Attributes)
--------------------------------        ----        ----        ------- ----- ------------
OSEG                                0000000E    00000006 =           6. bytes (REL,OVR)

      Value  Global                              Global Defined In Module
      -----  --------------------------------   ------------------------
     0000000E  __modsint_PARM_2                   _moduint
     0000000E  __moduint_PARM_2                   _moduint

ASxxxx Linker V03.00 + NoICE + sdld,  page 23.
Hexadecimal  [32-Bits]

Area                                    Addr        Size        Decimal Bytes (Attributes)
--------------------------------        ----        ----        ------- ----- ------------
ISEG                                00000014    00000006 =           6. bytes (REL,CON)

      Value  Global                              Global Defined In Module
      -----  --------------------------------   ------------------------
ASxxxx Linker V03.00 + NoICE + sdld,  page 24.
Hexadecimal  [32-Bits]

Area                                    Addr        Size        Decimal Bytes (Attributes)
--------------------------------        ----        ----        ------- ----- ------------
SSEG                                0000003C    000000C4 =         196. bytes (REL,OVR)

      Value  Global                              Global Defined In Module
      -----  --------------------------------   ------------------------
     0000003C  __start__stack                     given

ASxxxx Linker V03.00 + NoICE + sdld,  page 25.
Hexadecimal  [32-Bits]

Area                                    Addr        Size        Decimal Bytes (Attributes)
--------------------------------        ----        ----        ------- ----- ------------
HOME                                00000000    00000011 =          17. bytes (REL,CON,CODE)

      Value  Global                              Global Defined In Module
      -----  --------------------------------   ------------------------
C:   00000000  A$given$1259                       given
C:   00000003  A$given$1260                       given
C:   0000000B  A$given$1262                       given
C:   0000000E  A$given$1296                       given
C:   0000000E  __sdcc_program_startup             given

ASxxxx Linker V03.00 + NoICE + sdld,  page 26.
Hexadecimal  [32-Bits]

Area                                    Addr        Size        Decimal Bytes (Attributes)
--------------------------------        ----        ----        ------- ----- ------------
GSINIT0                             00000011    00000003 =           3. bytes (REL,CON,CODE)

      Value  Global                              Global Defined In Module
      -----  --------------------------------   ------------------------
C:   00000011  __sdcc_gsinit_startup              

ASxxxx Linker V03.00 + NoICE + sdld,  page 27.
Hexadecimal  [32-Bits]

Area                                    Addr        Size        Decimal Bytes (Attributes)
--------------------------------        ----        ----        ------- ----- ------------
GSINIT2                             00000014    0000000A =          10. bytes (REL,CON,CODE)

      Value  Global                              Global Defined In Module
      -----  --------------------------------   ------------------------
ASxxxx Linker V03.00 + NoICE + sdld,  page 28.
Hexadecimal  [32-Bits]

Area                                    Addr        Size        Decimal Bytes (Attributes)
--------------------------------        ----        ----        ------- ----- ------------
GSINIT3                             0000001E    00000022 =          34. bytes (REL,CON,CODE)

      Value  Global                              Global Defined In Module
      -----  --------------------------------   ------------------------
C:   0000001E  __mcs51_genXINIT                   

ASxxxx Linker V03.00 + NoICE + sdld,  page 29.
Hexadecimal  [32-Bits]

Area                                    Addr        Size        Decimal Bytes (Attributes)
--------------------------------        ----        ----        ------- ----- ------------
GSINIT4                             00000040    0000002A =          42. bytes (REL,CON,CODE)

      Value  Global                              Global Defined In Module
      -----  --------------------------------   ------------------------
C:   00000040  __mcs51_genRAMCLEAR                
C:   00000046  __mcs51_genXRAMCLEAR               

ASxxxx Linker V03.00 + NoICE + sdld,  page 30.
Hexadecimal  [32-Bits]

Area                                    Addr        Size        Decimal Bytes (Attributes)
--------------------------------        ----        ----        ------- ----- ------------
GSINIT                              0000006A    0000000B =          11. bytes (REL,CON,CODE)

      Value  Global                              Global Defined In Module
      -----  --------------------------------   ------------------------
C:   0000006A  A$given$1278                       given
C:   0000006A  C$given.c$34$1$36                  given
C:   0000006B  A$given$1279                       given
C:   0000006D  A$given$1280                       given
C:   0000006F  A$given$1283                       given
C:   0000006F  C$given.c$35$1$36                  given
C:   00000071  A$given$1284                       given
C:   00000073  A$given$1287                       given
C:   00000073  C$given.c$36$1$36                  given
ASxxxx Linker V03.00 + NoICE + sdld,  page 31.
Hexadecimal  [32-Bits]

Area                                    Addr        Size        Decimal Bytes (Attributes)
--------------------------------        ----        ----        ------- ----- ------------
GSFINAL                             00000075    00000003 =           3. bytes (REL,CON,CODE)

      Value  Global                              Global Defined In Module
      -----  --------------------------------   ------------------------
C:   00000075  A$given$1289                       given

ASxxxx Linker V03.00 + NoICE + sdld,  page 32.
Hexadecimal  [32-Bits]

Area                                    Addr        Size        Decimal Bytes (Attributes)
--------------------------------        ----        ----        ------- ----- ------------
CSEG                                00000078    00000823 =        2083. bytes (REL,CON,CODE)

      Value  Global                              Global Defined In Module
      -----  --------------------------------   ------------------------
C:   00000078  A$given$1322                       given
C:   00000078  C$putget.h$18$0$0                  given
C:   00000078  G$putchar$0$0                      given
C:   00000078  _putchar                           given
C:   0000007A  A$given$1328                       given
C:   0000007A  C$putget.h$20$1$16                 given
C:   0000007A  C$putget.h$21$1$16                 given
C:   0000007D  A$given$1329                       given
C:   0000007F  A$given$1333                       given
C:   0000007F  C$putget.h$22$1$16                 given
C:   00000081  A$given$1336                       given
C:   00000081  C$putget.h$23$1$16                 given
C:   00000081  XG$putchar$0$0                     given
C:   00000082  A$given$1354                       given
C:   00000082  C$putget.h$28$1$16                 given
C:   00000082  C$putget.h$31$1$18                 given
C:   00000082  C$putget.h$32$1$18                 given
C:   00000082  G$getchar$0$0                      given
C:   00000082  _getchar                           given
C:   00000085  A$given$1355                       given
C:   00000087  A$given$1359                       given
C:   00000087  C$putget.h$33$1$18                 given
C:   00000089  A$given$1362                       given
C:   00000089  C$putget.h$36$1$18                 given
C:   0000008C  A$given$1365                       given
C:   0000008C  C$putget.h$37$1$18                 given
C:   0000008C  XG$getchar$0$0                     given
C:   0000008D  A$given$1378                       given
C:   0000008D  C$given.c$48$1$18                  given
C:   0000008D  C$given.c$51$1$25                  given
C:   0000008D  G$main$0$0                         given
C:   0000008D  _main                              given
C:   00000090  A$given$1381                       given
C:   00000090  C$given.c$52$1$25                  given
C:   00000093  A$given$1384                       given
C:   00000093  C$given.c$53$1$25                  given
C:   00000096  A$given$1387                       given
C:   00000096  C$given.c$54$1$25                  given
C:   00000099  A$given$1390                       given
C:   00000099  C$given.c$55$1$25                  given
C:   0000009C  A$given$1393                       given
C:   0000009C  C$given.c$57$1$25                  given
C:   0000009F  A$given$1396                       given
C:   0000009F  C$given.c$58$1$25                  given
C:   000000A1  A$given$1399                       given
C:   000000A1  C$given.c$60$1$25                  given
C:   000000A4  A$given$1402                       given
C:   000000A4  C$given.c$62$1$25                  given
C:   000000A6  A$given$1403                       given
C:   000000A8  A$given$1404                       given
ASxxxx Linker V03.00 + NoICE + sdld,  page 33.
Hexadecimal  [32-Bits]

Area                                    Addr        Size        Decimal Bytes (Attributes)
--------------------------------        ----        ----        ------- ----- ------------
CSEG                                00000078    00000823 =        2083. bytes (REL,CON,CODE)

      Value  Global                              Global Defined In Module
      -----  --------------------------------   ------------------------
C:   000000AA  A$given$1405                       given
C:   000000AC  A$given$1406                       given
C:   000000AE  A$given$1407                       given
C:   000000B0  A$given$1408                       given
C:   000000B3  A$given$1409                       given
C:   000000B5  A$given$1410                       given
C:   000000B7  A$given$1411                       given
C:   000000B9  A$given$1414                       given
C:   000000B9  C$given.c$63$1$25                  given
C:   000000BB  A$given$1415                       given
C:   000000BD  A$given$1416                       given
C:   000000BF  A$given$1417                       given
C:   000000C1  A$given$1418                       given
C:   000000C3  A$given$1419                       given
C:   000000C5  A$given$1420                       given
C:   000000C8  A$given$1421                       given
C:   000000CA  A$given$1422                       given
C:   000000CC  A$given$1423                       given
C:   000000CE  A$given$1426                       given
C:   000000CE  C$given.c$66$1$25                  given
C:   000000D1  A$given$1432                       given
C:   000000D1  C$given.c$67$1$25                  given
C:   000000D1  C$given.c$70$2$26                  given
C:   000000D3  A$given$1433                       given
C:   000000D6  A$given$1434                       given
C:   000000D7  A$given$1435                       given
C:   000000DA  A$given$1436                       given
C:   000000DC  A$given$1438                       given
C:   000000DE  A$given$1442                       given
C:   000000DE  C$given.c$73$3$27                  given
C:   000000DF  A$given$1443                       given
C:   000000E1  A$given$1444                       given
C:   000000E3  A$given$1447                       given
C:   000000E3  C$given.c$74$3$27                  given
C:   000000E5  A$given$1449                       given
C:   000000E8  A$given$1450                       given
C:   000000EA  A$given$1454                       given
C:   000000EA  C$given.c$75$3$27                  given
C:   000000EC  A$given$1458                       given
C:   000000EC  C$given.c$77$1$25                  given
C:   000000EF  A$given$1459                       given
C:   000000F2  A$given$1460                       given
C:   000000F5  A$given$1461                       given
C:   000000F8  A$given$1462                       given
C:   000000FB  A$given$1463                       given
C:   000000FD  A$given$1464                       given
C:   00000100  A$given$1465                       given
C:   00000102  A$given$1466                       given
C:   00000104  A$given$1467                       given
C:   00000107  A$given$1468                       given
C:   00000109  A$given$1469                       given
ASxxxx Linker V03.00 + NoICE + sdld,  page 34.
Hexadecimal  [32-Bits]

Area                                    Addr        Size        Decimal Bytes (Attributes)
--------------------------------        ----        ----        ------- ----- ------------
CSEG                                00000078    00000823 =        2083. bytes (REL,CON,CODE)

      Value  Global                              Global Defined In Module
      -----  --------------------------------   ------------------------
C:   0000010B  A$given$1470                       given
C:   0000010D  A$given$1471                       given
C:   0000010F  A$given$1472                       given
C:   00000111  A$given$1473                       given
C:   00000113  A$given$1474                       given
C:   00000115  A$given$1475                       given
C:   00000117  A$given$1476                       given
C:   0000011A  A$given$1477                       given
C:   0000011C  A$given$1478                       given
C:   0000011E  A$given$1479                       given
C:   00000120  A$given$1480                       given
C:   00000122  A$given$1481                       given
C:   00000124  A$given$1484                       given
C:   00000124  C$given.c$79$1$25                  given
C:   00000124  XG$main$0$0                        given
C:   00000125  A$given$1495                       given
C:   00000125  C$given.c$88$1$25                  given
C:   00000125  G$Timer0_ISR$0$0                   given
C:   00000125  _Timer0_ISR                        given
C:   00000127  A$given$1496                       given
C:   00000129  A$given$1499                       given
C:   00000129  C$given.c$91$1$30                  given
C:   0000012B  A$given$1500                       given
C:   0000012C  A$given$1501                       given
C:   0000012F  A$given$1502                       given
C:   00000131  A$given$1506                       given
C:   00000131  C$given.c$93$1$30                  given
C:   00000134  A$given$1509                       given
C:   00000134  C$given.c$94$1$30                  given
C:   00000137  A$given$1512                       given
C:   00000137  C$given.c$95$1$30                  given
C:   00000139  A$given$1513                       given
C:   0000013B  A$given$1514                       given
C:   0000013D  A$given$1517                       given
C:   0000013D  C$given.c$96$1$30                  given
C:   0000013D  XG$Timer0_ISR$0$0                  given
C:   0000013E  A$given$1536                       given
C:   0000013E  C$given.c$104$1$30                 given
C:   0000013E  C$given.c$108$1$32                 given
C:   0000013E  G$PORT_INIT$0$0                    given
C:   0000013E  _PORT_INIT                         given
C:   00000140  A$given$1539                       given
C:   00000140  C$given.c$110$1$32                 given
C:   00000143  A$given$1542                       given
C:   00000143  C$given.c$111$1$32                 given
C:   00000146  A$given$1545                       given
C:   00000146  C$given.c$112$1$32                 given
C:   00000149  A$given$1548                       given
C:   00000149  C$given.c$113$1$32                 given
C:   0000014B  A$given$1551                       given
C:   0000014B  C$given.c$115$1$32                 given
ASxxxx Linker V03.00 + NoICE + sdld,  page 35.
Hexadecimal  [32-Bits]

Area                                    Addr        Size        Decimal Bytes (Attributes)
--------------------------------        ----        ----        ------- ----- ------------
CSEG                                00000078    00000823 =        2083. bytes (REL,CON,CODE)

      Value  Global                              Global Defined In Module
      -----  --------------------------------   ------------------------
C:   0000014E  A$given$1554                       given
C:   0000014E  C$given.c$116$1$32                 given
C:   00000151  A$given$1557                       given
C:   00000151  C$given.c$117$1$32                 given
C:   00000154  A$given$1560                       given
C:   00000154  C$given.c$119$1$32                 given
C:   00000157  A$given$1563                       given
C:   00000157  C$given.c$122$1$32                 given
C:   0000015A  A$given$1566                       given
C:   0000015A  C$given.c$124$1$32                 given
C:   0000015C  A$given$1569                       given
C:   0000015C  C$given.c$125$1$32                 given
C:   0000015C  XG$PORT_INIT$0$0                   given
C:   0000015D  A$given$1585                       given
C:   0000015D  C$given.c$133$1$32                 given
C:   0000015D  C$given.c$139$1$34                 given
C:   0000015D  G$SYSCLK_INIT$0$0                  given
C:   0000015D  _SYSCLK_INIT                       given
C:   0000015F  A$given$1588                       given
C:   0000015F  C$given.c$141$1$34                 given
C:   00000162  A$given$1591                       given
C:   00000162  C$given.c$142$1$34                 given
C:   00000165  A$given$1594                       given
C:   00000165  C$given.c$143$1$34                 given
C:   00000167  A$given$1595                       given
C:   00000169  A$given$1597                       given
C:   0000016A  A$given$1598                       given
C:   0000016D  A$given$1599                       given
C:   0000016E  A$given$1601                       given
C:   0000016F  A$given$1602                       given
C:   00000170  A$given$1603                       given
C:   00000172  A$given$1607                       given
C:   00000172  C$given.c$144$1$34                 given
C:   00000174  A$given$1608                       given
C:   00000177  A$given$1611                       given
C:   00000177  C$given.c$145$1$34                 given
C:   0000017A  A$given$1614                       given
C:   0000017A  C$given.c$146$1$34                 given
C:   0000017D  A$given$1617                       given
C:   0000017D  C$given.c$148$1$34                 given
C:   00000180  A$given$1620                       given
C:   00000180  C$given.c$149$1$34                 given
C:   00000183  A$given$1623                       given
C:   00000183  C$given.c$150$1$34                 given
C:   00000186  A$given$1626                       given
C:   00000186  C$given.c$151$1$34                 given
C:   00000189  A$given$1629                       given
C:   00000189  C$given.c$152$1$34                 given
C:   0000018C  A$given$1632                       given
C:   0000018C  C$given.c$153$1$34                 given
C:   0000018F  A$given$1635                       given
ASxxxx Linker V03.00 + NoICE + sdld,  page 36.
Hexadecimal  [32-Bits]

Area                                    Addr        Size        Decimal Bytes (Attributes)
--------------------------------        ----        ----        ------- ----- ------------
CSEG                                00000078    00000823 =        2083. bytes (REL,CON,CODE)

      Value  Global                              Global Defined In Module
      -----  --------------------------------   ------------------------
C:   0000018F  C$given.c$154$1$34                 given
C:   00000192  A$given$1638                       given
C:   00000192  C$given.c$155$1$34                 given
C:   00000195  A$given$1641                       given
C:   00000195  C$given.c$156$1$34                 given
C:   00000198  A$given$1644                       given
C:   00000198  C$given.c$157$1$34                 given
C:   0000019A  A$given$1645                       given
C:   0000019C  A$given$1647                       given
C:   0000019D  A$given$1648                       given
C:   000001A0  A$given$1649                       given
C:   000001A1  A$given$1651                       given
C:   000001A2  A$given$1652                       given
C:   000001A3  A$given$1653                       given
C:   000001A5  A$given$1656                       given
C:   000001A5  C$given.c$158$1$34                 given
C:   000001A8  A$given$1660                       given
C:   000001A8  C$given.c$159$1$34                 given
C:   000001AA  A$given$1661                       given
C:   000001AD  A$given$1664                       given
C:   000001AD  C$given.c$160$1$34                 given
C:   000001B0  A$given$1667                       given
C:   000001B0  C$given.c$162$1$34                 given
C:   000001B2  A$given$1670                       given
C:   000001B2  C$given.c$166$1$34                 given
C:   000001B2  XG$SYSCLK_INIT$0$0                 given
C:   000001B3  A$given$1685                       given
C:   000001B3  C$given.c$173$1$34                 given
C:   000001B3  C$given.c$177$1$36                 given
C:   000001B3  G$UART0_INIT$0$0                   given
C:   000001B3  _UART0_INIT                        given
C:   000001B5  A$given$1688                       given
C:   000001B5  C$given.c$179$1$36                 given
C:   000001B8  A$given$1691                       given
C:   000001B8  C$given.c$180$1$36                 given
C:   000001BA  A$given$1692                       given
C:   000001BC  A$given$1693                       given
C:   000001BD  A$given$1694                       given
C:   000001BF  A$given$1697                       given
C:   000001BF  C$given.c$181$1$36                 given
C:   000001C2  A$given$1700                       given
C:   000001C2  C$given.c$182$1$36                 given
C:   000001C5  A$given$1703                       given
C:   000001C5  C$given.c$183$1$36                 given
C:   000001C8  A$given$1706                       given
C:   000001C8  C$given.c$184$1$36                 given
C:   000001CB  A$given$1709                       given
C:   000001CB  C$given.c$185$1$36                 given
C:   000001CD  A$given$1712                       given
C:   000001CD  C$given.c$186$1$36                 given
C:   000001D0  A$given$1715                       given
ASxxxx Linker V03.00 + NoICE + sdld,  page 37.
Hexadecimal  [32-Bits]

Area                                    Addr        Size        Decimal Bytes (Attributes)
--------------------------------        ----        ----        ------- ----- ------------
CSEG                                00000078    00000823 =        2083. bytes (REL,CON,CODE)

      Value  Global                              Global Defined In Module
      -----  --------------------------------   ------------------------
C:   000001D0  C$given.c$187$1$36                 given
C:   000001D2  A$given$1718                       given
C:   000001D2  C$given.c$188$1$36                 given
C:   000001D5  A$given$1721                       given
C:   000001D5  C$given.c$189$1$36                 given
C:   000001D8  A$given$1724                       given
C:   000001D8  C$given.c$190$1$36                 given
C:   000001DB  A$given$1727                       given
C:   000001DB  C$given.c$191$1$36                 given
C:   000001DD  A$given$1730                       given
C:   000001DD  C$given.c$193$1$36                 given
C:   000001DF  A$given$1733                       given
C:   000001DF  C$given.c$194$1$36                 given
C:   000001DF  XG$UART0_INIT$0$0                  given
C:   000001E0  __moduint                          _moduint
C:   00000238  _vprintf                           vprintf
C:   00000251  _printf                            vprintf
C:   00000323  __print_format                     printf_large
C:   0000082D  _strlen                            _strlen
C:   00000845  __gptrget                          _gptrget
C:   00000861  __modsint                          _modsint
C:   00000897  __sdcc_external_startup            _startup
ASxxxx Linker V03.00 + NoICE + sdld,  page 38.
Hexadecimal  [32-Bits]

Area                                    Addr        Size        Decimal Bytes (Attributes)
--------------------------------        ----        ----        ------- ----- ------------
CONST                               0000089B    00000052 =          82. bytes (REL,CON,CODE)

      Value  Global                              Global Defined In Module
      -----  --------------------------------   ------------------------
C:   0000089B  Fgiven$__str_0$0$0                 given
C:   000008A0  Fgiven$__str_1$0$0                 given
C:   000008BD  Fgiven$__str_2$0$0                 given
ASxxxx Linker V03.00 + NoICE + sdld,  page 39.

Files Linked                              [ module(s) ]

C:\Users\Christina\Documents\MPS\Versions\Lab_02\2.2-Silly Time\given.rel
                                          [  ]


Libraries Linked                          [ object file ]

C:\Program Files (x86)\SDCC\bin\..\lib\small/mcs51.lib
                                          [ crtclear.rel ]
C:\Program Files (x86)\SDCC\bin\..\lib\small/mcs51.lib
                                          [ crtxinit.rel ]
C:\Program Files (x86)\SDCC\bin\..\lib\small/libint.lib
                                          [ _moduint.rel ]
C:\Program Files (x86)\SDCC\bin\..\lib\small/mcs51.lib
                                          [ crtxclear.rel ]
C:\Program Files (x86)\SDCC\bin\..\lib\small/libsdcc.lib
                                          [ vprintf.rel ]
C:\Program Files (x86)\SDCC\bin\..\lib\small/libsdcc.lib
                                          [ printf_large.rel ]
C:\Program Files (x86)\SDCC\bin\..\lib\small/libsdcc.lib
                                          [ _strlen.rel ]
C:\Program Files (x86)\SDCC\bin\..\lib\small/mcs51.lib
                                          [ crtstart.rel ]
C:\Program Files (x86)\SDCC\bin\..\lib\small/libsdcc.lib
                                          [ _gptrget.rel ]
C:\Program Files (x86)\SDCC\bin\..\lib\small/libint.lib
                                          [ _modsint.rel ]
C:\Program Files (x86)\SDCC\bin\..\lib\small/libsdcc.lib
                                          [ _startup.rel ]
C:\Program Files (x86)\SDCC\bin\..\lib\small/libsdcc.lib
                                          [ _bp.rel ]

ASxxxx Linker V03.00 + NoICE + sdld,  page 40.

User Base Address Definitions

HOME = 0x0000
XSEG = 0x0001
PSEG = 0x0001
ISEG = 0x0000
BSEG = 0x0000

