ASxxxx Linker V03.00 + NoICE + sdld,  page 1.
Hexadecimal  [32-Bits]

Area                                    Addr        Size        Decimal Bytes (Attributes)
--------------------------------        ----        ----        ------- ----- ------------
CABS                                00000000    00000000 =           0. bytes (ABS,CON,CODE)

      Value  Global                              Global Defined In Module
      -----  --------------------------------   ------------------------
C:   00000000  l_BIT_BANK                      
C:   00000000  l_CABS                          
C:   00000000  l_GSINIT1                       
C:   00000000  l_GSINIT5                       
C:   00000000  l_IABS                          
C:   00000000  l_PSEG                          
C:   00000000  l_REG_BANK_1                    
C:   00000000  l_REG_BANK_2                    
C:   00000000  l_REG_BANK_3                    
C:   00000000  l_RSEG                          
C:   00000000  l_RSEG0                         
C:   00000000  l_RSEG1                         
C:   00000000  l_XABS                          
C:   00000000  l_XINIT                         
C:   00000000  l_XISEG                         
C:   00000000  l_XSEG                          
C:   00000000  l__CODE                         
C:   00000000  s_BSEG                          
C:   00000000  s_CABS                          
C:   00000000  s_DSEG                          
C:   00000000  s_HOME                          
C:   00000000  s_IABS                          
C:   00000000  s_REG_BANK_0                    
C:   00000000  s_RSEG                          
C:   00000000  s_RSEG0                         
C:   00000000  s_RSEG1                         
C:   00000000  s_XABS                          
C:   00000001  s_PSEG                          
C:   00000001  s_XISEG                         
C:   00000001  s_XSEG                          
C:   00000002  l_BSEG_BYTES                    
C:   00000003  l_GSFINAL                       
C:   00000003  l_GSINIT0                       
C:   00000006  l_ISEG                          
C:   00000006  l_OSEG                          
C:   00000008  l_REG_BANK_0                    
C:   00000008  s_REG_BANK_1                    
C:   0000000A  l_GSINIT2                       
C:   0000000B  l_BSEG                          
C:   00000010  s_REG_BANK_2                    
C:   00000011  l_HOME                          
C:   00000011  s_GSINIT0                       
C:   00000014  s_GSINIT1                       
C:   00000014  s_GSINIT2                       
C:   00000014  s_OSEG                          
C:   00000018  s_BIT_BANK                      
C:   00000018  s_REG_BANK_3                    
C:   00000019  l_GSINIT                        
C:   0000001A  s_ISEG                          
C:   0000001E  s_GSINIT3                       
ASxxxx Linker V03.00 + NoICE + sdld,  page 2.
Hexadecimal  [32-Bits]

Area                                    Addr        Size        Decimal Bytes (Attributes)
--------------------------------        ----        ----        ------- ----- ------------
CABS                                00000000    00000000 =           0. bytes (ABS,CON,CODE)

      Value  Global                              Global Defined In Module
      -----  --------------------------------   ------------------------
C:   00000020  s_BSEG_BYTES                    
C:   00000020  s__CODE                         
C:   00000022  l_GSINIT3                       
C:   0000002A  l_GSINIT4                       
C:   0000003C  s_SSEG                          
C:   00000040  s_GSINIT4                       
C:   0000006A  s_GSINIT                        
C:   0000006A  s_GSINIT5                       
C:   00000080  l_DSEG                          
C:   00000083  s_GSFINAL                       
C:   00000086  s_CSEG                          
C:   000000C4  l_SSEG                          
C:   00000100  l_IRAM                          
C:   00000116  l_CONST                         
C:   00000AE7  l_CSEG                          
C:   00000B6D  s_CONST                         
C:   00000C83  s_XINIT                         

ASxxxx Linker V03.00 + NoICE + sdld,  page 3.
Hexadecimal  [32-Bits]

Area                                    Addr        Size        Decimal Bytes (Attributes)
--------------------------------        ----        ----        ------- ----- ------------
.  .ABS.                            00000000    00000000 =           0. bytes (ABS,CON)

      Value  Global                              Global Defined In Module
      -----  --------------------------------   ------------------------
     00000000  .__.ABS.                           _bp
     00000080  G$P0$0$0                           Lab_2
     00000080  G$P0_0$0$0                         Lab_2
     00000080  _P0                                Lab_2
     00000080  _P0_0                              Lab_2
     00000081  G$P0_1$0$0                         Lab_2
     00000081  G$SP$0$0                           Lab_2
     00000081  _P0_1                              Lab_2
     00000081  _SP                                Lab_2
     00000082  G$DPL$0$0                          Lab_2
     00000082  G$P0_2$0$0                         Lab_2
     00000082  _DPL                               Lab_2
     00000082  _P0_2                              Lab_2
     00000083  G$DPH$0$0                          Lab_2
     00000083  G$P0_3$0$0                         Lab_2
     00000083  _DPH                               Lab_2
     00000083  _P0_3                              Lab_2
     00000084  G$P0_4$0$0                         Lab_2
     00000084  G$SFRPAGE$0$0                      Lab_2
     00000084  _P0_4                              Lab_2
     00000084  _SFRPAGE                           Lab_2
     00000085  G$P0_5$0$0                         Lab_2
     00000085  G$SFRNEXT$0$0                      Lab_2
     00000085  _P0_5                              Lab_2
     00000085  _SFRNEXT                           Lab_2
     00000086  G$P0_6$0$0                         Lab_2
     00000086  G$SFRLAST$0$0                      Lab_2
     00000086  _P0_6                              Lab_2
     00000086  _SFRLAST                           Lab_2
     00000087  G$P0_7$0$0                         Lab_2
     00000087  G$PCON$0$0                         Lab_2
     00000087  _P0_7                              Lab_2
     00000087  _PCON                              Lab_2
     00000088  G$CP0HYN0$0$0                      Lab_2
     00000088  G$CP1HYN0$0$0                      Lab_2
     00000088  G$CPT0CN$0$0                       Lab_2
     00000088  G$CPT1CN$0$0                       Lab_2
     00000088  G$FLHBUSY$0$0                      Lab_2
     00000088  G$FLSTAT$0$0                       Lab_2
     00000088  G$IT0$0$0                          Lab_2
     00000088  G$TCON$0$0                         Lab_2
     00000088  _CP0HYN0                           Lab_2
     00000088  _CP1HYN0                           Lab_2
     00000088  _CPT0CN                            Lab_2
     00000088  _CPT1CN                            Lab_2
     00000088  _FLHBUSY                           Lab_2
     00000088  _FLSTAT                            Lab_2
     00000088  _IT0                               Lab_2
     00000088  _TCON                              Lab_2
     00000089  G$CP0HYN1$0$0                      Lab_2
ASxxxx Linker V03.00 + NoICE + sdld,  page 4.
Hexadecimal  [32-Bits]

Area                                    Addr        Size        Decimal Bytes (Attributes)
--------------------------------        ----        ----        ------- ----- ------------
.  .ABS.                            00000000    00000000 =           0. bytes (ABS,CON)

      Value  Global                              Global Defined In Module
      -----  --------------------------------   ------------------------
     00000089  G$CP1HYN1$0$0                      Lab_2
     00000089  G$CPT0MD$0$0                       Lab_2
     00000089  G$CPT1MD$0$0                       Lab_2
     00000089  G$IE0$0$0                          Lab_2
     00000089  G$PLL0CN$0$0                       Lab_2
     00000089  G$TMOD$0$0                         Lab_2
     00000089  _CP0HYN1                           Lab_2
     00000089  _CP1HYN1                           Lab_2
     00000089  _CPT0MD                            Lab_2
     00000089  _CPT1MD                            Lab_2
     00000089  _IE0                               Lab_2
     00000089  _PLL0CN                            Lab_2
     00000089  _TMOD                              Lab_2
     0000008A  G$CP0HYP0$0$0                      Lab_2
     0000008A  G$CP1HYP0$0$0                      Lab_2
     0000008A  G$IT1$0$0                          Lab_2
     0000008A  G$OSCICN$0$0                       Lab_2
     0000008A  G$TL0$0$0                          Lab_2
     0000008A  _CP0HYP0                           Lab_2
     0000008A  _CP1HYP0                           Lab_2
     0000008A  _IT1                               Lab_2
     0000008A  _OSCICN                            Lab_2
     0000008A  _TL0                               Lab_2
     0000008B  G$CP0HYP1$0$0                      Lab_2
     0000008B  G$CP1HYP1$0$0                      Lab_2
     0000008B  G$IE1$0$0                          Lab_2
     0000008B  G$OSCICL$0$0                       Lab_2
     0000008B  G$TL1$0$0                          Lab_2
     0000008B  _CP0HYP1                           Lab_2
     0000008B  _CP1HYP1                           Lab_2
     0000008B  _IE1                               Lab_2
     0000008B  _OSCICL                            Lab_2
     0000008B  _TL1                               Lab_2
     0000008C  G$CP0FIF$0$0                       Lab_2
     0000008C  G$CP1FIF$0$0                       Lab_2
     0000008C  G$OSCXCN$0$0                       Lab_2
     0000008C  G$TH0$0$0                          Lab_2
     0000008C  G$TR0$0$0                          Lab_2
     0000008C  _CP0FIF                            Lab_2
     0000008C  _CP1FIF                            Lab_2
     0000008C  _OSCXCN                            Lab_2
     0000008C  _TH0                               Lab_2
     0000008C  _TR0                               Lab_2
     0000008D  G$CP0RIF$0$0                       Lab_2
     0000008D  G$CP1RIF$0$0                       Lab_2
     0000008D  G$PLL0DIV$0$0                      Lab_2
     0000008D  G$TF0$0$0                          Lab_2
     0000008D  G$TH1$0$0                          Lab_2
     0000008D  _CP0RIF                            Lab_2
     0000008D  _CP1RIF                            Lab_2
     0000008D  _PLL0DIV                           Lab_2
ASxxxx Linker V03.00 + NoICE + sdld,  page 5.
Hexadecimal  [32-Bits]

Area                                    Addr        Size        Decimal Bytes (Attributes)
--------------------------------        ----        ----        ------- ----- ------------
.  .ABS.                            00000000    00000000 =           0. bytes (ABS,CON)

      Value  Global                              Global Defined In Module
      -----  --------------------------------   ------------------------
     0000008D  _TF0                               Lab_2
     0000008D  _TH1                               Lab_2
     0000008E  G$CKCON$0$0                        Lab_2
     0000008E  G$CP0OUT$0$0                       Lab_2
     0000008E  G$CP1OUT$0$0                       Lab_2
     0000008E  G$PLL0MUL$0$0                      Lab_2
     0000008E  G$TR1$0$0                          Lab_2
     0000008E  _CKCON                             Lab_2
     0000008E  _CP0OUT                            Lab_2
     0000008E  _CP1OUT                            Lab_2
     0000008E  _PLL0MUL                           Lab_2
     0000008E  _TR1                               Lab_2
     0000008F  G$CP0EN$0$0                        Lab_2
     0000008F  G$CP1EN$0$0                        Lab_2
     0000008F  G$PLL0FLT$0$0                      Lab_2
     0000008F  G$PSCTL$0$0                        Lab_2
     0000008F  G$TF1$0$0                          Lab_2
     0000008F  _CP0EN                             Lab_2
     0000008F  _CP1EN                             Lab_2
     0000008F  _PLL0FLT                           Lab_2
     0000008F  _PSCTL                             Lab_2
     0000008F  _TF1                               Lab_2
     00000090  G$P1$0$0                           Lab_2
     00000090  G$P1_0$0$0                         Lab_2
     00000090  _P1                                Lab_2
     00000090  _P1_0                              Lab_2
     00000091  G$MAC0BL$0$0                       Lab_2
     00000091  G$P1_1$0$0                         Lab_2
     00000091  G$SSTA0$0$0                        Lab_2
     00000091  _MAC0BL                            Lab_2
     00000091  _P1_1                              Lab_2
     00000091  _SSTA0                             Lab_2
     00000092  G$MAC0BH$0$0                       Lab_2
     00000092  G$P1_2$0$0                         Lab_2
     00000092  _MAC0BH                            Lab_2
     00000092  _P1_2                              Lab_2
     00000093  G$MAC0ACC0$0$0                     Lab_2
     00000093  G$P1_3$0$0                         Lab_2
     00000093  _MAC0ACC0                          Lab_2
     00000093  _P1_3                              Lab_2
     00000094  G$MAC0ACC1$0$0                     Lab_2
     00000094  G$P1_4$0$0                         Lab_2
     00000094  _MAC0ACC1                          Lab_2
     00000094  _P1_4                              Lab_2
     00000095  G$MAC0ACC2$0$0                     Lab_2
     00000095  G$P1_5$0$0                         Lab_2
     00000095  _MAC0ACC2                          Lab_2
     00000095  _P1_5                              Lab_2
     00000096  G$MAC0ACC3$0$0                     Lab_2
     00000096  G$P1_6$0$0                         Lab_2
     00000096  G$SFRPGCN$0$0                      Lab_2
ASxxxx Linker V03.00 + NoICE + sdld,  page 6.
Hexadecimal  [32-Bits]

Area                                    Addr        Size        Decimal Bytes (Attributes)
--------------------------------        ----        ----        ------- ----- ------------
.  .ABS.                            00000000    00000000 =           0. bytes (ABS,CON)

      Value  Global                              Global Defined In Module
      -----  --------------------------------   ------------------------
     00000096  _MAC0ACC3                          Lab_2
     00000096  _P1_6                              Lab_2
     00000096  _SFRPGCN                           Lab_2
     00000097  G$CLKSEL$0$0                       Lab_2
     00000097  G$MAC0OVR$0$0                      Lab_2
     00000097  G$P1_7$0$0                         Lab_2
     00000097  _CLKSEL                            Lab_2
     00000097  _MAC0OVR                           Lab_2
     00000097  _P1_7                              Lab_2
     00000098  G$RI$0$0                           Lab_2
     00000098  G$RI0$0$0                          Lab_2
     00000098  G$RI1$0$0                          Lab_2
     00000098  G$SCON$0$0                         Lab_2
     00000098  G$SCON0$0$0                        Lab_2
     00000098  G$SCON1$0$0                        Lab_2
     00000098  _RI                                Lab_2
     00000098  _RI0                               Lab_2
     00000098  _RI1                               Lab_2
     00000098  _SCON                              Lab_2
     00000098  _SCON0                             Lab_2
     00000098  _SCON1                             Lab_2
     00000099  G$SBUF$0$0                         Lab_2
     00000099  G$SBUF0$0$0                        Lab_2
     00000099  G$SBUF1$0$0                        Lab_2
     00000099  G$TI$0$0                           Lab_2
     00000099  G$TI0$0$0                          Lab_2
     00000099  G$TI1$0$0                          Lab_2
     00000099  _SBUF                              Lab_2
     00000099  _SBUF0                             Lab_2
     00000099  _SBUF1                             Lab_2
     00000099  _TI                                Lab_2
     00000099  _TI0                               Lab_2
     00000099  _TI1                               Lab_2
     0000009A  G$CCH0MA$0$0                       Lab_2
     0000009A  G$RB80$0$0                         Lab_2
     0000009A  G$RB81$0$0                         Lab_2
     0000009A  G$SPI0CFG$0$0                      Lab_2
     0000009A  _CCH0MA                            Lab_2
     0000009A  _RB80                              Lab_2
     0000009A  _RB81                              Lab_2
     0000009A  _SPI0CFG                           Lab_2
     0000009B  G$SPI0DAT$0$0                      Lab_2
     0000009B  G$TB80$0$0                         Lab_2
     0000009B  G$TB81$0$0                         Lab_2
     0000009B  _SPI0DAT                           Lab_2
     0000009B  _TB80                              Lab_2
     0000009B  _TB81                              Lab_2
     0000009C  G$P4MDOUT$0$0                      Lab_2
     0000009C  G$REN$0$0                          Lab_2
     0000009C  G$REN0$0$0                         Lab_2
     0000009C  G$REN1$0$0                         Lab_2
ASxxxx Linker V03.00 + NoICE + sdld,  page 7.
Hexadecimal  [32-Bits]

Area                                    Addr        Size        Decimal Bytes (Attributes)
--------------------------------        ----        ----        ------- ----- ------------
.  .ABS.                            00000000    00000000 =           0. bytes (ABS,CON)

      Value  Global                              Global Defined In Module
      -----  --------------------------------   ------------------------
     0000009C  _P4MDOUT                           Lab_2
     0000009C  _REN                               Lab_2
     0000009C  _REN0                              Lab_2
     0000009C  _REN1                              Lab_2
     0000009D  G$MCE1$0$0                         Lab_2
     0000009D  G$P5MDOUT$0$0                      Lab_2
     0000009D  G$SM20$0$0                         Lab_2
     0000009D  G$SPI0CKR$0$0                      Lab_2
     0000009D  _MCE1                              Lab_2
     0000009D  _P5MDOUT                           Lab_2
     0000009D  _SM20                              Lab_2
     0000009D  _SPI0CKR                           Lab_2
     0000009E  G$P6MDOUT$0$0                      Lab_2
     0000009E  G$SM10$0$0                         Lab_2
     0000009E  _P6MDOUT                           Lab_2
     0000009E  _SM10                              Lab_2
     0000009F  G$P7MDOUT$0$0                      Lab_2
     0000009F  G$S1MODE$0$0                       Lab_2
     0000009F  G$SM00$0$0                         Lab_2
     0000009F  _P7MDOUT                           Lab_2
     0000009F  _S1MODE                            Lab_2
     0000009F  _SM00                              Lab_2
     000000A0  G$P2$0$0                           Lab_2
     000000A0  G$P2_0$0$0                         Lab_2
     000000A0  _P2                                Lab_2
     000000A0  _P2_0                              Lab_2
     000000A1  G$CCH0CN$0$0                       Lab_2
     000000A1  G$EMI0TC$0$0                       Lab_2
     000000A1  G$P2_1$0$0                         Lab_2
     000000A1  _CCH0CN                            Lab_2
     000000A1  _EMI0TC                            Lab_2
     000000A1  _P2_1                              Lab_2
     000000A2  G$CCH0TN$0$0                       Lab_2
     000000A2  G$EMI0CN$0$0                       Lab_2
     000000A2  G$P2_2$0$0                         Lab_2
     000000A2  G$_XPAGE$0$0                       Lab_2
     000000A2  _CCH0TN                            Lab_2
     000000A2  _EMI0CN                            Lab_2
     000000A2  _P2_2                              Lab_2
     000000A2  __XPAGE                            Lab_2
     000000A3  G$CCH0LC$0$0                       Lab_2
     000000A3  G$EMI0CF$0$0                       Lab_2
     000000A3  G$P2_3$0$0                         Lab_2
     000000A3  _CCH0LC                            Lab_2
     000000A3  _EMI0CF                            Lab_2
     000000A3  _P2_3                              Lab_2
     000000A4  G$P0MDOUT$0$0                      Lab_2
     000000A4  G$P2_4$0$0                         Lab_2
     000000A4  _P0MDOUT                           Lab_2
     000000A4  _P2_4                              Lab_2
     000000A5  G$P1MDOUT$0$0                      Lab_2
ASxxxx Linker V03.00 + NoICE + sdld,  page 8.
Hexadecimal  [32-Bits]

Area                                    Addr        Size        Decimal Bytes (Attributes)
--------------------------------        ----        ----        ------- ----- ------------
.  .ABS.                            00000000    00000000 =           0. bytes (ABS,CON)

      Value  Global                              Global Defined In Module
      -----  --------------------------------   ------------------------
     000000A5  G$P2_5$0$0                         Lab_2
     000000A5  _P1MDOUT                           Lab_2
     000000A5  _P2_5                              Lab_2
     000000A6  G$P2MDOUT$0$0                      Lab_2
     000000A6  G$P2_6$0$0                         Lab_2
     000000A6  _P2MDOUT                           Lab_2
     000000A6  _P2_6                              Lab_2
     000000A7  G$P2_7$0$0                         Lab_2
     000000A7  G$P3MDOUT$0$0                      Lab_2
     000000A7  _P2_7                              Lab_2
     000000A7  _P3MDOUT                           Lab_2
     000000A8  G$EX0$0$0                          Lab_2
     000000A8  G$IE$0$0                           Lab_2
     000000A8  _EX0                               Lab_2
     000000A8  _IE                                Lab_2
     000000A9  G$ET0$0$0                          Lab_2
     000000A9  G$SADDR0$0$0                       Lab_2
     000000A9  _ET0                               Lab_2
     000000A9  _SADDR0                            Lab_2
     000000AA  G$EX1$0$0                          Lab_2
     000000AA  _EX1                               Lab_2
     000000AB  G$ET1$0$0                          Lab_2
     000000AB  _ET1                               Lab_2
     000000AC  G$ES$0$0                           Lab_2
     000000AC  G$ES0$0$0                          Lab_2
     000000AC  _ES                                Lab_2
     000000AC  _ES0                               Lab_2
     000000AD  G$ET2$0$0                          Lab_2
     000000AD  G$P1MDIN$0$0                       Lab_2
     000000AD  _ET2                               Lab_2
     000000AD  _P1MDIN                            Lab_2
     000000AF  G$EA$0$0                           Lab_2
     000000AF  _EA                                Lab_2
     000000B0  G$P3$0$0                           Lab_2
     000000B0  G$P3_0$0$0                         Lab_2
     000000B0  _P3                                Lab_2
     000000B0  _P3_0                              Lab_2
     000000B1  G$P3_1$0$0                         Lab_2
     000000B1  G$PSBANK$0$0                       Lab_2
     000000B1  _P3_1                              Lab_2
     000000B1  _PSBANK                            Lab_2
     000000B2  G$P3_2$0$0                         Lab_2
     000000B2  _P3_2                              Lab_2
     000000B3  G$P3_3$0$0                         Lab_2
     000000B3  _P3_3                              Lab_2
     000000B4  G$P3_4$0$0                         Lab_2
     000000B4  _P3_4                              Lab_2
     000000B5  G$P3_5$0$0                         Lab_2
     000000B5  _P3_5                              Lab_2
     000000B6  G$P3_6$0$0                         Lab_2
     000000B6  _P3_6                              Lab_2
ASxxxx Linker V03.00 + NoICE + sdld,  page 9.
Hexadecimal  [32-Bits]

Area                                    Addr        Size        Decimal Bytes (Attributes)
--------------------------------        ----        ----        ------- ----- ------------
.  .ABS.                            00000000    00000000 =           0. bytes (ABS,CON)

      Value  Global                              Global Defined In Module
      -----  --------------------------------   ------------------------
     000000B7  G$FLACL$0$0                        Lab_2
     000000B7  G$FLSCL$0$0                        Lab_2
     000000B7  G$P3_7$0$0                         Lab_2
     000000B7  _FLACL                             Lab_2
     000000B7  _FLSCL                             Lab_2
     000000B7  _P3_7                              Lab_2
     000000B8  G$IP$0$0                           Lab_2
     000000B8  G$PX0$0$0                          Lab_2
     000000B8  _IP                                Lab_2
     000000B8  _PX0                               Lab_2
     000000B9  G$PT0$0$0                          Lab_2
     000000B9  G$SADEN0$0$0                       Lab_2
     000000B9  _PT0                               Lab_2
     000000B9  _SADEN0                            Lab_2
     000000BA  G$AMX0CF$0$0                       Lab_2
     000000BA  G$AMX2CF$0$0                       Lab_2
     000000BA  G$PX1$0$0                          Lab_2
     000000BA  _AMX0CF                            Lab_2
     000000BA  _AMX2CF                            Lab_2
     000000BA  _PX1                               Lab_2
     000000BB  G$AMX0SL$0$0                       Lab_2
     000000BB  G$AMX2SL$0$0                       Lab_2
     000000BB  G$PT1$0$0                          Lab_2
     000000BB  _AMX0SL                            Lab_2
     000000BB  _AMX2SL                            Lab_2
     000000BB  _PT1                               Lab_2
     000000BC  G$ADC0CF$0$0                       Lab_2
     000000BC  G$ADC2CF$0$0                       Lab_2
     000000BC  G$PS$0$0                           Lab_2
     000000BC  G$PS0$0$0                          Lab_2
     000000BC  _ADC0CF                            Lab_2
     000000BC  _ADC2CF                            Lab_2
     000000BC  _PS                                Lab_2
     000000BC  _PS0                               Lab_2
     000000BD  G$PT2$0$0                          Lab_2
     000000BD  _PT2                               Lab_2
     000000BE  G$ADC0L$0$0                        Lab_2
     000000BE  G$ADC2$0$0                         Lab_2
     000000BE  _ADC0L                             Lab_2
     000000BE  _ADC2                              Lab_2
     000000BF  G$ADC0H$0$0                        Lab_2
     000000BF  _ADC0H                             Lab_2
     000000C0  G$MAC0N$0$0                        Lab_2
     000000C0  G$MAC0STA$0$0                      Lab_2
     000000C0  G$SMB0CN$0$0                       Lab_2
     000000C0  G$SMBTOE$0$0                       Lab_2
     000000C0  _MAC0N                             Lab_2
     000000C0  _MAC0STA                           Lab_2
     000000C0  _SMB0CN                            Lab_2
     000000C0  _SMBTOE                            Lab_2
     000000C1  G$MAC0AL$0$0                       Lab_2
ASxxxx Linker V03.00 + NoICE + sdld,  page 10.
Hexadecimal  [32-Bits]

Area                                    Addr        Size        Decimal Bytes (Attributes)
--------------------------------        ----        ----        ------- ----- ------------
.  .ABS.                            00000000    00000000 =           0. bytes (ABS,CON)

      Value  Global                              Global Defined In Module
      -----  --------------------------------   ------------------------
     000000C1  G$MAC0SO$0$0                       Lab_2
     000000C1  G$SMB0STA$0$0                      Lab_2
     000000C1  G$SMBFTE$0$0                       Lab_2
     000000C1  _MAC0AL                            Lab_2
     000000C1  _MAC0SO                            Lab_2
     000000C1  _SMB0STA                           Lab_2
     000000C1  _SMBFTE                            Lab_2
     000000C2  G$AA$0$0                           Lab_2
     000000C2  G$MAC0AH$0$0                       Lab_2
     000000C2  G$MAC0Z$0$0                        Lab_2
     000000C2  G$SMB0DAT$0$0                      Lab_2
     000000C2  _AA                                Lab_2
     000000C2  _MAC0AH                            Lab_2
     000000C2  _MAC0Z                             Lab_2
     000000C2  _SMB0DAT                           Lab_2
     000000C3  G$MAC0CF$0$0                       Lab_2
     000000C3  G$MAC0HO$0$0                       Lab_2
     000000C3  G$SI$0$0                           Lab_2
     000000C3  G$SMB0ADR$0$0                      Lab_2
     000000C3  _MAC0CF                            Lab_2
     000000C3  _MAC0HO                            Lab_2
     000000C3  _SI                                Lab_2
     000000C3  _SMB0ADR                           Lab_2
     000000C4  G$ADC0GTL$0$0                      Lab_2
     000000C4  G$ADC2GT$0$0                       Lab_2
     000000C4  G$STO$0$0                          Lab_2
     000000C4  _ADC0GTL                           Lab_2
     000000C4  _ADC2GT                            Lab_2
     000000C4  _STO                               Lab_2
     000000C5  G$ADC0GTH$0$0                      Lab_2
     000000C5  G$STA$0$0                          Lab_2
     000000C5  _ADC0GTH                           Lab_2
     000000C5  _STA                               Lab_2
     000000C6  G$ADC0LTL$0$0                      Lab_2
     000000C6  G$ADC2LT$0$0                       Lab_2
     000000C6  G$ENSMB$0$0                        Lab_2
     000000C6  _ADC0LTL                           Lab_2
     000000C6  _ADC2LT                            Lab_2
     000000C6  _ENSMB                             Lab_2
     000000C7  G$ADC0LTH$0$0                      Lab_2
     000000C7  G$BUSY$0$0                         Lab_2
     000000C7  _ADC0LTH                           Lab_2
     000000C7  _BUSY                              Lab_2
     000000C8  G$CPRL2$0$0                        Lab_2
     000000C8  G$CPRL3$0$0                        Lab_2
     000000C8  G$CPRL4$0$0                        Lab_2
     000000C8  G$P4$0$0                           Lab_2
     000000C8  G$P4_0$0$0                         Lab_2
     000000C8  G$TMR2CN$0$0                       Lab_2
     000000C8  G$TMR3CN$0$0                       Lab_2
     000000C8  G$TMR4CN$0$0                       Lab_2
ASxxxx Linker V03.00 + NoICE + sdld,  page 11.
Hexadecimal  [32-Bits]

Area                                    Addr        Size        Decimal Bytes (Attributes)
--------------------------------        ----        ----        ------- ----- ------------
.  .ABS.                            00000000    00000000 =           0. bytes (ABS,CON)

      Value  Global                              Global Defined In Module
      -----  --------------------------------   ------------------------
     000000C8  _CPRL2                             Lab_2
     000000C8  _CPRL3                             Lab_2
     000000C8  _CPRL4                             Lab_2
     000000C8  _P4                                Lab_2
     000000C8  _P4_0                              Lab_2
     000000C8  _TMR2CN                            Lab_2
     000000C8  _TMR3CN                            Lab_2
     000000C8  _TMR4CN                            Lab_2
     000000C9  G$CT2$0$0                          Lab_2
     000000C9  G$CT3$0$0                          Lab_2
     000000C9  G$CT4$0$0                          Lab_2
     000000C9  G$P4_1$0$0                         Lab_2
     000000C9  G$TMR2CF$0$0                       Lab_2
     000000C9  G$TMR3CF$0$0                       Lab_2
     000000C9  G$TMR4CF$0$0                       Lab_2
     000000C9  _CT2                               Lab_2
     000000C9  _CT3                               Lab_2
     000000C9  _CT4                               Lab_2
     000000C9  _P4_1                              Lab_2
     000000C9  _TMR2CF                            Lab_2
     000000C9  _TMR3CF                            Lab_2
     000000C9  _TMR4CF                            Lab_2
     000000CA  G$P4_2$0$0                         Lab_2
     000000CA  G$RCAP2L$0$0                       Lab_2
     000000CA  G$RCAP3L$0$0                       Lab_2
     000000CA  G$RCAP4L$0$0                       Lab_2
     000000CA  G$TR2$0$0                          Lab_2
     000000CA  G$TR3$0$0                          Lab_2
     000000CA  G$TR4$0$0                          Lab_2
     000000CA  _P4_2                              Lab_2
     000000CA  _RCAP2L                            Lab_2
     000000CA  _RCAP3L                            Lab_2
     000000CA  _RCAP4L                            Lab_2
     000000CA  _TR2                               Lab_2
     000000CA  _TR3                               Lab_2
     000000CA  _TR4                               Lab_2
     000000CB  G$EXEN2$0$0                        Lab_2
     000000CB  G$EXEN3$0$0                        Lab_2
     000000CB  G$EXEN4$0$0                        Lab_2
     000000CB  G$P4_3$0$0                         Lab_2
     000000CB  G$RCAP2H$0$0                       Lab_2
     000000CB  G$RCAP3H$0$0                       Lab_2
     000000CB  G$RCAP4H$0$0                       Lab_2
     000000CB  _EXEN2                             Lab_2
     000000CB  _EXEN3                             Lab_2
     000000CB  _EXEN4                             Lab_2
     000000CB  _P4_3                              Lab_2
     000000CB  _RCAP2H                            Lab_2
     000000CB  _RCAP3H                            Lab_2
     000000CB  _RCAP4H                            Lab_2
     000000CC  G$P4_4$0$0                         Lab_2
ASxxxx Linker V03.00 + NoICE + sdld,  page 12.
Hexadecimal  [32-Bits]

Area                                    Addr        Size        Decimal Bytes (Attributes)
--------------------------------        ----        ----        ------- ----- ------------
.  .ABS.                            00000000    00000000 =           0. bytes (ABS,CON)

      Value  Global                              Global Defined In Module
      -----  --------------------------------   ------------------------
     000000CC  G$TL2$0$0                          Lab_2
     000000CC  G$TMR2L$0$0                        Lab_2
     000000CC  G$TMR3L$0$0                        Lab_2
     000000CC  G$TMR4L$0$0                        Lab_2
     000000CC  _P4_4                              Lab_2
     000000CC  _TL2                               Lab_2
     000000CC  _TMR2L                             Lab_2
     000000CC  _TMR3L                             Lab_2
     000000CC  _TMR4L                             Lab_2
     000000CD  G$P4_5$0$0                         Lab_2
     000000CD  G$TH2$0$0                          Lab_2
     000000CD  G$TMR2H$0$0                        Lab_2
     000000CD  G$TMR3H$0$0                        Lab_2
     000000CD  G$TMR4H$0$0                        Lab_2
     000000CD  _P4_5                              Lab_2
     000000CD  _TH2                               Lab_2
     000000CD  _TMR2H                             Lab_2
     000000CD  _TMR3H                             Lab_2
     000000CD  _TMR4H                             Lab_2
     000000CE  G$EXF2$0$0                         Lab_2
     000000CE  G$EXF3$0$0                         Lab_2
     000000CE  G$EXF4$0$0                         Lab_2
     000000CE  G$MAC0RNDL$0$0                     Lab_2
     000000CE  G$P4_6$0$0                         Lab_2
     000000CE  _EXF2                              Lab_2
     000000CE  _EXF3                              Lab_2
     000000CE  _EXF4                              Lab_2
     000000CE  _MAC0RNDL                          Lab_2
     000000CE  _P4_6                              Lab_2
     000000CF  G$MAC0RNDH$0$0                     Lab_2
     000000CF  G$P4_7$0$0                         Lab_2
     000000CF  G$SMB0CR$0$0                       Lab_2
     000000CF  G$TF2$0$0                          Lab_2
     000000CF  G$TF3$0$0                          Lab_2
     000000CF  G$TF4$0$0                          Lab_2
     000000CF  _MAC0RNDH                          Lab_2
     000000CF  _P4_7                              Lab_2
     000000CF  _SMB0CR                            Lab_2
     000000CF  _TF2                               Lab_2
     000000CF  _TF3                               Lab_2
     000000CF  _TF4                               Lab_2
     000000D0  G$P$0$0                            Lab_2
     000000D0  G$PSW$0$0                          Lab_2
     000000D0  _P                                 Lab_2
     000000D0  _PSW                               Lab_2
     000000D1  G$F1$0$0                           Lab_2
     000000D1  G$REF0CN$0$0                       Lab_2
     000000D1  _F1                                Lab_2
     000000D1  _REF0CN                            Lab_2
     000000D2  G$DAC0L$0$0                        Lab_2
     000000D2  G$DAC1L$0$0                        Lab_2
ASxxxx Linker V03.00 + NoICE + sdld,  page 13.
Hexadecimal  [32-Bits]

Area                                    Addr        Size        Decimal Bytes (Attributes)
--------------------------------        ----        ----        ------- ----- ------------
.  .ABS.                            00000000    00000000 =           0. bytes (ABS,CON)

      Value  Global                              Global Defined In Module
      -----  --------------------------------   ------------------------
     000000D2  G$OV$0$0                           Lab_2
     000000D2  _DAC0L                             Lab_2
     000000D2  _DAC1L                             Lab_2
     000000D2  _OV                                Lab_2
     000000D3  G$DAC0H$0$0                        Lab_2
     000000D3  G$DAC1H$0$0                        Lab_2
     000000D3  G$RS0$0$0                          Lab_2
     000000D3  _DAC0H                             Lab_2
     000000D3  _DAC1H                             Lab_2
     000000D3  _RS0                               Lab_2
     000000D4  G$DAC0CN$0$0                       Lab_2
     000000D4  G$DAC1CN$0$0                       Lab_2
     000000D4  G$RS1$0$0                          Lab_2
     000000D4  _DAC0CN                            Lab_2
     000000D4  _DAC1CN                            Lab_2
     000000D4  _RS1                               Lab_2
     000000D5  G$F0$0$0                           Lab_2
     000000D5  _F0                                Lab_2
     000000D6  G$AC$0$0                           Lab_2
     000000D6  _AC                                Lab_2
     000000D7  G$CY$0$0                           Lab_2
     000000D7  _CY                                Lab_2
     000000D8  G$CCF0$0$0                         Lab_2
     000000D8  G$P5$0$0                           Lab_2
     000000D8  G$P5_0$0$0                         Lab_2
     000000D8  G$PCA0CN$0$0                       Lab_2
     000000D8  _CCF0                              Lab_2
     000000D8  _P5                                Lab_2
     000000D8  _P5_0                              Lab_2
     000000D8  _PCA0CN                            Lab_2
     000000D9  G$CCF1$0$0                         Lab_2
     000000D9  G$P5_1$0$0                         Lab_2
     000000D9  G$PCA0MD$0$0                       Lab_2
     000000D9  _CCF1                              Lab_2
     000000D9  _P5_1                              Lab_2
     000000D9  _PCA0MD                            Lab_2
     000000DA  G$CCF2$0$0                         Lab_2
     000000DA  G$P5_2$0$0                         Lab_2
     000000DA  G$PCA0CPM0$0$0                     Lab_2
     000000DA  _CCF2                              Lab_2
     000000DA  _P5_2                              Lab_2
     000000DA  _PCA0CPM0                          Lab_2
     000000DB  G$CCF3$0$0                         Lab_2
     000000DB  G$P5_3$0$0                         Lab_2
     000000DB  G$PCA0CPM1$0$0                     Lab_2
     000000DB  _CCF3                              Lab_2
     000000DB  _P5_3                              Lab_2
     000000DB  _PCA0CPM1                          Lab_2
     000000DC  G$CCF4$0$0                         Lab_2
     000000DC  G$P5_4$0$0                         Lab_2
     000000DC  G$PCA0CPM2$0$0                     Lab_2
ASxxxx Linker V03.00 + NoICE + sdld,  page 14.
Hexadecimal  [32-Bits]

Area                                    Addr        Size        Decimal Bytes (Attributes)
--------------------------------        ----        ----        ------- ----- ------------
.  .ABS.                            00000000    00000000 =           0. bytes (ABS,CON)

      Value  Global                              Global Defined In Module
      -----  --------------------------------   ------------------------
     000000DC  _CCF4                              Lab_2
     000000DC  _P5_4                              Lab_2
     000000DC  _PCA0CPM2                          Lab_2
     000000DD  G$CCF5$0$0                         Lab_2
     000000DD  G$P5_5$0$0                         Lab_2
     000000DD  G$PCA0CPM3$0$0                     Lab_2
     000000DD  _CCF5                              Lab_2
     000000DD  _P5_5                              Lab_2
     000000DD  _PCA0CPM3                          Lab_2
     000000DE  G$CR$0$0                           Lab_2
     000000DE  G$P5_6$0$0                         Lab_2
     000000DE  G$PCA0CPM4$0$0                     Lab_2
     000000DE  _CR                                Lab_2
     000000DE  _P5_6                              Lab_2
     000000DE  _PCA0CPM4                          Lab_2
     000000DF  G$CF$0$0                           Lab_2
     000000DF  G$P5_7$0$0                         Lab_2
     000000DF  G$PCA0CPM5$0$0                     Lab_2
     000000DF  _CF                                Lab_2
     000000DF  _P5_7                              Lab_2
     000000DF  _PCA0CPM5                          Lab_2
     000000E0  G$ACC$0$0                          Lab_2
     000000E0  _ACC                               Lab_2
     000000E1  G$PCA0CPL5$0$0                     Lab_2
     000000E1  G$XBR0$0$0                         Lab_2
     000000E1  _PCA0CPL5                          Lab_2
     000000E1  _XBR0                              Lab_2
     000000E2  G$PCA0CPH5$0$0                     Lab_2
     000000E2  G$XBR1$0$0                         Lab_2
     000000E2  _PCA0CPH5                          Lab_2
     000000E2  _XBR1                              Lab_2
     000000E3  G$XBR2$0$0                         Lab_2
     000000E3  _XBR2                              Lab_2
     000000E6  G$EIE1$0$0                         Lab_2
     000000E6  _EIE1                              Lab_2
     000000E7  G$EIE2$0$0                         Lab_2
     000000E7  _EIE2                              Lab_2
     000000E8  G$AD0LJST$0$0                      Lab_2
     000000E8  G$AD2WINT$0$0                      Lab_2
     000000E8  G$ADC0CN$0$0                       Lab_2
     000000E8  G$ADC2CN$0$0                       Lab_2
     000000E8  G$P6$0$0                           Lab_2
     000000E8  G$P6_0$0$0                         Lab_2
     000000E8  _AD0LJST                           Lab_2
     000000E8  _AD2WINT                           Lab_2
     000000E8  _ADC0CN                            Lab_2
     000000E8  _ADC2CN                            Lab_2
     000000E8  _P6                                Lab_2
     000000E8  _P6_0                              Lab_2
     000000E9  G$AD0WINT$0$0                      Lab_2
     000000E9  G$AD2CM0$0$0                       Lab_2
ASxxxx Linker V03.00 + NoICE + sdld,  page 15.
Hexadecimal  [32-Bits]

Area                                    Addr        Size        Decimal Bytes (Attributes)
--------------------------------        ----        ----        ------- ----- ------------
.  .ABS.                            00000000    00000000 =           0. bytes (ABS,CON)

      Value  Global                              Global Defined In Module
      -----  --------------------------------   ------------------------
     000000E9  G$P6_1$0$0                         Lab_2
     000000E9  G$PCA0CPL2$0$0                     Lab_2
     000000E9  _AD0WINT                           Lab_2
     000000E9  _AD2CM0                            Lab_2
     000000E9  _P6_1                              Lab_2
     000000E9  _PCA0CPL2                          Lab_2
     000000EA  G$AD0CM0$0$0                       Lab_2
     000000EA  G$AD2CM1$0$0                       Lab_2
     000000EA  G$P6_2$0$0                         Lab_2
     000000EA  G$PCA0CPH2$0$0                     Lab_2
     000000EA  _AD0CM0                            Lab_2
     000000EA  _AD2CM1                            Lab_2
     000000EA  _P6_2                              Lab_2
     000000EA  _PCA0CPH2                          Lab_2
     000000EB  G$AD0CM1$0$0                       Lab_2
     000000EB  G$AD2CM2$0$0                       Lab_2
     000000EB  G$P6_3$0$0                         Lab_2
     000000EB  G$PCA0CPL3$0$0                     Lab_2
     000000EB  _AD0CM1                            Lab_2
     000000EB  _AD2CM2                            Lab_2
     000000EB  _P6_3                              Lab_2
     000000EB  _PCA0CPL3                          Lab_2
     000000EC  G$AD0BUSY$0$0                      Lab_2
     000000EC  G$AD2BUSY$0$0                      Lab_2
     000000EC  G$P6_4$0$0                         Lab_2
     000000EC  G$PCA0CPH3$0$0                     Lab_2
     000000EC  _AD0BUSY                           Lab_2
     000000EC  _AD2BUSY                           Lab_2
     000000EC  _P6_4                              Lab_2
     000000EC  _PCA0CPH3                          Lab_2
     000000ED  G$AD0INT$0$0                       Lab_2
     000000ED  G$AD2INT$0$0                       Lab_2
     000000ED  G$P6_5$0$0                         Lab_2
     000000ED  G$PCA0CPL4$0$0                     Lab_2
     000000ED  _AD0INT                            Lab_2
     000000ED  _AD2INT                            Lab_2
     000000ED  _P6_5                              Lab_2
     000000ED  _PCA0CPL4                          Lab_2
     000000EE  G$AD0TM$0$0                        Lab_2
     000000EE  G$AD2TM$0$0                        Lab_2
     000000EE  G$P6_6$0$0                         Lab_2
     000000EE  G$PCA0CPH4$0$0                     Lab_2
     000000EE  _AD0TM                             Lab_2
     000000EE  _AD2TM                             Lab_2
     000000EE  _P6_6                              Lab_2
     000000EE  _PCA0CPH4                          Lab_2
     000000EF  G$AD0EN$0$0                        Lab_2
     000000EF  G$AD2EN$0$0                        Lab_2
     000000EF  G$P6_7$0$0                         Lab_2
     000000EF  G$RSTSRC$0$0                       Lab_2
     000000EF  _AD0EN                             Lab_2
ASxxxx Linker V03.00 + NoICE + sdld,  page 16.
Hexadecimal  [32-Bits]

Area                                    Addr        Size        Decimal Bytes (Attributes)
--------------------------------        ----        ----        ------- ----- ------------
.  .ABS.                            00000000    00000000 =           0. bytes (ABS,CON)

      Value  Global                              Global Defined In Module
      -----  --------------------------------   ------------------------
     000000EF  _AD2EN                             Lab_2
     000000EF  _P6_7                              Lab_2
     000000EF  _RSTSRC                            Lab_2
     000000F0  G$B$0$0                            Lab_2
     000000F0  _B                                 Lab_2
     000000F5  _B_5                               _gptrget
     000000F6  G$EIP1$0$0                         Lab_2
     000000F6  _B_6                               _gptrget
     000000F6  _EIP1                              Lab_2
     000000F7  G$EIP2$0$0                         Lab_2
     000000F7  _B_7                               _gptrget
     000000F7  _EIP2                              Lab_2
     000000F8  G$P7$0$0                           Lab_2
     000000F8  G$P7_0$0$0                         Lab_2
     000000F8  G$SPI0CN$0$0                       Lab_2
     000000F8  G$SPIEN$0$0                        Lab_2
     000000F8  _P7                                Lab_2
     000000F8  _P7_0                              Lab_2
     000000F8  _SPI0CN                            Lab_2
     000000F8  _SPIEN                             Lab_2
     000000F9  G$P7_1$0$0                         Lab_2
     000000F9  G$PCA0L$0$0                        Lab_2
     000000F9  G$TXBMT$0$0                        Lab_2
     000000F9  _P7_1                              Lab_2
     000000F9  _PCA0L                             Lab_2
     000000F9  _TXBMT                             Lab_2
     000000FA  G$NSSMD0$0$0                       Lab_2
     000000FA  G$P7_2$0$0                         Lab_2
     000000FA  G$PCA0H$0$0                        Lab_2
     000000FA  _NSSMD0                            Lab_2
     000000FA  _P7_2                              Lab_2
     000000FA  _PCA0H                             Lab_2
     000000FB  G$NSSMD1$0$0                       Lab_2
     000000FB  G$P7_3$0$0                         Lab_2
     000000FB  G$PCA0CPL0$0$0                     Lab_2
     000000FB  _NSSMD1                            Lab_2
     000000FB  _P7_3                              Lab_2
     000000FB  _PCA0CPL0                          Lab_2
     000000FC  G$P7_4$0$0                         Lab_2
     000000FC  G$PCA0CPH0$0$0                     Lab_2
     000000FC  G$RXOVRN$0$0                       Lab_2
     000000FC  _P7_4                              Lab_2
     000000FC  _PCA0CPH0                          Lab_2
     000000FC  _RXOVRN                            Lab_2
     000000FD  G$MODF$0$0                         Lab_2
     000000FD  G$P7_5$0$0                         Lab_2
     000000FD  G$PCA0CPL1$0$0                     Lab_2
     000000FD  _MODF                              Lab_2
     000000FD  _P7_5                              Lab_2
     000000FD  _PCA0CPL1                          Lab_2
     000000FE  G$P7_6$0$0                         Lab_2
ASxxxx Linker V03.00 + NoICE + sdld,  page 17.
Hexadecimal  [32-Bits]

Area                                    Addr        Size        Decimal Bytes (Attributes)
--------------------------------        ----        ----        ------- ----- ------------
.  .ABS.                            00000000    00000000 =           0. bytes (ABS,CON)

      Value  Global                              Global Defined In Module
      -----  --------------------------------   ------------------------
     000000FE  G$PCA0CPH1$0$0                     Lab_2
     000000FE  G$WCOL$0$0                         Lab_2
     000000FE  _P7_6                              Lab_2
     000000FE  _PCA0CPH1                          Lab_2
     000000FE  _WCOL                              Lab_2
     000000FF  G$P7_7$0$0                         Lab_2
     000000FF  G$SPIF$0$0                         Lab_2
     000000FF  G$WDTCN$0$0                        Lab_2
     000000FF  _P7_7                              Lab_2
     000000FF  _SPIF                              Lab_2
     000000FF  _WDTCN                             Lab_2
     00008C8A  G$TMR0$0$0                         Lab_2
     00008C8A  _TMR0                              Lab_2
     00008D8B  G$TMR1$0$0                         Lab_2
     00008D8B  _TMR1                              Lab_2
     0000BFBE  G$ADC0$0$0                         Lab_2
     0000BFBE  _ADC0                              Lab_2
     0000C2C1  G$MAC0A$0$0                        Lab_2
     0000C2C1  _MAC0A                             Lab_2
     0000C5C4  G$ADC0GT$0$0                       Lab_2
     0000C5C4  _ADC0GT                            Lab_2
     0000C7C6  G$ADC0LT$0$0                       Lab_2
     0000C7C6  _ADC0LT                            Lab_2
     0000CBCA  G$RCAP2$0$0                        Lab_2
     0000CBCA  G$RCAP3$0$0                        Lab_2
     0000CBCA  G$RCAP4$0$0                        Lab_2
     0000CBCA  _RCAP2                             Lab_2
     0000CBCA  _RCAP3                             Lab_2
     0000CBCA  _RCAP4                             Lab_2
     0000CDCC  G$TMR2$0$0                         Lab_2
     0000CDCC  G$TMR3$0$0                         Lab_2
     0000CDCC  G$TMR4$0$0                         Lab_2
     0000CDCC  _TMR2                              Lab_2
     0000CDCC  _TMR3                              Lab_2
     0000CDCC  _TMR4                              Lab_2
     0000CFCE  G$MAC0RND$0$0                      Lab_2
     0000CFCE  _MAC0RND                           Lab_2
     0000D3D2  G$DAC0$0$0                         Lab_2
     0000D3D2  G$DAC1$0$0                         Lab_2
     0000D3D2  _DAC0                              Lab_2
     0000D3D2  _DAC1                              Lab_2
     0000E2E1  G$PCA0CP5$0$0                      Lab_2
     0000E2E1  _PCA0CP5                           Lab_2
     0000EAE9  G$PCA0CP2$0$0                      Lab_2
     0000EAE9  _PCA0CP2                           Lab_2
     0000ECEB  G$PCA0CP3$0$0                      Lab_2
     0000ECEB  _PCA0CP3                           Lab_2
     0000EEED  G$PCA0CP4$0$0                      Lab_2
     0000EEED  _PCA0CP4                           Lab_2
     0000FAF9  G$PCA0$0$0                         Lab_2
     0000FAF9  _PCA0                              Lab_2
ASxxxx Linker V03.00 + NoICE + sdld,  page 18.
Hexadecimal  [32-Bits]

Area                                    Addr        Size        Decimal Bytes (Attributes)
--------------------------------        ----        ----        ------- ----- ------------
.  .ABS.                            00000000    00000000 =           0. bytes (ABS,CON)

      Value  Global                              Global Defined In Module
      -----  --------------------------------   ------------------------
     0000FCFB  G$PCA0CP0$0$0                      Lab_2
     0000FCFB  _PCA0CP0                           Lab_2
     0000FEFD  G$PCA0CP1$0$0                      Lab_2
     0000FEFD  _PCA0CP1                           Lab_2
     00959493  G$MAC0ACC$0$0                      Lab_2
     00959493  _MAC0ACC                           Lab_2

ASxxxx Linker V03.00 + NoICE + sdld,  page 19.
Hexadecimal  [32-Bits]

Area                                    Addr        Size        Decimal Bytes (Attributes)
--------------------------------        ----        ----        ------- ----- ------------
BSEG_BYTES                          00000020    00000002 =           2. bytes (REL,CON)

      Value  Global                              Global Defined In Module
      -----  --------------------------------   ------------------------
ASxxxx Linker V03.00 + NoICE + sdld,  page 20.
Hexadecimal  [32-Bits]

Area                                    Addr        Size        Decimal Bytes (Attributes)
--------------------------------        ----        ----        ------- ----- ------------
REG_BANK_0                          00000000    00000008 =           8. bytes (REL,OVR)

      Value  Global                              Global Defined In Module
      -----  --------------------------------   ------------------------
ASxxxx Linker V03.00 + NoICE + sdld,  page 21.
Hexadecimal  [32-Bits]

Area                                    Addr        Size        Decimal Bytes (Attributes)
--------------------------------        ----        ----        ------- ----- ------------
DSEG                                00000000    00000080 =         128. bytes (REL,CON)

      Value  Global                              Global Defined In Module
      -----  --------------------------------   ------------------------
     00000008  G$time$0$0                         Lab_2
     00000008  _time                              Lab_2
     0000000A  G$tenth$0$0                        Lab_2
     0000000A  _tenth                             Lab_2
     00000012  _vprintf_PARM_2                    vprintf
     00000013  _bp                                _bp
     0000002E  __print_format_PARM_2              printf_large
     00000031  __print_format_PARM_3              printf_large
     00000034  __print_format_PARM_4              printf_large
ASxxxx Linker V03.00 + NoICE + sdld,  page 22.
Hexadecimal  [32-Bits]

Area                                    Addr        Size        Decimal Bytes (Attributes)
--------------------------------        ----        ----        ------- ----- ------------
OSEG                                00000014    00000006 =           6. bytes (REL,OVR)

      Value  Global                              Global Defined In Module
      -----  --------------------------------   ------------------------
     00000014  __divsint_PARM_2                   _divuint
     00000014  __divuint_PARM_2                   _divuint
     00000014  __mulint_PARM_2                    _mulint
     00000014  __mullong_PARM_2                   _mullong

ASxxxx Linker V03.00 + NoICE + sdld,  page 23.
Hexadecimal  [32-Bits]

Area                                    Addr        Size        Decimal Bytes (Attributes)
--------------------------------        ----        ----        ------- ----- ------------
ISEG                                0000001A    00000006 =           6. bytes (REL,CON)

      Value  Global                              Global Defined In Module
      -----  --------------------------------   ------------------------
ASxxxx Linker V03.00 + NoICE + sdld,  page 24.
Hexadecimal  [32-Bits]

Area                                    Addr        Size        Decimal Bytes (Attributes)
--------------------------------        ----        ----        ------- ----- ------------
SSEG                                0000003C    000000C4 =         196. bytes (REL,OVR)

      Value  Global                              Global Defined In Module
      -----  --------------------------------   ------------------------
     0000003C  __start__stack                     Lab_2

ASxxxx Linker V03.00 + NoICE + sdld,  page 25.
Hexadecimal  [32-Bits]

Area                                    Addr        Size        Decimal Bytes (Attributes)
--------------------------------        ----        ----        ------- ----- ------------
HOME                                00000000    00000011 =          17. bytes (REL,CON,CODE)

      Value  Global                              Global Defined In Module
      -----  --------------------------------   ------------------------
C:   00000000  A$Lab_2$1262                       Lab_2
C:   00000003  A$Lab_2$1263                       Lab_2
C:   0000000B  A$Lab_2$1265                       Lab_2
C:   0000000E  A$Lab_2$1301                       Lab_2
C:   0000000E  __sdcc_program_startup             Lab_2

ASxxxx Linker V03.00 + NoICE + sdld,  page 26.
Hexadecimal  [32-Bits]

Area                                    Addr        Size        Decimal Bytes (Attributes)
--------------------------------        ----        ----        ------- ----- ------------
GSINIT0                             00000011    00000003 =           3. bytes (REL,CON,CODE)

      Value  Global                              Global Defined In Module
      -----  --------------------------------   ------------------------
C:   00000011  __sdcc_gsinit_startup              

ASxxxx Linker V03.00 + NoICE + sdld,  page 27.
Hexadecimal  [32-Bits]

Area                                    Addr        Size        Decimal Bytes (Attributes)
--------------------------------        ----        ----        ------- ----- ------------
GSINIT2                             00000014    0000000A =          10. bytes (REL,CON,CODE)

      Value  Global                              Global Defined In Module
      -----  --------------------------------   ------------------------
ASxxxx Linker V03.00 + NoICE + sdld,  page 28.
Hexadecimal  [32-Bits]

Area                                    Addr        Size        Decimal Bytes (Attributes)
--------------------------------        ----        ----        ------- ----- ------------
GSINIT3                             0000001E    00000022 =          34. bytes (REL,CON,CODE)

      Value  Global                              Global Defined In Module
      -----  --------------------------------   ------------------------
C:   0000001E  __mcs51_genXINIT                   

ASxxxx Linker V03.00 + NoICE + sdld,  page 29.
Hexadecimal  [32-Bits]

Area                                    Addr        Size        Decimal Bytes (Attributes)
--------------------------------        ----        ----        ------- ----- ------------
GSINIT4                             00000040    0000002A =          42. bytes (REL,CON,CODE)

      Value  Global                              Global Defined In Module
      -----  --------------------------------   ------------------------
C:   00000040  __mcs51_genRAMCLEAR                
C:   00000046  __mcs51_genXRAMCLEAR               

ASxxxx Linker V03.00 + NoICE + sdld,  page 30.
Hexadecimal  [32-Bits]

Area                                    Addr        Size        Decimal Bytes (Attributes)
--------------------------------        ----        ----        ------- ----- ------------
GSINIT                              0000006A    00000019 =          25. bytes (REL,CON,CODE)

      Value  Global                              Global Defined In Module
      -----  --------------------------------   ------------------------
C:   0000006A  A$Lab_2$1281                       Lab_2
C:   0000006A  C$Lab_2.c$24$1$61                  Lab_2
C:   0000006B  A$Lab_2$1282                       Lab_2
C:   0000006D  A$Lab_2$1283                       Lab_2
C:   0000006F  A$Lab_2$1286                       Lab_2
C:   0000006F  C$Lab_2.c$25$1$61                  Lab_2
C:   00000071  A$Lab_2$1287                       Lab_2
C:   00000073  A$Lab_2$1288                       Lab_2
C:   00000075  A$Lab_2$1289                       Lab_2
C:   00000077  A$Lab_2$1292                       Lab_2
C:   00000077  C$Lab_2.c$26$1$61                  Lab_2

ASxxxx Linker V03.00 + NoICE + sdld,  page 31.
Hexadecimal  [32-Bits]

Area                                    Addr        Size        Decimal Bytes (Attributes)
--------------------------------        ----        ----        ------- ----- ------------
GSFINAL                             00000083    00000003 =           3. bytes (REL,CON,CODE)

      Value  Global                              Global Defined In Module
      -----  --------------------------------   ------------------------
C:   00000083  A$Lab_2$1294                       Lab_2

ASxxxx Linker V03.00 + NoICE + sdld,  page 32.
Hexadecimal  [32-Bits]

Area                                    Addr        Size        Decimal Bytes (Attributes)
--------------------------------        ----        ----        ------- ----- ------------
CSEG                                00000086    00000AE7 =        2791. bytes (REL,CON,CODE)

      Value  Global                              Global Defined In Module
      -----  --------------------------------   ------------------------
C:   00000086  A$Lab_2$1327                       Lab_2
C:   00000086  C$putget.h$18$0$0                  Lab_2
C:   00000086  G$putchar$0$0                      Lab_2
C:   00000086  _putchar                           Lab_2
C:   00000088  A$Lab_2$1333                       Lab_2
C:   00000088  C$putget.h$20$1$16                 Lab_2
C:   00000088  C$putget.h$21$1$16                 Lab_2
C:   0000008B  A$Lab_2$1334                       Lab_2
C:   0000008D  A$Lab_2$1338                       Lab_2
C:   0000008D  C$putget.h$22$1$16                 Lab_2
C:   0000008F  A$Lab_2$1341                       Lab_2
C:   0000008F  C$putget.h$23$1$16                 Lab_2
C:   0000008F  XG$putchar$0$0                     Lab_2
C:   00000090  A$Lab_2$1359                       Lab_2
C:   00000090  C$putget.h$28$1$16                 Lab_2
C:   00000090  C$putget.h$31$1$18                 Lab_2
C:   00000090  C$putget.h$32$1$18                 Lab_2
C:   00000090  G$getchar$0$0                      Lab_2
C:   00000090  _getchar                           Lab_2
C:   00000093  A$Lab_2$1360                       Lab_2
C:   00000095  A$Lab_2$1364                       Lab_2
C:   00000095  C$putget.h$33$1$18                 Lab_2
C:   00000097  A$Lab_2$1367                       Lab_2
C:   00000097  C$putget.h$36$1$18                 Lab_2
C:   0000009A  A$Lab_2$1370                       Lab_2
C:   0000009A  C$putget.h$37$1$18                 Lab_2
C:   0000009A  XG$getchar$0$0                     Lab_2
C:   0000009B  A$Lab_2$1387                       Lab_2
C:   0000009B  C$Lab_2.c$41$1$18                  Lab_2
C:   0000009B  C$Lab_2.c$45$1$18                  Lab_2
C:   0000009B  G$main$0$0                         Lab_2
C:   0000009B  _main                              Lab_2
C:   0000009D  A$Lab_2$1388                       Lab_2
C:   0000009F  A$Lab_2$1391                       Lab_2
C:   0000009F  C$Lab_2.c$46$1$18                  Lab_2
C:   000000A1  A$Lab_2$1392                       Lab_2
C:   000000A3  A$Lab_2$1395                       Lab_2
C:   000000A3  C$Lab_2.c$49$1$43                  Lab_2
C:   000000A6  A$Lab_2$1398                       Lab_2
C:   000000A6  C$Lab_2.c$50$1$43                  Lab_2
C:   000000A9  A$Lab_2$1401                       Lab_2
C:   000000A9  C$Lab_2.c$51$1$43                  Lab_2
C:   000000AB  A$Lab_2$1402                       Lab_2
C:   000000AD  A$Lab_2$1403                       Lab_2
C:   000000AF  A$Lab_2$1404                       Lab_2
C:   000000B1  A$Lab_2$1405                       Lab_2
C:   000000B4  A$Lab_2$1408                       Lab_2
C:   000000B4  C$Lab_2.c$52$1$43                  Lab_2
C:   000000B7  A$Lab_2$1411                       Lab_2
C:   000000B7  C$Lab_2.c$53$1$43                  Lab_2
ASxxxx Linker V03.00 + NoICE + sdld,  page 33.
Hexadecimal  [32-Bits]

Area                                    Addr        Size        Decimal Bytes (Attributes)
--------------------------------        ----        ----        ------- ----- ------------
CSEG                                00000086    00000AE7 =        2791. bytes (REL,CON,CODE)

      Value  Global                              Global Defined In Module
      -----  --------------------------------   ------------------------
C:   000000BA  A$Lab_2$1414                       Lab_2
C:   000000BA  C$Lab_2.c$55$1$43                  Lab_2
C:   000000BD  A$Lab_2$1417                       Lab_2
C:   000000BD  C$Lab_2.c$56$1$43                  Lab_2
C:   000000BF  A$Lab_2$1420                       Lab_2
C:   000000BF  C$Lab_2.c$57$1$43                  Lab_2
C:   000000C2  A$Lab_2$1423                       Lab_2
C:   000000C2  C$Lab_2.c$59$1$43                  Lab_2
C:   000000C4  A$Lab_2$1424                       Lab_2
C:   000000C6  A$Lab_2$1425                       Lab_2
C:   000000C8  A$Lab_2$1426                       Lab_2
C:   000000CA  A$Lab_2$1427                       Lab_2
C:   000000CC  A$Lab_2$1428                       Lab_2
C:   000000CE  A$Lab_2$1429                       Lab_2
C:   000000D1  A$Lab_2$1430                       Lab_2
C:   000000D3  A$Lab_2$1431                       Lab_2
C:   000000D5  A$Lab_2$1432                       Lab_2
C:   000000D7  A$Lab_2$1435                       Lab_2
C:   000000D7  C$Lab_2.c$60$1$43                  Lab_2
C:   000000D9  A$Lab_2$1436                       Lab_2
C:   000000DB  A$Lab_2$1437                       Lab_2
C:   000000DD  A$Lab_2$1438                       Lab_2
C:   000000DF  A$Lab_2$1439                       Lab_2
C:   000000E1  A$Lab_2$1440                       Lab_2
C:   000000E3  A$Lab_2$1441                       Lab_2
C:   000000E6  A$Lab_2$1442                       Lab_2
C:   000000E8  A$Lab_2$1443                       Lab_2
C:   000000EA  A$Lab_2$1444                       Lab_2
C:   000000EC  A$Lab_2$1447                       Lab_2
C:   000000EC  C$Lab_2.c$61$1$43                  Lab_2
C:   000000EE  A$Lab_2$1448                       Lab_2
C:   000000F0  A$Lab_2$1449                       Lab_2
C:   000000F2  A$Lab_2$1450                       Lab_2
C:   000000F4  A$Lab_2$1451                       Lab_2
C:   000000F6  A$Lab_2$1452                       Lab_2
C:   000000F8  A$Lab_2$1453                       Lab_2
C:   000000FB  A$Lab_2$1454                       Lab_2
C:   000000FD  A$Lab_2$1455                       Lab_2
C:   000000FF  A$Lab_2$1456                       Lab_2
C:   00000101  A$Lab_2$1459                       Lab_2
C:   00000101  C$Lab_2.c$64$1$43                  Lab_2
C:   00000104  A$Lab_2$1462                       Lab_2
C:   00000104  C$Lab_2.c$65$1$43                  Lab_2
C:   00000106  A$Lab_2$1465                       Lab_2
C:   00000106  C$Lab_2.c$66$1$43                  Lab_2
C:   00000109  A$Lab_2$1468                       Lab_2
C:   00000109  C$Lab_2.c$68$1$43                  Lab_2
C:   0000010B  A$Lab_2$1469                       Lab_2
C:   0000010D  A$Lab_2$1470                       Lab_2
C:   0000010F  A$Lab_2$1471                       Lab_2
C:   00000111  A$Lab_2$1472                       Lab_2
ASxxxx Linker V03.00 + NoICE + sdld,  page 34.
Hexadecimal  [32-Bits]

Area                                    Addr        Size        Decimal Bytes (Attributes)
--------------------------------        ----        ----        ------- ----- ------------
CSEG                                00000086    00000AE7 =        2791. bytes (REL,CON,CODE)

      Value  Global                              Global Defined In Module
      -----  --------------------------------   ------------------------
C:   00000113  A$Lab_2$1473                       Lab_2
C:   00000115  A$Lab_2$1474                       Lab_2
C:   00000118  A$Lab_2$1475                       Lab_2
C:   0000011A  A$Lab_2$1476                       Lab_2
C:   0000011C  A$Lab_2$1477                       Lab_2
C:   0000011E  A$Lab_2$1478                       Lab_2
C:   00000120  A$Lab_2$1479                       Lab_2
C:   00000122  A$Lab_2$1480                       Lab_2
C:   00000124  A$Lab_2$1481                       Lab_2
C:   00000126  A$Lab_2$1487                       Lab_2
C:   00000126  C$Lab_2.c$69$1$43                  Lab_2
C:   00000126  C$Lab_2.c$71$2$44                  Lab_2
C:   00000128  A$Lab_2$1488                       Lab_2
C:   0000012A  A$Lab_2$1489                       Lab_2
C:   0000012C  A$Lab_2$1490                       Lab_2
C:   0000012E  A$Lab_2$1491                       Lab_2
C:   00000131  A$Lab_2$1492                       Lab_2
C:   00000133  A$Lab_2$1493                       Lab_2
C:   00000135  A$Lab_2$1494                       Lab_2
C:   00000137  A$Lab_2$1495                       Lab_2
C:   00000139  A$Lab_2$1496                       Lab_2
C:   0000013B  A$Lab_2$1497                       Lab_2
C:   0000013D  A$Lab_2$1498                       Lab_2
C:   0000013E  A$Lab_2$1499                       Lab_2
C:   00000141  A$Lab_2$1500                       Lab_2
C:   00000142  A$Lab_2$1501                       Lab_2
C:   00000145  A$Lab_2$1504                       Lab_2
C:   00000145  C$Lab_2.c$73$3$45                  Lab_2
C:   00000146  A$Lab_2$1505                       Lab_2
C:   00000148  A$Lab_2$1506                       Lab_2
C:   0000014A  A$Lab_2$1507                       Lab_2
C:   0000014C  A$Lab_2$1508                       Lab_2
C:   0000014E  A$Lab_2$1511                       Lab_2
C:   0000014E  C$Lab_2.c$74$3$45                  Lab_2
C:   00000150  A$Lab_2$1513                       Lab_2
C:   00000153  A$Lab_2$1514                       Lab_2
C:   00000155  A$Lab_2$1519                       Lab_2
C:   00000155  C$Lab_2.c$77$2$44                  Lab_2
C:   00000157  A$Lab_2$1520                       Lab_2
C:   00000159  A$Lab_2$1521                       Lab_2
C:   0000015B  A$Lab_2$1522                       Lab_2
C:   0000015D  A$Lab_2$1523                       Lab_2
C:   00000160  A$Lab_2$1524                       Lab_2
C:   00000163  A$Lab_2$1525                       Lab_2
C:   00000166  A$Lab_2$1526                       Lab_2
C:   00000169  A$Lab_2$1527                       Lab_2
C:   0000016C  A$Lab_2$1528                       Lab_2
C:   0000016E  A$Lab_2$1529                       Lab_2
C:   00000170  A$Lab_2$1530                       Lab_2
C:   00000172  A$Lab_2$1531                       Lab_2
C:   00000174  A$Lab_2$1532                       Lab_2
ASxxxx Linker V03.00 + NoICE + sdld,  page 35.
Hexadecimal  [32-Bits]

Area                                    Addr        Size        Decimal Bytes (Attributes)
--------------------------------        ----        ----        ------- ----- ------------
CSEG                                00000086    00000AE7 =        2791. bytes (REL,CON,CODE)

      Value  Global                              Global Defined In Module
      -----  --------------------------------   ------------------------
C:   00000176  A$Lab_2$1533                       Lab_2
C:   00000178  A$Lab_2$1534                       Lab_2
C:   00000179  A$Lab_2$1535                       Lab_2
C:   0000017C  A$Lab_2$1536                       Lab_2
C:   0000017D  A$Lab_2$1537                       Lab_2
C:   00000180  A$Lab_2$1540                       Lab_2
C:   00000180  C$Lab_2.c$78$3$46                  Lab_2
C:   00000182  A$Lab_2$1541                       Lab_2
C:   00000184  A$Lab_2$1542                       Lab_2
C:   00000186  A$Lab_2$1543                       Lab_2
C:   00000188  A$Lab_2$1544                       Lab_2
C:   0000018B  A$Lab_2$1545                       Lab_2
C:   0000018D  A$Lab_2$1546                       Lab_2
C:   0000018F  A$Lab_2$1547                       Lab_2
C:   00000191  A$Lab_2$1548                       Lab_2
C:   00000193  A$Lab_2$1549                       Lab_2
C:   00000195  A$Lab_2$1550                       Lab_2
C:   00000197  A$Lab_2$1551                       Lab_2
C:   00000198  A$Lab_2$1552                       Lab_2
C:   00000199  A$Lab_2$1553                       Lab_2
C:   0000019A  A$Lab_2$1554                       Lab_2
C:   0000019B  A$Lab_2$1555                       Lab_2
C:   0000019C  A$Lab_2$1556                       Lab_2
C:   0000019D  A$Lab_2$1559                       Lab_2
C:   0000019D  C$Lab_2.c$79$3$46                  Lab_2
C:   0000019E  A$Lab_2$1560                       Lab_2
C:   000001A1  A$Lab_2$1561                       Lab_2
C:   000001A2  A$Lab_2$1565                       Lab_2
C:   000001A2  C$Lab_2.c$80$3$46                  Lab_2
C:   000001A4  A$Lab_2$1566                       Lab_2
C:   000001A6  A$Lab_2$1567                       Lab_2
C:   000001A8  A$Lab_2$1568                       Lab_2
C:   000001AA  A$Lab_2$1569                       Lab_2
C:   000001AC  A$Lab_2$1570                       Lab_2
C:   000001AE  A$Lab_2$1571                       Lab_2
C:   000001B0  A$Lab_2$1572                       Lab_2
C:   000001B2  A$Lab_2$1573                       Lab_2
C:   000001B4  A$Lab_2$1574                       Lab_2
C:   000001B6  A$Lab_2$1575                       Lab_2
C:   000001B9  A$Lab_2$1576                       Lab_2
C:   000001BB  A$Lab_2$1577                       Lab_2
C:   000001BD  A$Lab_2$1578                       Lab_2
C:   000001BF  A$Lab_2$1579                       Lab_2
C:   000001C1  A$Lab_2$1580                       Lab_2
C:   000001C3  A$Lab_2$1581                       Lab_2
C:   000001C5  A$Lab_2$1582                       Lab_2
C:   000001C7  A$Lab_2$1585                       Lab_2
C:   000001C7  C$Lab_2.c$81$1$43                  Lab_2
C:   000001C9  A$Lab_2$1586                       Lab_2
C:   000001CB  A$Lab_2$1587                       Lab_2
C:   000001CD  A$Lab_2$1588                       Lab_2
ASxxxx Linker V03.00 + NoICE + sdld,  page 36.
Hexadecimal  [32-Bits]

Area                                    Addr        Size        Decimal Bytes (Attributes)
--------------------------------        ----        ----        ------- ----- ------------
CSEG                                00000086    00000AE7 =        2791. bytes (REL,CON,CODE)

      Value  Global                              Global Defined In Module
      -----  --------------------------------   ------------------------
C:   000001CF  A$Lab_2$1589                       Lab_2
C:   000001D1  A$Lab_2$1590                       Lab_2
C:   000001D3  A$Lab_2$1591                       Lab_2
C:   000001D5  A$Lab_2$1592                       Lab_2
C:   000001D7  A$Lab_2$1593                       Lab_2
C:   000001DA  A$Lab_2$1594                       Lab_2
C:   000001DC  A$Lab_2$1595                       Lab_2
C:   000001DE  A$Lab_2$1596                       Lab_2
C:   000001E0  A$Lab_2$1597                       Lab_2
C:   000001E2  A$Lab_2$1598                       Lab_2
C:   000001E4  A$Lab_2$1599                       Lab_2
C:   000001E6  A$Lab_2$1600                       Lab_2
C:   000001E8  A$Lab_2$1601                       Lab_2
C:   000001EA  A$Lab_2$1602                       Lab_2
C:   000001EC  A$Lab_2$1603                       Lab_2
C:   000001EE  A$Lab_2$1604                       Lab_2
C:   000001F1  A$Lab_2$1605                       Lab_2
C:   000001F3  A$Lab_2$1606                       Lab_2
C:   000001F5  A$Lab_2$1607                       Lab_2
C:   000001F7  A$Lab_2$1608                       Lab_2
C:   000001F9  A$Lab_2$1609                       Lab_2
C:   000001FB  A$Lab_2$1610                       Lab_2
C:   000001FD  A$Lab_2$1611                       Lab_2
C:   000001FF  A$Lab_2$1612                       Lab_2
C:   00000202  A$Lab_2$1615                       Lab_2
C:   00000202  C$Lab_2.c$84$1$43                  Lab_2
C:   00000202  XG$main$0$0                        Lab_2
C:   00000203  A$Lab_2$1626                       Lab_2
C:   00000203  C$Lab_2.c$89$1$43                  Lab_2
C:   00000203  G$Timer0_ISR$0$0                   Lab_2
C:   00000203  _Timer0_ISR                        Lab_2
C:   00000205  A$Lab_2$1627                       Lab_2
C:   00000207  A$Lab_2$1630                       Lab_2
C:   00000207  C$Lab_2.c$91$1$48                  Lab_2
C:   00000209  A$Lab_2$1633                       Lab_2
C:   00000209  C$Lab_2.c$92$1$48                  Lab_2
C:   0000020B  A$Lab_2$1634                       Lab_2
C:   0000020C  A$Lab_2$1635                       Lab_2
C:   0000020F  A$Lab_2$1636                       Lab_2
C:   00000211  A$Lab_2$1637                       Lab_2
C:   00000214  A$Lab_2$1638                       Lab_2
C:   00000216  A$Lab_2$1639                       Lab_2
C:   00000219  A$Lab_2$1640                       Lab_2
C:   0000021B  A$Lab_2$1644                       Lab_2
C:   0000021B  C$Lab_2.c$93$1$48                  Lab_2
C:   0000021E  A$Lab_2$1647                       Lab_2
[...]
C:   000002D3  A$Lab_2$1809                       Lab_2
C:   000002D6  A$Lab_2$1810                       Lab_2
C:   000002D8  A$Lab_2$1811                       Lab_2
C:   000002DA  A$Lab_2$1812                       Lab_2
C:   000002DC  A$Lab_2$1815                       Lab_2
C:   000002DC  C$Lab_2.c$127$3$54                 Lab_2
C:   000002DE  A$Lab_2$1816                       Lab_2
C:   000002E0  A$Lab_2$1817                       Lab_2
C:   000002E2  A$Lab_2$1818                       Lab_2
C:   000002E4  A$Lab_2$1819                       Lab_2
C:   000002E6  A$Lab_2$1820                       Lab_2
C:   000002E8  A$Lab_2$1821                       Lab_2
C:   000002EB  A$Lab_2$1822                       Lab_2
C:   000002ED  A$Lab_2$1823                       Lab_2
C:   000002EF  A$Lab_2$1824                       Lab_2
C:   000002F1  A$Lab_2$1827                       Lab_2
C:   000002F1  C$Lab_2.c$128$3$54                 Lab_2
C:   000002F3  A$Lab_2$1828                       Lab_2
C:   000002F5  A$Lab_2$1829                       Lab_2
C:   000002F7  A$Lab_2$1830                       Lab_2
C:   000002F9  A$Lab_2$1831                       Lab_2
C:   000002FB  A$Lab_2$1832                       Lab_2
C:   000002FD  A$Lab_2$1833                       Lab_2
C:   00000300  A$Lab_2$1834                       Lab_2
C:   00000302  A$Lab_2$1835                       Lab_2
C:   00000304  A$Lab_2$1836                       Lab_2
C:   00000306  A$Lab_2$1839                       Lab_2
C:   00000306  C$Lab_2.c$129$3$54                 Lab_2
C:   00000308  A$Lab_2$1840                       Lab_2
C:   0000030A  A$Lab_2$1846                       Lab_2
C:   0000030A  C$Lab_2.c$130$1$52                 Lab_2
C:   0000030A  C$Lab_2.c$134$1$52                 Lab_2
C:   0000030D  A$Lab_2$1847                       Lab_2
C:   00000310  A$Lab_2$1851                       Lab_2
C:   00000310  C$Lab_2.c$135$2$55                 Lab_2
C:   00000312  A$Lab_2$1852                       Lab_2
C:   00000314  A$Lab_2$1855                       Lab_2
C:   00000314  C$Lab_2.c$136$2$55                 Lab_2
C:   00000316  A$Lab_2$1856                       Lab_2
C:   00000318  A$Lab_2$1857                       Lab_2
C:   0000031A  A$Lab_2$1858                       Lab_2
C:   0000031C  A$Lab_2$1859                       Lab_2
C:   0000031E  A$Lab_2$1860                       Lab_2
ASxxxx Linker V03.00 + NoICE + sdld,  page 40.
Hexadecimal  [32-Bits]

Area                                    Addr        Size        Decimal Bytes (Attributes)
--------------------------------        ----        ----        ------- ----- ------------
CSEG                                00000086    00000AE7 =        2791. bytes (REL,CON,CODE)

      Value  Global                              Global Defined In Module
      -----  --------------------------------   ------------------------
C:   00000320  A$Lab_2$1861                       Lab_2
C:   00000322  A$Lab_2$1862                       Lab_2
C:   00000324  A$Lab_2$1863                       Lab_2
C:   00000327  A$Lab_2$1864                       Lab_2
C:   00000329  A$Lab_2$1865                       Lab_2
C:   0000032B  A$Lab_2$1866                       Lab_2
C:   0000032D  A$Lab_2$1867                       Lab_2
C:   0000032F  A$Lab_2$1868                       Lab_2
C:   00000331  A$Lab_2$1871                       Lab_2
C:   00000331  C$Lab_2.c$137$2$55                 Lab_2
C:   00000333  A$Lab_2$1872                       Lab_2
C:   00000335  A$Lab_2$1873                       Lab_2
C:   00000337  A$Lab_2$1874                       Lab_2
C:   00000339  A$Lab_2$1875                       Lab_2
C:   0000033B  A$Lab_2$1876                       Lab_2
C:   0000033D  A$Lab_2$1877                       Lab_2
C:   0000033F  A$Lab_2$1878                       Lab_2
C:   00000341  A$Lab_2$1879                       Lab_2
C:   00000343  A$Lab_2$1880                       Lab_2
C:   00000345  A$Lab_2$1881                       Lab_2
C:   00000348  A$Lab_2$1882                       Lab_2
C:   0000034A  A$Lab_2$1883                       Lab_2
C:   0000034C  A$Lab_2$1884                       Lab_2
C:   0000034E  A$Lab_2$1887                       Lab_2
C:   0000034E  C$Lab_2.c$138$2$55                 Lab_2
C:   00000350  A$Lab_2$1888                       Lab_2
C:   00000352  A$Lab_2$1889                       Lab_2
C:   00000354  A$Lab_2$1890                       Lab_2
C:   00000356  A$Lab_2$1891                       Lab_2
C:   00000358  A$Lab_2$1892                       Lab_2
C:   0000035A  A$Lab_2$1893                       Lab_2
C:   0000035D  A$Lab_2$1894                       Lab_2
C:   0000035F  A$Lab_2$1895                       Lab_2
C:   00000361  A$Lab_2$1896                       Lab_2
C:   00000363  A$Lab_2$1899                       Lab_2
C:   00000363  C$Lab_2.c$139$2$55                 Lab_2
C:   00000365  A$Lab_2$1900                       Lab_2
C:   00000367  A$Lab_2$1901                       Lab_2
C:   00000369  A$Lab_2$1902                       Lab_2
C:   0000036B  A$Lab_2$1903                       Lab_2
C:   0000036D  A$Lab_2$1904                       Lab_2
C:   0000036F  A$Lab_2$1905                       Lab_2
C:   00000372  A$Lab_2$1906                       Lab_2
C:   00000374  A$Lab_2$1907                       Lab_2
C:   00000376  A$Lab_2$1908                       Lab_2
C:   00000378  A$Lab_2$1909                       Lab_2
C:   0000037A  A$Lab_2$1910                       Lab_2
C:   0000037C  A$Lab_2$1913                       Lab_2
C:   0000037C  C$Lab_2.c$141$2$55                 Lab_2
C:   0000037E  A$Lab_2$1916                       Lab_2
C:   0000037E  C$Lab_2.c$142$2$55                 Lab_2
ASxxxx Linker V03.00 + NoICE + sdld,  page 41.
Hexadecimal  [32-Bits]

Area                                    Addr        Size        Decimal Bytes (Attributes)
--------------------------------        ----        ----        ------- ----- ------------
CSEG                                00000086    00000AE7 =        2791. bytes (REL,CON,CODE)

      Value  Global                              Global Defined In Module
      -----  --------------------------------   ------------------------
C:   0000037F  A$Lab_2$1917                       Lab_2
C:   00000381  A$Lab_2$1918                       Lab_2
C:   00000383  A$Lab_2$1919                       Lab_2
C:   00000385  A$Lab_2$1920                       Lab_2
C:   00000387  A$Lab_2$1923                       Lab_2
C:   00000387  C$Lab_2.c$143$2$55                 Lab_2
C:   00000389  A$Lab_2$1924                       Lab_2
C:   0000038B  A$Lab_2$1928                       Lab_2
C:   0000038B  C$Lab_2.c$144$2$55                 Lab_2
C:   0000038D  A$Lab_2$1930                       Lab_2
C:   0000038F  A$Lab_2$1934                       Lab_2
C:   0000038F  C$Lab_2.c$146$1$52                 Lab_2
C:   00000391  A$Lab_2$1935                       Lab_2
C:   00000393  A$Lab_2$1938                       Lab_2
C:   00000393  C$Lab_2.c$147$1$52                 Lab_2
C:   00000393  XG$Flash$0$0                       Lab_2
C:   00000394  A$Lab_2$1953                       Lab_2
C:   00000394  C$Lab_2.c$156$1$52                 Lab_2
C:   00000394  C$Lab_2.c$160$1$57                 Lab_2
C:   00000394  G$PORT_INIT$0$0                    Lab_2
C:   00000394  _PORT_INIT                         Lab_2
C:   00000396  A$Lab_2$1956                       Lab_2
C:   00000396  C$Lab_2.c$162$1$57                 Lab_2
C:   00000399  A$Lab_2$1959                       Lab_2
C:   00000399  C$Lab_2.c$163$1$57                 Lab_2
C:   0000039C  A$Lab_2$1962                       Lab_2
C:   0000039C  C$Lab_2.c$164$1$57                 Lab_2
C:   0000039F  A$Lab_2$1965                       Lab_2
C:   0000039F  C$Lab_2.c$165$1$57                 Lab_2
C:   000003A1  A$Lab_2$1968                       Lab_2
C:   000003A1  C$Lab_2.c$167$1$57                 Lab_2
C:   000003A4  A$Lab_2$1971                       Lab_2
C:   000003A4  C$Lab_2.c$168$1$57                 Lab_2
C:   000003A7  A$Lab_2$1974                       Lab_2
C:   000003A7  C$Lab_2.c$169$1$57                 Lab_2
C:   000003AA  A$Lab_2$1977                       Lab_2
C:   000003AA  C$Lab_2.c$171$1$57                 Lab_2
C:   000003AD  A$Lab_2$1980                       Lab_2
C:   000003AD  C$Lab_2.c$174$1$57                 Lab_2
C:   000003B0  A$Lab_2$1983                       Lab_2
C:   000003B0  C$Lab_2.c$176$1$57                 Lab_2
C:   000003B2  A$Lab_2$1986                       Lab_2
C:   000003B2  C$Lab_2.c$177$1$57                 Lab_2
C:   000003B2  XG$PORT_INIT$0$0                   Lab_2
C:   000003B3  A$Lab_2$2002                       Lab_2
C:   000003B3  C$Lab_2.c$185$1$57                 Lab_2
C:   000003B3  C$Lab_2.c$191$1$59                 Lab_2
C:   000003B3  G$SYSCLK_INIT$0$0                  Lab_2
C:   000003B3  _SYSCLK_INIT                       Lab_2
C:   000003B5  A$Lab_2$2005                       Lab_2
C:   000003B5  C$Lab_2.c$193$1$59                 Lab_2
ASxxxx Linker V03.00 + NoICE + sdld,  page 42.
Hexadecimal  [32-Bits]

Area                                    Addr        Size        Decimal Bytes (Attributes)
--------------------------------        ----        ----        ------- ----- ------------
CSEG                                00000086    00000AE7 =        2791. bytes (REL,CON,CODE)

      Value  Global                              Global Defined In Module
      -----  --------------------------------   ------------------------
C:   000003B8  A$Lab_2$2008                       Lab_2
C:   000003B8  C$Lab_2.c$194$1$59                 Lab_2
C:   000003BB  A$Lab_2$2011                       Lab_2
C:   000003BB  C$Lab_2.c$195$1$59                 Lab_2
C:   000003BD  A$Lab_2$2012                       Lab_2
C:   000003BF  A$Lab_2$2014                       Lab_2
C:   000003C0  A$Lab_2$2015                       Lab_2
C:   000003C3  A$Lab_2$2016                       Lab_2
C:   000003C4  A$Lab_2$2018                       Lab_2
C:   000003C5  A$Lab_2$2019                       Lab_2
C:   000003C6  A$Lab_2$2020                       Lab_2
C:   000003C8  A$Lab_2$2024                       Lab_2
C:   000003C8  C$Lab_2.c$196$1$59                 Lab_2
C:   000003CA  A$Lab_2$2025                       Lab_2
C:   000003CD  A$Lab_2$2028                       Lab_2
C:   000003CD  C$Lab_2.c$197$1$59                 Lab_2
C:   000003D0  A$Lab_2$2031                       Lab_2
C:   000003D0  C$Lab_2.c$198$1$59                 Lab_2
C:   000003D3  A$Lab_2$2034                       Lab_2
C:   000003D3  C$Lab_2.c$200$1$59                 Lab_2
C:   000003D6  A$Lab_2$2037                       Lab_2
C:   000003D6  C$Lab_2.c$201$1$59                 Lab_2
C:   000003D9  A$Lab_2$2040                       Lab_2
C:   000003D9  C$Lab_2.c$202$1$59                 Lab_2
C:   000003DC  A$Lab_2$2043                       Lab_2
C:   000003DC  C$Lab_2.c$203$1$59                 Lab_2
C:   000003DF  A$Lab_2$2046                       Lab_2
C:   000003DF  C$Lab_2.c$204$1$59                 Lab_2
C:   000003E2  A$Lab_2$2049                       Lab_2
C:   000003E2  C$Lab_2.c$205$1$59                 Lab_2
C:   000003E5  A$Lab_2$2052                       Lab_2
C:   000003E5  C$Lab_2.c$206$1$59                 Lab_2
C:   000003E8  A$Lab_2$2055                       Lab_2
C:   000003E8  C$Lab_2.c$207$1$59                 Lab_2
C:   000003EB  A$Lab_2$2058                       Lab_2
C:   000003EB  C$Lab_2.c$208$1$59                 Lab_2
C:   000003EE  A$Lab_2$2061                       Lab_2
C:   000003EE  C$Lab_2.c$209$1$59                 Lab_2
C:   000003F0  A$Lab_2$2062                       Lab_2
C:   000003F2  A$Lab_2$2064                       Lab_2
C:   000003F3  A$Lab_2$2065                       Lab_2
C:   000003F6  A$Lab_2$2066                       Lab_2
C:   000003F7  A$Lab_2$2068                       Lab_2
C:   000003F8  A$Lab_2$2069                       Lab_2
C:   000003F9  A$Lab_2$2070                       Lab_2
C:   000003FB  A$Lab_2$2073                       Lab_2
C:   000003FB  C$Lab_2.c$210$1$59                 Lab_2
C:   000003FE  A$Lab_2$2077                       Lab_2
C:   000003FE  C$Lab_2.c$211$1$59                 Lab_2
C:   00000400  A$Lab_2$2078                       Lab_2
C:   00000403  A$Lab_2$2081                       Lab_2
ASxxxx Linker V03.00 + NoICE + sdld,  page 43.
Hexadecimal  [32-Bits]

Area                                    Addr        Size        Decimal Bytes (Attributes)
--------------------------------        ----        ----        ------- ----- ------------
CSEG                                00000086    00000AE7 =        2791. bytes (REL,CON,CODE)

      Value  Global                              Global Defined In Module
      -----  --------------------------------   ------------------------
C:   00000403  C$Lab_2.c$212$1$59                 Lab_2
C:   00000406  A$Lab_2$2084                       Lab_2
C:   00000406  C$Lab_2.c$214$1$59                 Lab_2
C:   00000408  A$Lab_2$2087                       Lab_2
C:   00000408  C$Lab_2.c$215$1$59                 Lab_2
C:   00000408  XG$SYSCLK_INIT$0$0                 Lab_2
C:   00000409  A$Lab_2$2102                       Lab_2
C:   00000409  C$Lab_2.c$224$1$59                 Lab_2
C:   00000409  C$Lab_2.c$228$1$61                 Lab_2
C:   00000409  G$UART0_INIT$0$0                   Lab_2
C:   00000409  _UART0_INIT                        Lab_2
C:   0000040B  A$Lab_2$2105                       Lab_2
C:   0000040B  C$Lab_2.c$230$1$61                 Lab_2
C:   0000040E  A$Lab_2$2108                       Lab_2
C:   0000040E  C$Lab_2.c$231$1$61                 Lab_2
C:   00000410  A$Lab_2$2109                       Lab_2
C:   00000412  A$Lab_2$2110                       Lab_2
C:   00000413  A$Lab_2$2111                       Lab_2
C:   00000415  A$Lab_2$2114                       Lab_2
C:   00000415  C$Lab_2.c$232$1$61                 Lab_2
C:   00000418  A$Lab_2$2117                       Lab_2
C:   00000418  C$Lab_2.c$233$1$61                 Lab_2
C:   0000041B  A$Lab_2$2120                       Lab_2
C:   0000041B  C$Lab_2.c$234$1$61                 Lab_2
C:   0000041E  A$Lab_2$2123                       Lab_2
C:   0000041E  C$Lab_2.c$235$1$61                 Lab_2
C:   00000421  A$Lab_2$2126                       Lab_2
C:   00000421  C$Lab_2.c$236$1$61                 Lab_2
C:   00000423  A$Lab_2$2129                       Lab_2
C:   00000423  C$Lab_2.c$237$1$61                 Lab_2
C:   00000426  A$Lab_2$2132                       Lab_2
C:   00000426  C$Lab_2.c$238$1$61                 Lab_2
C:   00000428  A$Lab_2$2135                       Lab_2
C:   00000428  C$Lab_2.c$239$1$61                 Lab_2
C:   0000042B  A$Lab_2$2138                       Lab_2
C:   0000042B  C$Lab_2.c$240$1$61                 Lab_2
C:   0000042E  A$Lab_2$2141                       Lab_2
C:   0000042E  C$Lab_2.c$241$1$61                 Lab_2
C:   00000431  A$Lab_2$2144                       Lab_2
C:   00000431  C$Lab_2.c$242$1$61                 Lab_2
C:   00000433  A$Lab_2$2147                       Lab_2
C:   00000433  C$Lab_2.c$244$1$61                 Lab_2
C:   00000435  A$Lab_2$2150                       Lab_2
C:   00000435  C$Lab_2.c$245$1$61                 Lab_2
C:   00000435  XG$UART0_INIT$0$0                  Lab_2
C:   00000436  __divuint                          _divuint
C:   0000045F  _rand                              rand
C:   0000049B  _srand                             rand
C:   000004AA  __mulint                           _mulint
C:   000004AA  __mulint_dummy                     _mulint
C:   000004C7  __mullong                          _mullong
ASxxxx Linker V03.00 + NoICE + sdld,  page 44.
Hexadecimal  [32-Bits]

Area                                    Addr        Size        Decimal Bytes (Attributes)
--------------------------------        ----        ----        ------- ----- ------------
CSEG                                00000086    00000AE7 =        2791. bytes (REL,CON,CODE)

      Value  Global                              Global Defined In Module
      -----  --------------------------------   ------------------------
C:   000004C7  __mullong_dummy                    _mullong
C:   00000540  _vprintf                           vprintf
C:   00000559  _printf                            vprintf
C:   0000062B  __print_format                     printf_large
C:   00000B35  _strlen                            _strlen
C:   00000B4D  __gptrget                          _gptrget
C:   00000B69  __sdcc_external_startup            _startup
ASxxxx Linker V03.00 + NoICE + sdld,  page 45.
Hexadecimal  [32-Bits]

Area                                    Addr        Size        Decimal Bytes (Attributes)
--------------------------------        ----        ----        ------- ----- ------------
CONST                               00000B6D    00000116 =         278. bytes (REL,CON,CODE)

      Value  Global                              Global Defined In Module
      -----  --------------------------------   ------------------------
C:   00000B6D  FLab_2$__str_0$0$0                 Lab_2
C:   00000B72  FLab_2$__str_1$0$0                 Lab_2
C:   00000B8E  FLab_2$__str_2$0$0                 Lab_2
C:   00000BB0  FLab_2$__str_3$0$0                 Lab_2
C:   00000BB5  FLab_2$__str_4$0$0                 Lab_2
C:   00000BBC  FLab_2$__str_5$0$0                 Lab_2
C:   00000BF3  FLab_2$__str_6$0$0                 Lab_2
C:   00000BFC  FLab_2$__str_7$0$0                 Lab_2
C:   00000C18  FLab_2$__str_8$0$0                 Lab_2
C:   00000C32  FLab_2$__str_9$0$0                 Lab_2
C:   00000C39  FLab_2$__str_10$0$0                Lab_2
C:   00000C61  FLab_2$__str_11$0$0                Lab_2
ASxxxx Linker V03.00 + NoICE + sdld,  page 46.

Files Linked                              [ module(s) ]

C:\Users\Christina\Documents\MPS\Versions\Lab_02\2.3-Reaction Time Game\Lab_2.rel
                                          [  ]


Libraries Linked                          [ object file ]

C:\Program Files (x86)\SDCC\bin\..\lib\small/libint.lib
                                          [ _divuint.rel ]
C:\Program Files (x86)\SDCC\bin\..\lib\small/libsdcc.lib
                                          [ rand.rel ]
C:\Program Files (x86)\SDCC\bin\..\lib\small/mcs51.lib
                                          [ crtclear.rel ]
C:\Program Files (x86)\SDCC\bin\..\lib\small/mcs51.lib
                                          [ crtxinit.rel ]
C:\Program Files (x86)\SDCC\bin\..\lib\small/libint.lib
                                          [ _mulint.rel ]
C:\Program Files (x86)\SDCC\bin\..\lib\small/liblong.lib
                                          [ _mullong.rel ]
C:\Program Files (x86)\SDCC\bin\..\lib\small/mcs51.lib
                                          [ crtxclear.rel ]
C:\Program Files (x86)\SDCC\bin\..\lib\small/libsdcc.lib
                                          [ vprintf.rel ]
C:\Program Files (x86)\SDCC\bin\..\lib\small/libsdcc.lib
                                          [ printf_large.rel ]
C:\Program Files (x86)\SDCC\bin\..\lib\small/libsdcc.lib
                                          [ _strlen.rel ]
C:\Program Files (x86)\SDCC\bin\..\lib\small/mcs51.lib
                                          [ crtstart.rel ]
C:\Program Files (x86)\SDCC\bin\..\lib\small/libsdcc.lib
                                          [ _gptrget.rel ]
C:\Program Files (x86)\SDCC\bin\..\lib\small/libsdcc.lib
                                          [ _startup.rel ]
C:\Program Files (x86)\SDCC\bin\..\lib\small/libsdcc.lib
                                          [ _bp.rel ]

ASxxxx Linker V03.00 + NoICE + sdld,  page 47.

User Base Address Definitions

HOME = 0x0000
XSEG = 0x0001
PSEG = 0x0001
ISEG = 0x0000
BSEG = 0x0000

