ASxxxx Linker V03.00 + NoICE + sdld,  page 1.
Hexadecimal  [32-Bits]

Area                                    Addr        Size        Decimal Bytes (Attributes)
--------------------------------        ----        ----        ------- ----- ------------
CABS                                00000000    00000000 =           0. bytes (ABS,CON,CODE)

      Value  Global                              Global Defined In Module
      -----  --------------------------------   ------------------------
C:   00000000  l_BIT_BANK                      
C:   00000000  l_CABS                          
C:   00000000  l_GSINIT1                       
C:   00000000  l_GSINIT5                       
C:   00000000  l_IABS                          
C:   00000000  l_PSEG                          
C:   00000000  l_REG_BANK_1                    
C:   00000000  l_REG_BANK_2                    
C:   00000000  l_REG_BANK_3                    
C:   00000000  l_RSEG                          
C:   00000000  l_RSEG0                         
C:   00000000  l_RSEG1                         
C:   00000000  l_XABS                          
C:   00000000  l_XINIT                         
C:   00000000  l_XISEG                         
C:   00000000  l_XSEG                          
C:   00000000  l__CODE                         
C:   00000000  s_BSEG                          
C:   00000000  s_CABS                          
C:   00000000  s_DSEG                          
C:   00000000  s_HOME                          
C:   00000000  s_IABS                          
C:   00000000  s_REG_BANK_0                    
C:   00000000  s_RSEG                          
C:   00000000  s_RSEG0                         
C:   00000000  s_RSEG1                         
C:   00000000  s_XABS                          
C:   00000001  s_PSEG                          
C:   00000001  s_XISEG                         
C:   00000001  s_XSEG                          
C:   00000003  l_BSEG_BYTES                    
C:   00000003  l_GSFINAL                       
C:   00000003  l_GSINIT0                       
C:   00000006  l_HOME                          
C:   00000006  l_ISEG                          
C:   00000006  l_OSEG                          
C:   00000006  s_GSINIT0                       
C:   00000008  l_REG_BANK_0                    
C:   00000008  s_REG_BANK_1                    
C:   00000009  s_GSINIT1                       
C:   00000009  s_GSINIT2                       
C:   0000000A  l_GSINIT2                       
C:   00000010  s_REG_BANK_2                    
C:   00000011  l_BSEG                          
C:   00000013  s_GSINIT3                       
C:   00000018  s_BIT_BANK                      
C:   00000018  s_REG_BANK_3                    
C:   00000020  l_GSINIT                        
C:   00000020  s_BSEG_BYTES                    
C:   00000020  s__CODE                         
ASxxxx Linker V03.00 + NoICE + sdld,  page 2.
Hexadecimal  [32-Bits]

Area                                    Addr        Size        Decimal Bytes (Attributes)
--------------------------------        ----        ----        ------- ----- ------------
CABS                                00000000    00000000 =           0. bytes (ABS,CON,CODE)

      Value  Global                              Global Defined In Module
      -----  --------------------------------   ------------------------
C:   00000022  l_GSINIT3                       
C:   0000002A  l_GSINIT4                       
C:   00000035  s_GSINIT4                       
C:   00000043  s_OSEG                          
C:   00000049  s_ISEG                          
C:   0000004F  s_SSEG                          
C:   0000005F  s_GSINIT                        
C:   0000005F  s_GSINIT5                       
C:   0000007F  s_GSFINAL                       
C:   00000080  l_DSEG                          
C:   00000082  s_CSEG                          
C:   000000B1  l_SSEG                          
C:   00000100  l_IRAM                          
C:   0000028E  l_CONST                         
C:   00001131  l_CSEG                          
C:   000011B3  s_CONST                         
C:   00001441  s_XINIT                         

ASxxxx Linker V03.00 + NoICE + sdld,  page 3.
Hexadecimal  [32-Bits]

Area                                    Addr        Size        Decimal Bytes (Attributes)
--------------------------------        ----        ----        ------- ----- ------------
.  .ABS.                            00000000    00000000 =           0. bytes (ABS,CON)

      Value  Global                              Global Defined In Module
      -----  --------------------------------   ------------------------
     00000000  .__.ABS.                           _startup
     00000080  G$P0$0$0                           voltmeter
     00000080  G$P0_0$0$0                         voltmeter
     00000080  _P0                                voltmeter
     00000080  _P0_0                              voltmeter
     00000081  G$P0_1$0$0                         voltmeter
     00000081  G$SP$0$0                           voltmeter
     00000081  _P0_1                              voltmeter
     00000081  _SP                                voltmeter
     00000082  G$DPL$0$0                          voltmeter
     00000082  G$P0_2$0$0                         voltmeter
     00000082  _DPL                               voltmeter
     00000082  _P0_2                              voltmeter
     00000083  G$DPH$0$0                          voltmeter
     00000083  G$P0_3$0$0                         voltmeter
     00000083  _DPH                               voltmeter
     00000083  _P0_3                              voltmeter
     00000084  G$P0_4$0$0                         voltmeter
     00000084  G$SFRPAGE$0$0                      voltmeter
     00000084  _P0_4                              voltmeter
     00000084  _SFRPAGE                           voltmeter
     00000085  G$P0_5$0$0                         voltmeter
     00000085  G$SFRNEXT$0$0                      voltmeter
     00000085  _P0_5                              voltmeter
     00000085  _SFRNEXT                           voltmeter
     00000086  G$P0_6$0$0                         voltmeter
     00000086  G$SFRLAST$0$0                      voltmeter
     00000086  _P0_6                              voltmeter
     00000086  _SFRLAST                           voltmeter
     00000087  G$P0_7$0$0                         voltmeter
     00000087  G$PCON$0$0                         voltmeter
     00000087  _P0_7                              voltmeter
     00000087  _PCON                              voltmeter
     00000088  G$CP0HYN0$0$0                      voltmeter
     00000088  G$CP1HYN0$0$0                      voltmeter
     00000088  G$CPT0CN$0$0                       voltmeter
     00000088  G$CPT1CN$0$0                       voltmeter
     00000088  G$FLHBUSY$0$0                      voltmeter
     00000088  G$FLSTAT$0$0                       voltmeter
     00000088  G$IT0$0$0                          voltmeter
     00000088  G$TCON$0$0                         voltmeter
     00000088  _CP0HYN0                           voltmeter
     00000088  _CP1HYN0                           voltmeter
     00000088  _CPT0CN                            voltmeter
     00000088  _CPT1CN                            voltmeter
     00000088  _FLHBUSY                           voltmeter
     00000088  _FLSTAT                            voltmeter
     00000088  _IT0                               voltmeter
     00000088  _TCON                              voltmeter
     00000089  G$CP0HYN1$0$0                      voltmeter
ASxxxx Linker V03.00 + NoICE + sdld,  page 4.
Hexadecimal  [32-Bits]

Area                                    Addr        Size        Decimal Bytes (Attributes)
--------------------------------        ----        ----        ------- ----- ------------
.  .ABS.                            00000000    00000000 =           0. bytes (ABS,CON)

      Value  Global                              Global Defined In Module
      -----  --------------------------------   ------------------------
     00000089  G$CP1HYN1$0$0                      voltmeter
     00000089  G$CPT0MD$0$0                       voltmeter
     00000089  G$CPT1MD$0$0                       voltmeter
     00000089  G$IE0$0$0                          voltmeter
     00000089  G$PLL0CN$0$0                       voltmeter
     00000089  G$TMOD$0$0                         voltmeter
     00000089  _CP0HYN1                           voltmeter
     00000089  _CP1HYN1                           voltmeter
     00000089  _CPT0MD                            voltmeter
     00000089  _CPT1MD                            voltmeter
     00000089  _IE0                               voltmeter
     00000089  _PLL0CN                            voltmeter
     00000089  _TMOD                              voltmeter
     0000008A  G$CP0HYP0$0$0                      voltmeter
     0000008A  G$CP1HYP0$0$0                      voltmeter
     0000008A  G$IT1$0$0                          voltmeter
     0000008A  G$OSCICN$0$0                       voltmeter
     0000008A  G$TL0$0$0                          voltmeter
     0000008A  _CP0HYP0                           voltmeter
     0000008A  _CP1HYP0                           voltmeter
     0000008A  _IT1                               voltmeter
     0000008A  _OSCICN                            voltmeter
     0000008A  _TL0                               voltmeter
     0000008B  G$CP0HYP1$0$0                      voltmeter
     0000008B  G$CP1HYP1$0$0                      voltmeter
     0000008B  G$IE1$0$0                          voltmeter
     0000008B  G$OSCICL$0$0                       voltmeter
     0000008B  G$TL1$0$0                          voltmeter
     0000008B  _CP0HYP1                           voltmeter
     0000008B  _CP1HYP1                           voltmeter
     0000008B  _IE1                               voltmeter
     0000008B  _OSCICL                            voltmeter
     0000008B  _TL1                               voltmeter
     0000008C  G$CP0FIF$0$0                       voltmeter
     0000008C  G$CP1FIF$0$0                       voltmeter
     0000008C  G$OSCXCN$0$0                       voltmeter
     0000008C  G$TH0$0$0                          voltmeter
     0000008C  G$TR0$0$0                          voltmeter
     0000008C  _CP0FIF                            voltmeter
     0000008C  _CP1FIF                            voltmeter
     0000008C  _OSCXCN                            voltmeter
     0000008C  _TH0                               voltmeter
     0000008C  _TR0                               voltmeter
     0000008D  G$CP0RIF$0$0                       voltmeter
     0000008D  G$CP1RIF$0$0                       voltmeter
     0000008D  G$PLL0DIV$0$0                      voltmeter
     0000008D  G$TF0$0$0                          voltmeter
     0000008D  G$TH1$0$0                          voltmeter
     0000008D  _CP0RIF                            voltmeter
     0000008D  _CP1RIF                            voltmeter
     0000008D  _PLL0DIV                           voltmeter
ASxxxx Linker V03.00 + NoICE + sdld,  page 5.
Hexadecimal  [32-Bits]

Area                                    Addr        Size        Decimal Bytes (Attributes)
--------------------------------        ----        ----        ------- ----- ------------
.  .ABS.                            00000000    00000000 =           0. bytes (ABS,CON)

      Value  Global                              Global Defined In Module
      -----  --------------------------------   ------------------------
     0000008D  _TF0                               voltmeter
     0000008D  _TH1                               voltmeter
     0000008E  G$CKCON$0$0                        voltmeter
     0000008E  G$CP0OUT$0$0                       voltmeter
     0000008E  G$CP1OUT$0$0                       voltmeter
     0000008E  G$PLL0MUL$0$0                      voltmeter
     0000008E  G$TR1$0$0                          voltmeter
     0000008E  _CKCON                             voltmeter
     0000008E  _CP0OUT                            voltmeter
     0000008E  _CP1OUT                            voltmeter
     0000008E  _PLL0MUL                           voltmeter
     0000008E  _TR1                               voltmeter
     0000008F  G$CP0EN$0$0                        voltmeter
     0000008F  G$CP1EN$0$0                        voltmeter
     0000008F  G$PLL0FLT$0$0                      voltmeter
     0000008F  G$PSCTL$0$0                        voltmeter
     0000008F  G$TF1$0$0                          voltmeter
     0000008F  _CP0EN                             voltmeter
     0000008F  _CP1EN                             voltmeter
     0000008F  _PLL0FLT                           voltmeter
     0000008F  _PSCTL                             voltmeter
     0000008F  _TF1                               voltmeter
     00000090  G$P1$0$0                           voltmeter
     00000090  G$P1_0$0$0                         voltmeter
     00000090  G$PB$0$0                           voltmeter
     00000090  _P1                                voltmeter
     00000090  _P1_0                              voltmeter
     00000090  _PB                                voltmeter
     00000091  G$MAC0BL$0$0                       voltmeter
     00000091  G$P1_1$0$0                         voltmeter
     00000091  G$SSTA0$0$0                        voltmeter
     00000091  _MAC0BL                            voltmeter
     00000091  _P1_1                              voltmeter
     00000091  _SSTA0                             voltmeter
     00000092  G$MAC0BH$0$0                       voltmeter
     00000092  G$P1_2$0$0                         voltmeter
     00000092  _MAC0BH                            voltmeter
     00000092  _P1_2                              voltmeter
     00000093  G$MAC0ACC0$0$0                     voltmeter
     00000093  G$P1_3$0$0                         voltmeter
     00000093  _MAC0ACC0                          voltmeter
     00000093  _P1_3                              voltmeter
     00000094  G$MAC0ACC1$0$0                     voltmeter
     00000094  G$P1_4$0$0                         voltmeter
     00000094  _MAC0ACC1                          voltmeter
     00000094  _P1_4                              voltmeter
     00000095  G$MAC0ACC2$0$0                     voltmeter
     00000095  G$P1_5$0$0                         voltmeter
     00000095  _MAC0ACC2                          voltmeter
     00000095  _P1_5                              voltmeter
     00000096  G$MAC0ACC3$0$0                     voltmeter
ASxxxx Linker V03.00 + NoICE + sdld,  page 6.
Hexadecimal  [32-Bits]

Area                                    Addr        Size        Decimal Bytes (Attributes)
--------------------------------        ----        ----        ------- ----- ------------
.  .ABS.                            00000000    00000000 =           0. bytes (ABS,CON)

      Value  Global                              Global Defined In Module
      -----  --------------------------------   ------------------------
     00000096  G$P1_6$0$0                         voltmeter
     00000096  G$SFRPGCN$0$0                      voltmeter
     00000096  _MAC0ACC3                          voltmeter
     00000096  _P1_6                              voltmeter
     00000096  _SFRPGCN                           voltmeter
     00000097  G$CLKSEL$0$0                       voltmeter
     00000097  G$MAC0OVR$0$0                      voltmeter
     00000097  G$P1_7$0$0                         voltmeter
     00000097  _CLKSEL                            voltmeter
     00000097  _MAC0OVR                           voltmeter
     00000097  _P1_7                              voltmeter
     00000098  G$RI$0$0                           voltmeter
     00000098  G$RI0$0$0                          voltmeter
     00000098  G$RI1$0$0                          voltmeter
     00000098  G$SCON$0$0                         voltmeter
     00000098  G$SCON0$0$0                        voltmeter
     00000098  G$SCON1$0$0                        voltmeter
     00000098  _RI                                voltmeter
     00000098  _RI0                               voltmeter
     00000098  _RI1                               voltmeter
     00000098  _SCON                              voltmeter
     00000098  _SCON0                             voltmeter
     00000098  _SCON1                             voltmeter
     00000099  G$SBUF$0$0                         voltmeter
     00000099  G$SBUF0$0$0                        voltmeter
     00000099  G$SBUF1$0$0                        voltmeter
     00000099  G$TI$0$0                           voltmeter
     00000099  G$TI0$0$0                          voltmeter
     00000099  G$TI1$0$0                          voltmeter
     00000099  _SBUF                              voltmeter
     00000099  _SBUF0                             voltmeter
     00000099  _SBUF1                             voltmeter
     00000099  _TI                                voltmeter
     00000099  _TI0                               voltmeter
     00000099  _TI1                               voltmeter
     0000009A  G$CCH0MA$0$0                       voltmeter
     0000009A  G$RB80$0$0                         voltmeter
     0000009A  G$RB81$0$0                         voltmeter
     0000009A  G$SPI0CFG$0$0                      voltmeter
     0000009A  _CCH0MA                            voltmeter
     0000009A  _RB80                              voltmeter
     0000009A  _RB81                              voltmeter
     0000009A  _SPI0CFG                           voltmeter
     0000009B  G$SPI0DAT$0$0                      voltmeter
     0000009B  G$TB80$0$0                         voltmeter
     0000009B  G$TB81$0$0                         voltmeter
     0000009B  _SPI0DAT                           voltmeter
     0000009B  _TB80                              voltmeter
     0000009B  _TB81                              voltmeter
     0000009C  G$P4MDOUT$0$0                      voltmeter
     0000009C  G$REN$0$0                          voltmeter
ASxxxx Linker V03.00 + NoICE + sdld,  page 7.
Hexadecimal  [32-Bits]

Area                                    Addr        Size        Decimal Bytes (Attributes)
--------------------------------        ----        ----        ------- ----- ------------
.  .ABS.                            00000000    00000000 =           0. bytes (ABS,CON)

      Value  Global                              Global Defined In Module
      -----  --------------------------------   ------------------------
     0000009C  G$REN0$0$0                         voltmeter
     0000009C  G$REN1$0$0                         voltmeter
     0000009C  _P4MDOUT                           voltmeter
     0000009C  _REN                               voltmeter
     0000009C  _REN0                              voltmeter
     0000009C  _REN1                              voltmeter
     0000009D  G$MCE1$0$0                         voltmeter
     0000009D  G$P5MDOUT$0$0                      voltmeter
     0000009D  G$SM20$0$0                         voltmeter
     0000009D  G$SPI0CKR$0$0                      voltmeter
     0000009D  _MCE1                              voltmeter
     0000009D  _P5MDOUT                           voltmeter
     0000009D  _SM20                              voltmeter
     0000009D  _SPI0CKR                           voltmeter
     0000009E  G$P6MDOUT$0$0                      voltmeter
     0000009E  G$SM10$0$0                         voltmeter
     0000009E  _P6MDOUT                           voltmeter
     0000009E  _SM10                              voltmeter
     0000009F  G$P7MDOUT$0$0                      voltmeter
     0000009F  G$S1MODE$0$0                       voltmeter
     0000009F  G$SM00$0$0                         voltmeter
     0000009F  _P7MDOUT                           voltmeter
     0000009F  _S1MODE                            voltmeter
     0000009F  _SM00                              voltmeter
     000000A0  G$P2$0$0                           voltmeter
     000000A0  G$P2_0$0$0                         voltmeter
     000000A0  _P2                                voltmeter
     000000A0  _P2_0                              voltmeter
     000000A1  G$CCH0CN$0$0                       voltmeter
     000000A1  G$EMI0TC$0$0                       voltmeter
     000000A1  G$P2_1$0$0                         voltmeter
     000000A1  _CCH0CN                            voltmeter
     000000A1  _EMI0TC                            voltmeter
     000000A1  _P2_1                              voltmeter
     000000A2  G$CCH0TN$0$0                       voltmeter
     000000A2  G$EMI0CN$0$0                       voltmeter
     000000A2  G$P2_2$0$0                         voltmeter
     000000A2  G$_XPAGE$0$0                       voltmeter
     000000A2  _CCH0TN                            voltmeter
     000000A2  _EMI0CN                            voltmeter
     000000A2  _P2_2                              voltmeter
     000000A2  __XPAGE                            voltmeter
     000000A3  G$CCH0LC$0$0                       voltmeter
     000000A3  G$EMI0CF$0$0                       voltmeter
     000000A3  G$P2_3$0$0                         voltmeter
     000000A3  _CCH0LC                            voltmeter
     000000A3  _EMI0CF                            voltmeter
     000000A3  _P2_3                              voltmeter
     000000A4  G$P0MDOUT$0$0                      voltmeter
     000000A4  G$P2_4$0$0                         voltmeter
     000000A4  _P0MDOUT                           voltmeter
ASxxxx Linker V03.00 + NoICE + sdld,  page 8.
Hexadecimal  [32-Bits]

Area                                    Addr        Size        Decimal Bytes (Attributes)
--------------------------------        ----        ----        ------- ----- ------------
.  .ABS.                            00000000    00000000 =           0. bytes (ABS,CON)

      Value  Global                              Global Defined In Module
      -----  --------------------------------   ------------------------
     000000A4  _P2_4                              voltmeter
     000000A5  G$P1MDOUT$0$0                      voltmeter
     000000A5  G$P2_5$0$0                         voltmeter
     000000A5  _P1MDOUT                           voltmeter
     000000A5  _P2_5                              voltmeter
     000000A6  G$P2MDOUT$0$0                      voltmeter
     000000A6  G$P2_6$0$0                         voltmeter
     000000A6  _P2MDOUT                           voltmeter
     000000A6  _P2_6                              voltmeter
     000000A7  G$P2_7$0$0                         voltmeter
     000000A7  G$P3MDOUT$0$0                      voltmeter
     000000A7  _P2_7                              voltmeter
     000000A7  _P3MDOUT                           voltmeter
     000000A8  G$EX0$0$0                          voltmeter
     000000A8  G$IE$0$0                           voltmeter
     000000A8  _EX0                               voltmeter
     000000A8  _IE                                voltmeter
     000000A9  G$ET0$0$0                          voltmeter
     000000A9  G$SADDR0$0$0                       voltmeter
     000000A9  _ET0                               voltmeter
     000000A9  _SADDR0                            voltmeter
     000000AA  G$EX1$0$0                          voltmeter
     000000AA  _EX1                               voltmeter
     000000AB  G$ET1$0$0                          voltmeter
     000000AB  _ET1                               voltmeter
     000000AC  G$ES$0$0                           voltmeter
     000000AC  G$ES0$0$0                          voltmeter
     000000AC  _ES                                voltmeter
     000000AC  _ES0                               voltmeter
     000000AD  G$ET2$0$0                          voltmeter
     000000AD  G$P1MDIN$0$0                       voltmeter
     000000AD  _ET2                               voltmeter
     000000AD  _P1MDIN                            voltmeter
     000000AF  G$EA$0$0                           voltmeter
     000000AF  _EA                                voltmeter
     000000B0  G$P3$0$0                           voltmeter
     000000B0  G$P3_0$0$0                         voltmeter
     000000B0  _P3                                voltmeter
     000000B0  _P3_0                              voltmeter
     000000B1  G$P3_1$0$0                         voltmeter
     000000B1  G$PSBANK$0$0                       voltmeter
     000000B1  _P3_1                              voltmeter
     000000B1  _PSBANK                            voltmeter
     000000B2  G$P3_2$0$0                         voltmeter
     000000B2  _P3_2                              voltmeter
     000000B3  G$P3_3$0$0                         voltmeter
     000000B3  _P3_3                              voltmeter
     000000B4  G$P3_4$0$0                         voltmeter
     000000B4  _P3_4                              voltmeter
     000000B5  G$P3_5$0$0                         voltmeter
     000000B5  _P3_5                              voltmeter
ASxxxx Linker V03.00 + NoICE + sdld,  page 9.
Hexadecimal  [32-Bits]

Area                                    Addr        Size        Decimal Bytes (Attributes)
--------------------------------        ----        ----        ------- ----- ------------
.  .ABS.                            00000000    00000000 =           0. bytes (ABS,CON)

      Value  Global                              Global Defined In Module
      -----  --------------------------------   ------------------------
     000000B6  G$P3_6$0$0                         voltmeter
     000000B6  _P3_6                              voltmeter
     000000B7  G$FLACL$0$0                        voltmeter
     000000B7  G$FLSCL$0$0                        voltmeter
     000000B7  G$P3_7$0$0                         voltmeter
     000000B7  _FLACL                             voltmeter
     000000B7  _FLSCL                             voltmeter
     000000B7  _P3_7                              voltmeter
     000000B8  G$IP$0$0                           voltmeter
     000000B8  G$PX0$0$0                          voltmeter
     000000B8  _IP                                voltmeter
     000000B8  _PX0                               voltmeter
     000000B9  G$PT0$0$0                          voltmeter
     000000B9  G$SADEN0$0$0                       voltmeter
     000000B9  _PT0                               voltmeter
     000000B9  _SADEN0                            voltmeter
     000000BA  G$AMX0CF$0$0                       voltmeter
     000000BA  G$AMX2CF$0$0                       voltmeter
     000000BA  G$PX1$0$0                          voltmeter
     000000BA  _AMX0CF                            voltmeter
     000000BA  _AMX2CF                            voltmeter
     000000BA  _PX1                               voltmeter
     000000BB  G$AMX0SL$0$0                       voltmeter
     000000BB  G$AMX2SL$0$0                       voltmeter
     000000BB  G$PT1$0$0                          voltmeter
     000000BB  _AMX0SL                            voltmeter
     000000BB  _AMX2SL                            voltmeter
     000000BB  _PT1                               voltmeter
     000000BC  G$ADC0CF$0$0                       voltmeter
     000000BC  G$ADC2CF$0$0                       voltmeter
     000000BC  G$PS$0$0                           voltmeter
     000000BC  G$PS0$0$0                          voltmeter
     000000BC  _ADC0CF                            voltmeter
     000000BC  _ADC2CF                            voltmeter
     000000BC  _PS                                voltmeter
     000000BC  _PS0                               voltmeter
     000000BD  G$PT2$0$0                          voltmeter
     000000BD  _PT2                               voltmeter
     000000BE  G$ADC0L$0$0                        voltmeter
     000000BE  G$ADC2$0$0                         voltmeter
     000000BE  _ADC0L                             voltmeter
     000000BE  _ADC2                              voltmeter
     000000BF  G$ADC0H$0$0                        voltmeter
     000000BF  _ADC0H                             voltmeter
     000000C0  G$MAC0N$0$0                        voltmeter
     000000C0  G$MAC0STA$0$0                      voltmeter
     000000C0  G$SMB0CN$0$0                       voltmeter
     000000C0  G$SMBTOE$0$0                       voltmeter
     000000C0  _MAC0N                             voltmeter
     000000C0  _MAC0STA                           voltmeter
     000000C0  _SMB0CN                            voltmeter
ASxxxx Linker V03.00 + NoICE + sdld,  page 10.
Hexadecimal  [32-Bits]

Area                                    Addr        Size        Decimal Bytes (Attributes)
--------------------------------        ----        ----        ------- ----- ------------
.  .ABS.                            00000000    00000000 =           0. bytes (ABS,CON)

      Value  Global                              Global Defined In Module
      -----  --------------------------------   ------------------------
     000000C0  _SMBTOE                            voltmeter
     000000C1  G$MAC0AL$0$0                       voltmeter
     000000C1  G$MAC0SO$0$0                       voltmeter
     000000C1  G$SMB0STA$0$0                      voltmeter
     000000C1  G$SMBFTE$0$0                       voltmeter
     000000C1  _MAC0AL                            voltmeter
     000000C1  _MAC0SO                            voltmeter
     000000C1  _SMB0STA                           voltmeter
     000000C1  _SMBFTE                            voltmeter
     000000C2  G$AA$0$0                           voltmeter
     000000C2  G$MAC0AH$0$0                       voltmeter
     000000C2  G$MAC0Z$0$0                        voltmeter
     000000C2  G$SMB0DAT$0$0                      voltmeter
     000000C2  _AA                                voltmeter
     000000C2  _MAC0AH                            voltmeter
     000000C2  _MAC0Z                             voltmeter
     000000C2  _SMB0DAT                           voltmeter
     000000C3  G$MAC0CF$0$0                       voltmeter
     000000C3  G$MAC0HO$0$0                       voltmeter
     000000C3  G$SI$0$0                           voltmeter
     000000C3  G$SMB0ADR$0$0                      voltmeter
     000000C3  _MAC0CF                            voltmeter
     000000C3  _MAC0HO                            voltmeter
     000000C3  _SI                                voltmeter
     000000C3  _SMB0ADR                           voltmeter
     000000C4  G$ADC0GTL$0$0                      voltmeter
     000000C4  G$ADC2GT$0$0                       voltmeter
     000000C4  G$STO$0$0                          voltmeter
     000000C4  _ADC0GTL                           voltmeter
     000000C4  _ADC2GT                            voltmeter
     000000C4  _STO                               voltmeter
     000000C5  G$ADC0GTH$0$0                      voltmeter
     000000C5  G$STA$0$0                          voltmeter
     000000C5  _ADC0GTH                           voltmeter
     000000C5  _STA                               voltmeter
     000000C6  G$ADC0LTL$0$0                      voltmeter
     000000C6  G$ADC2LT$0$0                       voltmeter
     000000C6  G$ENSMB$0$0                        voltmeter
     000000C6  _ADC0LTL                           voltmeter
     000000C6  _ADC2LT                            voltmeter
     000000C6  _ENSMB                             voltmeter
     000000C7  G$ADC0LTH$0$0                      voltmeter
     000000C7  G$BUSY$0$0                         voltmeter
     000000C7  _ADC0LTH                           voltmeter
     000000C7  _BUSY                              voltmeter
     000000C8  G$CPRL2$0$0                        voltmeter
     000000C8  G$CPRL3$0$0                        voltmeter
     000000C8  G$CPRL4$0$0                        voltmeter
     000000C8  G$P4$0$0                           voltmeter
     000000C8  G$P4_0$0$0                         voltmeter
     000000C8  G$TMR2CN$0$0                       voltmeter
ASxxxx Linker V03.00 + NoICE + sdld,  page 11.
Hexadecimal  [32-Bits]

Area                                    Addr        Size        Decimal Bytes (Attributes)
--------------------------------        ----        ----        ------- ----- ------------
.  .ABS.                            00000000    00000000 =           0. bytes (ABS,CON)

      Value  Global                              Global Defined In Module
      -----  --------------------------------   ------------------------
     000000C8  G$TMR3CN$0$0                       voltmeter
     000000C8  G$TMR4CN$0$0                       voltmeter
     000000C8  _CPRL2                             voltmeter
     000000C8  _CPRL3                             voltmeter
     000000C8  _CPRL4                             voltmeter
     000000C8  _P4                                voltmeter
     000000C8  _P4_0                              voltmeter
     000000C8  _TMR2CN                            voltmeter
     000000C8  _TMR3CN                            voltmeter
     000000C8  _TMR4CN                            voltmeter
     000000C9  G$CT2$0$0                          voltmeter
     000000C9  G$CT3$0$0                          voltmeter
     000000C9  G$CT4$0$0                          voltmeter
     000000C9  G$P4_1$0$0                         voltmeter
     000000C9  G$TMR2CF$0$0                       voltmeter
     000000C9  G$TMR3CF$0$0                       voltmeter
     000000C9  G$TMR4CF$0$0                       voltmeter
     000000C9  _CT2                               voltmeter
     000000C9  _CT3                               voltmeter
     000000C9  _CT4                               voltmeter
     000000C9  _P4_1                              voltmeter
     000000C9  _TMR2CF                            voltmeter
     000000C9  _TMR3CF                            voltmeter
     000000C9  _TMR4CF                            voltmeter
     000000CA  G$P4_2$0$0                         voltmeter
     000000CA  G$RCAP2L$0$0                       voltmeter
     000000CA  G$RCAP3L$0$0                       voltmeter
     000000CA  G$RCAP4L$0$0                       voltmeter
     000000CA  G$TR2$0$0                          voltmeter
     000000CA  G$TR3$0$0                          voltmeter
     000000CA  G$TR4$0$0                          voltmeter
     000000CA  _P4_2                              voltmeter
     000000CA  _RCAP2L                            voltmeter
     000000CA  _RCAP3L                            voltmeter
     000000CA  _RCAP4L                            voltmeter
     000000CA  _TR2                               voltmeter
     000000CA  _TR3                               voltmeter
     000000CA  _TR4                               voltmeter
     000000CB  G$EXEN2$0$0                        voltmeter
     000000CB  G$EXEN3$0$0                        voltmeter
     000000CB  G$EXEN4$0$0                        voltmeter
     000000CB  G$P4_3$0$0                         voltmeter
     000000CB  G$RCAP2H$0$0                       voltmeter
     000000CB  G$RCAP3H$0$0                       voltmeter
     000000CB  G$RCAP4H$0$0                       voltmeter
     000000CB  _EXEN2                             voltmeter
     000000CB  _EXEN3                             voltmeter
     000000CB  _EXEN4                             voltmeter
     000000CB  _P4_3                              voltmeter
     000000CB  _RCAP2H                            voltmeter
     000000CB  _RCAP3H                            voltmeter
ASxxxx Linker V03.00 + NoICE + sdld,  page 12.
Hexadecimal  [32-Bits]

Area                                    Addr        Size        Decimal Bytes (Attributes)
--------------------------------        ----        ----        ------- ----- ------------
.  .ABS.                            00000000    00000000 =           0. bytes (ABS,CON)

      Value  Global                              Global Defined In Module
      -----  --------------------------------   ------------------------
     000000CB  _RCAP4H                            voltmeter
     000000CC  G$P4_4$0$0                         voltmeter
     000000CC  G$TL2$0$0                          voltmeter
     000000CC  G$TMR2L$0$0                        voltmeter
     000000CC  G$TMR3L$0$0                        voltmeter
     000000CC  G$TMR4L$0$0                        voltmeter
     000000CC  _P4_4                              voltmeter
     000000CC  _TL2                               voltmeter
     000000CC  _TMR2L                             voltmeter
     000000CC  _TMR3L                             voltmeter
     000000CC  _TMR4L                             voltmeter
     000000CD  G$P4_5$0$0                         voltmeter
     000000CD  G$TH2$0$0                          voltmeter
     000000CD  G$TMR2H$0$0                        voltmeter
     000000CD  G$TMR3H$0$0                        voltmeter
     000000CD  G$TMR4H$0$0                        voltmeter
     000000CD  _P4_5                              voltmeter
     000000CD  _TH2                               voltmeter
     000000CD  _TMR2H                             voltmeter
     000000CD  _TMR3H                             voltmeter
     000000CD  _TMR4H                             voltmeter
     000000CE  G$EXF2$0$0                         voltmeter
     000000CE  G$EXF3$0$0                         voltmeter
     000000CE  G$EXF4$0$0                         voltmeter
     000000CE  G$MAC0RNDL$0$0                     voltmeter
     000000CE  G$P4_6$0$0                         voltmeter
     000000CE  _EXF2                              voltmeter
     000000CE  _EXF3                              voltmeter
     000000CE  _EXF4                              voltmeter
     000000CE  _MAC0RNDL                          voltmeter
     000000CE  _P4_6                              voltmeter
     000000CF  G$MAC0RNDH$0$0                     voltmeter
     000000CF  G$P4_7$0$0                         voltmeter
     000000CF  G$SMB0CR$0$0                       voltmeter
     000000CF  G$TF2$0$0                          voltmeter
     000000CF  G$TF3$0$0                          voltmeter
     000000CF  G$TF4$0$0                          voltmeter
     000000CF  _MAC0RNDH                          voltmeter
     000000CF  _P4_7                              voltmeter
     000000CF  _SMB0CR                            voltmeter
     000000CF  _TF2                               voltmeter
     000000CF  _TF3                               voltmeter
     000000CF  _TF4                               voltmeter
     000000D0  G$P$0$0                            voltmeter
     000000D0  G$PSW$0$0                          voltmeter
     000000D0  _P                                 voltmeter
     000000D0  _PSW                               voltmeter
     000000D1  G$F1$0$0                           voltmeter
     000000D1  G$REF0CN$0$0                       voltmeter
     000000D1  _F1                                voltmeter
     000000D1  _REF0CN                            voltmeter
ASxxxx Linker V03.00 + NoICE + sdld,  page 13.
Hexadecimal  [32-Bits]

Area                                    Addr        Size        Decimal Bytes (Attributes)
--------------------------------        ----        ----        ------- ----- ------------
.  .ABS.                            00000000    00000000 =           0. bytes (ABS,CON)

      Value  Global                              Global Defined In Module
      -----  --------------------------------   ------------------------
     000000D2  G$DAC0L$0$0                        voltmeter
     000000D2  G$DAC1L$0$0                        voltmeter
     000000D2  G$OV$0$0                           voltmeter
     000000D2  _DAC0L                             voltmeter
     000000D2  _DAC1L                             voltmeter
     000000D2  _OV                                voltmeter
     000000D3  G$DAC0H$0$0                        voltmeter
     000000D3  G$DAC1H$0$0                        voltmeter
     000000D3  G$RS0$0$0                          voltmeter
     000000D3  _DAC0H                             voltmeter
     000000D3  _DAC1H                             voltmeter
     000000D3  _RS0                               voltmeter
     000000D4  G$DAC0CN$0$0                       voltmeter
     000000D4  G$DAC1CN$0$0                       voltmeter
     000000D4  G$RS1$0$0                          voltmeter
     000000D4  _DAC0CN                            voltmeter
     000000D4  _DAC1CN                            voltmeter
     000000D4  _RS1                               voltmeter
     000000D5  G$F0$0$0                           voltmeter
     000000D5  _F0                                voltmeter
     000000D6  G$AC$0$0                           voltmeter
     000000D6  _AC                                voltmeter
     000000D7  G$CY$0$0                           voltmeter
     000000D7  _CY                                voltmeter
     000000D8  G$CCF0$0$0                         voltmeter
     000000D8  G$P5$0$0                           voltmeter
     000000D8  G$P5_0$0$0                         voltmeter
     000000D8  G$PCA0CN$0$0                       voltmeter
     000000D8  _CCF0                              voltmeter
     000000D8  _P5                                voltmeter
     000000D8  _P5_0                              voltmeter
     000000D8  _PCA0CN                            voltmeter
     000000D9  G$CCF1$0$0                         voltmeter
     000000D9  G$P5_1$0$0                         voltmeter
     000000D9  G$PCA0MD$0$0                       voltmeter
     000000D9  _CCF1                              voltmeter
     000000D9  _P5_1                              voltmeter
     000000D9  _PCA0MD                            voltmeter
     000000DA  G$CCF2$0$0                         voltmeter
     000000DA  G$P5_2$0$0                         voltmeter
     000000DA  G$PCA0CPM0$0$0                     voltmeter
     000000DA  _CCF2                              voltmeter
     000000DA  _P5_2                              voltmeter
     000000DA  _PCA0CPM0                          voltmeter
     000000DB  G$CCF3$0$0                         voltmeter
     000000DB  G$P5_3$0$0                         voltmeter
     000000DB  G$PCA0CPM1$0$0                     voltmeter
     000000DB  _CCF3                              voltmeter
     000000DB  _P5_3                              voltmeter
     000000DB  _PCA0CPM1                          voltmeter
     000000DC  G$CCF4$0$0                         voltmeter
ASxxxx Linker V03.00 + NoICE + sdld,  page 14.
Hexadecimal  [32-Bits]

Area                                    Addr        Size        Decimal Bytes (Attributes)
--------------------------------        ----        ----        ------- ----- ------------
.  .ABS.                            00000000    00000000 =           0. bytes (ABS,CON)

      Value  Global                              Global Defined In Module
      -----  --------------------------------   ------------------------
     000000DC  G$P5_4$0$0                         voltmeter
     000000DC  G$PCA0CPM2$0$0                     voltmeter
     000000DC  _CCF4                              voltmeter
     000000DC  _P5_4                              voltmeter
     000000DC  _PCA0CPM2                          voltmeter
     000000DD  G$CCF5$0$0                         voltmeter
     000000DD  G$P5_5$0$0                         voltmeter
     000000DD  G$PCA0CPM3$0$0                     voltmeter
     000000DD  _CCF5                              voltmeter
     000000DD  _P5_5                              voltmeter
     000000DD  _PCA0CPM3                          voltmeter
     000000DE  G$CR$0$0                           voltmeter
     000000DE  G$P5_6$0$0                         voltmeter
     000000DE  G$PCA0CPM4$0$0                     voltmeter
     000000DE  _CR                                voltmeter
     000000DE  _P5_6                              voltmeter
     000000DE  _PCA0CPM4                          voltmeter
     000000DF  G$CF$0$0                           voltmeter
     000000DF  G$P5_7$0$0                         voltmeter
     000000DF  G$PCA0CPM5$0$0                     voltmeter
     000000DF  _CF                                voltmeter
     000000DF  _P5_7                              voltmeter
     000000DF  _PCA0CPM5                          voltmeter
     000000E0  G$ACC$0$0                          voltmeter
     000000E0  _ACC                               voltmeter
     000000E1  G$PCA0CPL5$0$0                     voltmeter
     000000E1  G$XBR0$0$0                         voltmeter
     000000E1  _PCA0CPL5                          voltmeter
     000000E1  _XBR0                              voltmeter
     000000E2  G$PCA0CPH5$0$0                     voltmeter
     000000E2  G$XBR1$0$0                         voltmeter
     000000E2  _PCA0CPH5                          voltmeter
     000000E2  _XBR1                              voltmeter
     000000E3  G$XBR2$0$0                         voltmeter
     000000E3  _XBR2                              voltmeter
     000000E6  G$EIE1$0$0                         voltmeter
     000000E6  _EIE1                              voltmeter
     000000E7  G$EIE2$0$0                         voltmeter
     000000E7  _EIE2                              voltmeter
     000000E8  G$AD0LJST$0$0                      voltmeter
     000000E8  G$AD2WINT$0$0                      voltmeter
     000000E8  G$ADC0CN$0$0                       voltmeter
     000000E8  G$ADC2CN$0$0                       voltmeter
     000000E8  G$P6$0$0                           voltmeter
     000000E8  G$P6_0$0$0                         voltmeter
     000000E8  _AD0LJST                           voltmeter
     000000E8  _AD2WINT                           voltmeter
     000000E8  _ADC0CN                            voltmeter
     000000E8  _ADC2CN                            voltmeter
     000000E8  _P6                                voltmeter
     000000E8  _P6_0                              voltmeter
ASxxxx Linker V03.00 + NoICE + sdld,  page 15.
Hexadecimal  [32-Bits]

Area                                    Addr        Size        Decimal Bytes (Attributes)
--------------------------------        ----        ----        ------- ----- ------------
.  .ABS.                            00000000    00000000 =           0. bytes (ABS,CON)

      Value  Global                              Global Defined In Module
      -----  --------------------------------   ------------------------
     000000E9  G$AD0WINT$0$0                      voltmeter
     000000E9  G$AD2CM0$0$0                       voltmeter
     000000E9  G$P6_1$0$0                         voltmeter
     000000E9  G$PCA0CPL2$0$0                     voltmeter
     000000E9  _AD0WINT                           voltmeter
     000000E9  _AD2CM0                            voltmeter
     000000E9  _P6_1                              voltmeter
     000000E9  _PCA0CPL2                          voltmeter
     000000EA  G$AD0CM0$0$0                       voltmeter
     000000EA  G$AD2CM1$0$0                       voltmeter
     000000EA  G$P6_2$0$0                         voltmeter
     000000EA  G$PCA0CPH2$0$0                     voltmeter
     000000EA  _AD0CM0                            voltmeter
     000000EA  _AD2CM1                            voltmeter
     000000EA  _P6_2                              voltmeter
     000000EA  _PCA0CPH2                          voltmeter
     000000EB  G$AD0CM1$0$0                       voltmeter
     000000EB  G$AD2CM2$0$0                       voltmeter
     000000EB  G$P6_3$0$0                         voltmeter
     000000EB  G$PCA0CPL3$0$0                     voltmeter
     000000EB  _AD0CM1                            voltmeter
     000000EB  _AD2CM2                            voltmeter
     000000EB  _P6_3                              voltmeter
     000000EB  _PCA0CPL3                          voltmeter
     000000EC  G$AD0BUSY$0$0                      voltmeter
     000000EC  G$AD2BUSY$0$0                      voltmeter
     000000EC  G$P6_4$0$0                         voltmeter
     000000EC  G$PCA0CPH3$0$0                     voltmeter
     000000EC  _AD0BUSY                           voltmeter
     000000EC  _AD2BUSY                           voltmeter
     000000EC  _P6_4                              voltmeter
     000000EC  _PCA0CPH3                          voltmeter
     000000ED  G$AD0INT$0$0                       voltmeter
     000000ED  G$AD2INT$0$0                       voltmeter
     000000ED  G$P6_5$0$0                         voltmeter
     000000ED  G$PCA0CPL4$0$0                     voltmeter
     000000ED  _AD0INT                            voltmeter
     000000ED  _AD2INT                            voltmeter
     000000ED  _P6_5                              voltmeter
     000000ED  _PCA0CPL4                          voltmeter
     000000EE  G$AD0TM$0$0                        voltmeter
     000000EE  G$AD2TM$0$0                        voltmeter
     000000EE  G$P6_6$0$0                         voltmeter
     000000EE  G$PCA0CPH4$0$0                     voltmeter
     000000EE  _AD0TM                             voltmeter
     000000EE  _AD2TM                             voltmeter
     000000EE  _P6_6                              voltmeter
     000000EE  _PCA0CPH4                          voltmeter
     000000EF  G$AD0EN$0$0                        voltmeter
     000000EF  G$AD2EN$0$0                        voltmeter
     000000EF  G$P6_7$0$0                         voltmeter
ASxxxx Linker V03.00 + NoICE + sdld,  page 16.
Hexadecimal  [32-Bits]

Area                                    Addr        Size        Decimal Bytes (Attributes)
--------------------------------        ----        ----        ------- ----- ------------
.  .ABS.                            00000000    00000000 =           0. bytes (ABS,CON)

      Value  Global                              Global Defined In Module
      -----  --------------------------------   ------------------------
     000000EF  G$RSTSRC$0$0                       voltmeter
     000000EF  _AD0EN                             voltmeter
     000000EF  _AD2EN                             voltmeter
     000000EF  _P6_7                              voltmeter
     000000EF  _RSTSRC                            voltmeter
     000000F0  G$B$0$0                            voltmeter
     000000F0  _B                                 voltmeter
     000000F5  _B_5                               _gptrget
     000000F6  G$EIP1$0$0                         voltmeter
     000000F6  _B_6                               _gptrget
     000000F6  _EIP1                              voltmeter
     000000F7  G$EIP2$0$0                         voltmeter
     000000F7  _B_7                               _gptrget
     000000F7  _EIP2                              voltmeter
     000000F8  G$P7$0$0                           voltmeter
     000000F8  G$P7_0$0$0                         voltmeter
     000000F8  G$SPI0CN$0$0                       voltmeter
     000000F8  G$SPIEN$0$0                        voltmeter
     000000F8  _P7                                voltmeter
     000000F8  _P7_0                              voltmeter
     000000F8  _SPI0CN                            voltmeter
     000000F8  _SPIEN                             voltmeter
     000000F9  G$P7_1$0$0                         voltmeter
     000000F9  G$PCA0L$0$0                        voltmeter
     000000F9  G$TXBMT$0$0                        voltmeter
     000000F9  _P7_1                              voltmeter
     000000F9  _PCA0L                             voltmeter
     000000F9  _TXBMT                             voltmeter
     000000FA  G$NSSMD0$0$0                       voltmeter
     000000FA  G$P7_2$0$0                         voltmeter
     000000FA  G$PCA0H$0$0                        voltmeter
     000000FA  _NSSMD0                            voltmeter
     000000FA  _P7_2                              voltmeter
     000000FA  _PCA0H                             voltmeter
     000000FB  G$NSSMD1$0$0                       voltmeter
     000000FB  G$P7_3$0$0                         voltmeter
     000000FB  G$PCA0CPL0$0$0                     voltmeter
     000000FB  _NSSMD1                            voltmeter
     000000FB  _P7_3                              voltmeter
     000000FB  _PCA0CPL0                          voltmeter
     000000FC  G$P7_4$0$0                         voltmeter
     000000FC  G$PCA0CPH0$0$0                     voltmeter
     000000FC  G$RXOVRN$0$0                       voltmeter
     000000FC  _P7_4                              voltmeter
     000000FC  _PCA0CPH0                          voltmeter
     000000FC  _RXOVRN                            voltmeter
     000000FD  G$MODF$0$0                         voltmeter
     000000FD  G$P7_5$0$0                         voltmeter
     000000FD  G$PCA0CPL1$0$0                     voltmeter
     000000FD  _MODF                              voltmeter
     000000FD  _P7_5                              voltmeter
ASxxxx Linker V03.00 + NoICE + sdld,  page 17.
Hexadecimal  [32-Bits]

Area                                    Addr        Size        Decimal Bytes (Attributes)
--------------------------------        ----        ----        ------- ----- ------------
.  .ABS.                            00000000    00000000 =           0. bytes (ABS,CON)

      Value  Global                              Global Defined In Module
      -----  --------------------------------   ------------------------
     000000FD  _PCA0CPL1                          voltmeter
     000000FE  G$P7_6$0$0                         voltmeter
     000000FE  G$PCA0CPH1$0$0                     voltmeter
     000000FE  G$WCOL$0$0                         voltmeter
     000000FE  _P7_6                              voltmeter
     000000FE  _PCA0CPH1                          voltmeter
     000000FE  _WCOL                              voltmeter
     000000FF  G$P7_7$0$0                         voltmeter
     000000FF  G$SPIF$0$0                         voltmeter
     000000FF  G$WDTCN$0$0                        voltmeter
     000000FF  _P7_7                              voltmeter
     000000FF  _SPIF                              voltmeter
     000000FF  _WDTCN                             voltmeter
     00008C8A  G$TMR0$0$0                         voltmeter
     00008C8A  _TMR0                              voltmeter
     00008D8B  G$TMR1$0$0                         voltmeter
     00008D8B  _TMR1                              voltmeter
     0000BFBE  G$ADC0$0$0                         voltmeter
     0000BFBE  _ADC0                              voltmeter
     0000C2C1  G$MAC0A$0$0                        voltmeter
     0000C2C1  _MAC0A                             voltmeter
     0000C5C4  G$ADC0GT$0$0                       voltmeter
     0000C5C4  _ADC0GT                            voltmeter
     0000C7C6  G$ADC0LT$0$0                       voltmeter
     0000C7C6  _ADC0LT                            voltmeter
     0000CBCA  G$RCAP2$0$0                        voltmeter
     0000CBCA  G$RCAP3$0$0                        voltmeter
     0000CBCA  G$RCAP4$0$0                        voltmeter
     0000CBCA  _RCAP2                             voltmeter
     0000CBCA  _RCAP3                             voltmeter
     0000CBCA  _RCAP4                             voltmeter
     0000CDCC  G$TMR2$0$0                         voltmeter
     0000CDCC  G$TMR3$0$0                         voltmeter
     0000CDCC  G$TMR4$0$0                         voltmeter
     0000CDCC  _TMR2                              voltmeter
     0000CDCC  _TMR3                              voltmeter
     0000CDCC  _TMR4                              voltmeter
     0000CFCE  G$MAC0RND$0$0                      voltmeter
     0000CFCE  _MAC0RND                           voltmeter
     0000D3D2  G$DAC0$0$0                         voltmeter
     0000D3D2  G$DAC1$0$0                         voltmeter
     0000D3D2  _DAC0                              voltmeter
     0000D3D2  _DAC1                              voltmeter
     0000E2E1  G$PCA0CP5$0$0                      voltmeter
     0000E2E1  _PCA0CP5                           voltmeter
     0000EAE9  G$PCA0CP2$0$0                      voltmeter
     0000EAE9  _PCA0CP2                           voltmeter
     0000ECEB  G$PCA0CP3$0$0                      voltmeter
     0000ECEB  _PCA0CP3                           voltmeter
     0000EEED  G$PCA0CP4$0$0                      voltmeter
     0000EEED  _PCA0CP4                           voltmeter
ASxxxx Linker V03.00 + NoICE + sdld,  page 18.
Hexadecimal  [32-Bits]

Area                                    Addr        Size        Decimal Bytes (Attributes)
--------------------------------        ----        ----        ------- ----- ------------
.  .ABS.                            00000000    00000000 =           0. bytes (ABS,CON)

      Value  Global                              Global Defined In Module
      -----  --------------------------------   ------------------------
     0000FAF9  G$PCA0$0$0                         voltmeter
     0000FAF9  _PCA0                              voltmeter
     0000FCFB  G$PCA0CP0$0$0                      voltmeter
     0000FCFB  _PCA0CP0                           voltmeter
     0000FEFD  G$PCA0CP1$0$0                      voltmeter
     0000FEFD  _PCA0CP1                           voltmeter
     00959493  G$MAC0ACC$0$0                      voltmeter
     00959493  _MAC0ACC                           voltmeter

ASxxxx Linker V03.00 + NoICE + sdld,  page 19.
Hexadecimal  [32-Bits]

Area                                    Addr        Size        Decimal Bytes (Attributes)
--------------------------------        ----        ----        ------- ----- ------------
BSEG_BYTES                          00000020    00000003 =           3. bytes (REL,CON)

      Value  Global                              Global Defined In Module
      -----  --------------------------------   ------------------------
ASxxxx Linker V03.00 + NoICE + sdld,  page 20.
Hexadecimal  [32-Bits]

Area                                    Addr        Size        Decimal Bytes (Attributes)
--------------------------------        ----        ----        ------- ----- ------------
REG_BANK_0                          00000000    00000008 =           8. bytes (REL,OVR)

      Value  Global                              Global Defined In Module
      -----  --------------------------------   ------------------------
ASxxxx Linker V03.00 + NoICE + sdld,  page 21.
Hexadecimal  [32-Bits]

Area                                    Addr        Size        Decimal Bytes (Attributes)
--------------------------------        ----        ----        ------- ----- ------------
DSEG                                00000000    00000080 =         128. bytes (REL,CON)

      Value  Global                              Global Defined In Module
      -----  --------------------------------   ------------------------
     00000008  G$running$0$0                      voltmeter
     00000008  _running                           voltmeter
     0000000C  G$min$0$0                          voltmeter
     0000000C  _min                               voltmeter
     00000010  G$max$0$0                          voltmeter
     00000010  _max                               voltmeter
     00000014  G$trials$0$0                       voltmeter
     00000014  _trials                            voltmeter
     00000016  Lvoltmeter.score$volts$1$33        voltmeter
     0000001A  Lvoltmeter.score$sloc0$1$0         voltmeter
     0000001E  _bp                                _bp
     0000001F  _vprintf_PARM_2                    vprintf
     00000035  __print_format_PARM_2              printf_large
     00000038  __print_format_PARM_3              printf_large
     0000003B  __print_format_PARM_4              printf_large
ASxxxx Linker V03.00 + NoICE + sdld,  page 22.
Hexadecimal  [32-Bits]

Area                                    Addr        Size        Decimal Bytes (Attributes)
--------------------------------        ----        ----        ------- ----- ------------
OSEG                                00000043    00000006 =           6. bytes (REL,OVR)

      Value  Global                              Global Defined In Module
      -----  --------------------------------   ------------------------
ASxxxx Linker V03.00 + NoICE + sdld,  page 23.
Hexadecimal  [32-Bits]

Area                                    Addr        Size        Decimal Bytes (Attributes)
--------------------------------        ----        ----        ------- ----- ------------
ISEG                                00000049    00000006 =           6. bytes (REL,CON)

      Value  Global                              Global Defined In Module
      -----  --------------------------------   ------------------------
ASxxxx Linker V03.00 + NoICE + sdld,  page 24.
Hexadecimal  [32-Bits]

Area                                    Addr        Size        Decimal Bytes (Attributes)
--------------------------------        ----        ----        ------- ----- ------------
SSEG                                0000004F    000000B1 =         177. bytes (REL,OVR)

      Value  Global                              Global Defined In Module
      -----  --------------------------------   ------------------------
     0000004F  __start__stack                     voltmeter

ASxxxx Linker V03.00 + NoICE + sdld,  page 25.
Hexadecimal  [32-Bits]

Area                                    Addr        Size        Decimal Bytes (Attributes)
--------------------------------        ----        ----        ------- ----- ------------
HOME                                00000000    00000006 =           6. bytes (REL,CON,CODE)

      Value  Global                              Global Defined In Module
      -----  --------------------------------   ------------------------
C:   00000000  A$voltmeter$1274                   voltmeter
C:   00000003  A$voltmeter$1320                   voltmeter
C:   00000003  __sdcc_program_startup             voltmeter
ASxxxx Linker V03.00 + NoICE + sdld,  page 26.
Hexadecimal  [32-Bits]

Area                                    Addr        Size        Decimal Bytes (Attributes)
--------------------------------        ----        ----        ------- ----- ------------
GSINIT0                             00000006    00000003 =           3. bytes (REL,CON,CODE)

      Value  Global                              Global Defined In Module
      -----  --------------------------------   ------------------------
C:   00000006  __sdcc_gsinit_startup              

ASxxxx Linker V03.00 + NoICE + sdld,  page 27.
Hexadecimal  [32-Bits]

Area                                    Addr        Size        Decimal Bytes (Attributes)
--------------------------------        ----        ----        ------- ----- ------------
GSINIT2                             00000009    0000000A =          10. bytes (REL,CON,CODE)

      Value  Global                              Global Defined In Module
      -----  --------------------------------   ------------------------
ASxxxx Linker V03.00 + NoICE + sdld,  page 28.
Hexadecimal  [32-Bits]

Area                                    Addr        Size        Decimal Bytes (Attributes)
--------------------------------        ----        ----        ------- ----- ------------
GSINIT3                             00000013    00000022 =          34. bytes (REL,CON,CODE)

      Value  Global                              Global Defined In Module
      -----  --------------------------------   ------------------------
C:   00000013  __mcs51_genXINIT                   

ASxxxx Linker V03.00 + NoICE + sdld,  page 29.
Hexadecimal  [32-Bits]

Area                                    Addr        Size        Decimal Bytes (Attributes)
--------------------------------        ----        ----        ------- ----- ------------
GSINIT4                             00000035    0000002A =          42. bytes (REL,CON,CODE)

      Value  Global                              Global Defined In Module
      -----  --------------------------------   ------------------------
C:   00000035  __mcs51_genRAMCLEAR                
C:   0000003B  __mcs51_genXRAMCLEAR               

ASxxxx Linker V03.00 + NoICE + sdld,  page 30.
Hexadecimal  [32-Bits]

Area                                    Addr        Size        Decimal Bytes (Attributes)
--------------------------------        ----        ----        ------- ----- ------------
GSINIT                              0000005F    00000020 =          32. bytes (REL,CON,CODE)

      Value  Global                              Global Defined In Module
      -----  --------------------------------   ------------------------
C:   0000005F  A$voltmeter$1290                   voltmeter
C:   0000005F  C$voltmeter.c$19$1$40              voltmeter
C:   00000060  A$voltmeter$1291                   voltmeter
C:   00000062  A$voltmeter$1292                   voltmeter
C:   00000064  A$voltmeter$1293                   voltmeter
C:   00000066  A$voltmeter$1294                   voltmeter
C:   00000068  A$voltmeter$1297                   voltmeter
C:   00000068  C$voltmeter.c$20$1$40              voltmeter
C:   0000006A  A$voltmeter$1298                   voltmeter
C:   0000006C  A$voltmeter$1299                   voltmeter
C:   0000006F  A$voltmeter$1300                   voltmeter
C:   00000072  A$voltmeter$1303                   voltmeter
C:   00000072  C$voltmeter.c$21$1$40              voltmeter
C:   00000074  A$voltmeter$1304                   voltmeter
C:   00000076  A$voltmeter$1305                   voltmeter
C:   00000078  A$voltmeter$1306                   voltmeter
C:   0000007A  A$voltmeter$1309                   voltmeter
C:   0000007A  C$voltmeter.c$22$1$40              voltmeter
C:   0000007D  A$voltmeter$1311                   voltmeter

ASxxxx Linker V03.00 + NoICE + sdld,  page 31.
Hexadecimal  [32-Bits]

Area                                    Addr        Size        Decimal Bytes (Attributes)
--------------------------------        ----        ----        ------- ----- ------------
GSFINAL                             0000007F    00000003 =           3. bytes (REL,CON,CODE)

      Value  Global                              Global Defined In Module
      -----  --------------------------------   ------------------------
C:   0000007F  A$voltmeter$1313                   voltmeter

ASxxxx Linker V03.00 + NoICE + sdld,  page 32.
Hexadecimal  [32-Bits]

Area                                    Addr        Size        Decimal Bytes (Attributes)
--------------------------------        ----        ----        ------- ----- ------------
CSEG                                00000082    00001131 =        4401. bytes (REL,CON,CODE)

      Value  Global                              Global Defined In Module
      -----  --------------------------------   ------------------------
C:   00000082  A$voltmeter$1346                   voltmeter
C:   00000082  C$putget.h$18$0$0                  voltmeter
C:   00000082  G$putchar$0$0                      voltmeter
C:   00000082  _putchar                           voltmeter
C:   00000084  A$voltmeter$1352                   voltmeter
C:   00000084  C$putget.h$20$1$16                 voltmeter
C:   00000084  C$putget.h$21$1$16                 voltmeter
C:   00000087  A$voltmeter$1353                   voltmeter
C:   00000089  A$voltmeter$1357                   voltmeter
C:   00000089  C$putget.h$22$1$16                 voltmeter
C:   0000008B  A$voltmeter$1360                   voltmeter
C:   0000008B  C$putget.h$23$1$16                 voltmeter
C:   0000008B  XG$putchar$0$0                     voltmeter
C:   0000008C  A$voltmeter$1378                   voltmeter
C:   0000008C  C$putget.h$28$1$16                 voltmeter
C:   0000008C  C$putget.h$31$1$18                 voltmeter
C:   0000008C  C$putget.h$32$1$18                 voltmeter
C:   0000008C  G$getchar$0$0                      voltmeter
C:   0000008C  _getchar                           voltmeter
C:   0000008F  A$voltmeter$1379                   voltmeter
C:   00000091  A$voltmeter$1383                   voltmeter
C:   00000091  C$putget.h$33$1$18                 voltmeter
C:   00000093  A$voltmeter$1386                   voltmeter
C:   00000093  C$putget.h$36$1$18                 voltmeter
C:   00000096  A$voltmeter$1389                   voltmeter
C:   00000096  C$putget.h$37$1$18                 voltmeter
C:   00000096  XG$getchar$0$0                     voltmeter
C:   00000097  A$voltmeter$1402                   voltmeter
C:   00000097  C$voltmeter.c$35$1$18              voltmeter
C:   00000097  C$voltmeter.c$38$1$28              voltmeter
C:   00000097  G$main$0$0                         voltmeter
C:   00000097  _main                              voltmeter
C:   0000009A  A$voltmeter$1405                   voltmeter
C:   0000009A  C$voltmeter.c$39$1$28              voltmeter
C:   0000009D  A$voltmeter$1408                   voltmeter
C:   0000009D  C$voltmeter.c$40$1$28              voltmeter
C:   000000A0  A$voltmeter$1411                   voltmeter
C:   000000A0  C$voltmeter.c$41$1$28              voltmeter
C:   000000A3  A$voltmeter$1414                   voltmeter
C:   000000A3  C$voltmeter.c$42$1$28              voltmeter
C:   000000A6  A$voltmeter$1417                   voltmeter
C:   000000A6  C$voltmeter.c$43$1$28              voltmeter
C:   000000A9  A$voltmeter$1420                   voltmeter
C:   000000A9  C$voltmeter.c$44$1$28              voltmeter
C:   000000AC  A$voltmeter$1423                   voltmeter
C:   000000AC  C$voltmeter.c$45$1$28              voltmeter
C:   000000AE  A$voltmeter$1424                   voltmeter
C:   000000B0  A$voltmeter$1425                   voltmeter
C:   000000B2  A$voltmeter$1426                   voltmeter
C:   000000B4  A$voltmeter$1427                   voltmeter
ASxxxx Linker V03.00 + NoICE + sdld,  page 33.
Hexadecimal  [32-Bits]

Area                                    Addr        Size        Decimal Bytes (Attributes)
--------------------------------        ----        ----        ------- ----- ------------
CSEG                                00000082    00001131 =        4401. bytes (REL,CON,CODE)

      Value  Global                              Global Defined In Module
      -----  --------------------------------   ------------------------
C:   000000B6  A$voltmeter$1428                   voltmeter
C:   000000B8  A$voltmeter$1429                   voltmeter
C:   000000BB  A$voltmeter$1430                   voltmeter
C:   000000BD  A$voltmeter$1431                   voltmeter
C:   000000BF  A$voltmeter$1432                   voltmeter
C:   000000C1  A$voltmeter$1435                   voltmeter
C:   000000C1  C$voltmeter.c$46$1$28              voltmeter
C:   000000C3  A$voltmeter$1436                   voltmeter
C:   000000C5  A$voltmeter$1437                   voltmeter
C:   000000C7  A$voltmeter$1438                   voltmeter
C:   000000C9  A$voltmeter$1439                   voltmeter
C:   000000CB  A$voltmeter$1440                   voltmeter
C:   000000CD  A$voltmeter$1441                   voltmeter
C:   000000D0  A$voltmeter$1442                   voltmeter
C:   000000D2  A$voltmeter$1443                   voltmeter
C:   000000D4  A$voltmeter$1444                   voltmeter
C:   000000D6  A$voltmeter$1450                   voltmeter
C:   000000D6  C$voltmeter.c$47$1$28              voltmeter
C:   000000D6  C$voltmeter.c$49$2$29              voltmeter
C:   000000D9  A$voltmeter$1453                   voltmeter
C:   000000D9  C$voltmeter.c$50$2$29              voltmeter
C:   000000DC  A$voltmeter$1456                   voltmeter
C:   000000DC  C$voltmeter.c$52$3$30              voltmeter
C:   000000DF  A$voltmeter$1457                   voltmeter
C:   000000E2  A$voltmeter$1458                   voltmeter
C:   000000E4  A$voltmeter$1461                   voltmeter
C:   000000E4  C$voltmeter.c$57$1$28              voltmeter
C:   000000E4  XG$main$0$0                        voltmeter
C:   000000E5  A$voltmeter$1474                   voltmeter
C:   000000E5  C$voltmeter.c$59$1$28              voltmeter
C:   000000E5  C$voltmeter.c$61$1$31              voltmeter
C:   000000E5  G$ADC_read$0$0                     voltmeter
C:   000000E5  _ADC_read                          voltmeter
C:   000000E8  A$voltmeter$1477                   voltmeter
C:   000000E8  C$voltmeter.c$62$1$31              voltmeter
C:   000000EA  A$voltmeter$1478                   voltmeter
C:   000000EC  A$voltmeter$1479                   voltmeter
C:   000000ED  A$voltmeter$1480                   voltmeter
C:   000000EF  A$voltmeter$1483                   voltmeter
C:   000000EF  C$voltmeter.c$63$1$31              voltmeter
C:   000000F2  A$voltmeter$1487                   voltmeter
C:   000000F2  C$voltmeter.c$64$1$31              voltmeter
C:   000000F4  A$voltmeter$1488                   voltmeter
C:   000000F7  A$voltmeter$1491                   voltmeter
C:   000000F7  C$voltmeter.c$65$1$31              voltmeter
C:   000000FA  A$voltmeter$1492                   voltmeter
C:   000000FD  A$voltmeter$1495                   voltmeter
C:   000000FD  C$voltmeter.c$66$1$31              voltmeter
C:   000000FD  XG$ADC_read$0$0                    voltmeter
C:   000000FE  A$voltmeter$1512                   voltmeter
C:   000000FE  C$voltmeter.c$67$1$31              voltmeter
ASxxxx Linker V03.00 + NoICE + sdld,  page 34.
Hexadecimal  [32-Bits]

Area                                    Addr        Size        Decimal Bytes (Attributes)
--------------------------------        ----        ----        ------- ----- ------------
CSEG                                00000082    00001131 =        4401. bytes (REL,CON,CODE)

      Value  Global                              Global Defined In Module
      -----  --------------------------------   ------------------------
C:   000000FE  C$voltmeter.c$70$1$33              voltmeter
C:   000000FE  G$score$0$0                        voltmeter
C:   000000FE  _score                             voltmeter
C:   00000101  A$voltmeter$1513                   voltmeter
C:   00000103  A$voltmeter$1514                   voltmeter
C:   00000105  A$voltmeter$1515                   voltmeter
C:   00000107  A$voltmeter$1516                   voltmeter
C:   00000108  A$voltmeter$1517                   voltmeter
C:   0000010A  A$voltmeter$1518                   voltmeter
C:   0000010C  A$voltmeter$1519                   voltmeter
C:   0000010E  A$voltmeter$1520                   voltmeter
C:   00000110  A$voltmeter$1521                   voltmeter
C:   00000112  A$voltmeter$1522                   voltmeter
C:   00000114  A$voltmeter$1523                   voltmeter
C:   00000116  A$voltmeter$1524                   voltmeter
C:   00000118  A$voltmeter$1525                   voltmeter
C:   0000011B  A$voltmeter$1526                   voltmeter
C:   0000011E  A$voltmeter$1527                   voltmeter
C:   00000120  A$voltmeter$1528                   voltmeter
C:   00000123  A$voltmeter$1529                   voltmeter
C:   00000126  A$voltmeter$1530                   voltmeter
C:   00000129  A$voltmeter$1531                   voltmeter
C:   0000012C  A$voltmeter$1532                   voltmeter
C:   0000012E  A$voltmeter$1533                   voltmeter
C:   00000130  A$voltmeter$1534                   voltmeter
C:   00000132  A$voltmeter$1535                   voltmeter
C:   00000134  A$voltmeter$1538                   voltmeter
C:   00000134  C$voltmeter.c$71$1$33              voltmeter
C:   00000136  A$voltmeter$1539                   voltmeter
C:   00000138  A$voltmeter$1540                   voltmeter
C:   0000013A  A$voltmeter$1541                   voltmeter
C:   0000013C  A$voltmeter$1542                   voltmeter
C:   0000013E  A$voltmeter$1543                   voltmeter
C:   00000140  A$voltmeter$1544                   voltmeter
C:   00000142  A$voltmeter$1545                   voltmeter
C:   00000144  A$voltmeter$1546                   voltmeter
C:   00000146  A$voltmeter$1547                   voltmeter
C:   00000148  A$voltmeter$1548                   voltmeter
C:   0000014A  A$voltmeter$1549                   voltmeter
C:   0000014C  A$voltmeter$1550                   voltmeter
C:   0000014F  A$voltmeter$1551                   voltmeter
C:   00000151  A$voltmeter$1552                   voltmeter
C:   00000153  A$voltmeter$1553                   voltmeter
C:   00000155  A$voltmeter$1556                   voltmeter
C:   00000155  C$voltmeter.c$72$1$33              voltmeter
C:   00000158  A$voltmeter$1557                   voltmeter
C:   0000015B  A$voltmeter$1558                   voltmeter
C:   0000015E  A$voltmeter$1559                   voltmeter
C:   00000160  A$voltmeter$1560                   voltmeter
C:   00000162  A$voltmeter$1561                   voltmeter
C:   00000164  A$voltmeter$1562                   voltmeter
ASxxxx Linker V03.00 + NoICE + sdld,  page 35.
Hexadecimal  [32-Bits]

Area                                    Addr        Size        Decimal Bytes (Attributes)
--------------------------------        ----        ----        ------- ----- ------------
CSEG                                00000082    00001131 =        4401. bytes (REL,CON,CODE)

      Value  Global                              Global Defined In Module
      -----  --------------------------------   ------------------------
C:   00000165  A$voltmeter$1563                   voltmeter
C:   00000167  A$voltmeter$1564                   voltmeter
C:   00000169  A$voltmeter$1565                   voltmeter
C:   0000016B  A$voltmeter$1566                   voltmeter
C:   0000016D  A$voltmeter$1567                   voltmeter
C:   00000170  A$voltmeter$1568                   voltmeter
C:   00000173  A$voltmeter$1569                   voltmeter
C:   00000176  A$voltmeter$1570                   voltmeter
C:   00000178  A$voltmeter$1571                   voltmeter
C:   0000017B  A$voltmeter$1572                   voltmeter
C:   0000017D  A$voltmeter$1573                   voltmeter
C:   0000017F  A$voltmeter$1574                   voltmeter
C:   00000181  A$voltmeter$1575                   voltmeter
C:   00000182  A$voltmeter$1576                   voltmeter
C:   00000184  A$voltmeter$1577                   voltmeter
C:   00000186  A$voltmeter$1578                   voltmeter
C:   00000188  A$voltmeter$1579                   voltmeter
C:   0000018A  A$voltmeter$1580                   voltmeter
C:   0000018C  A$voltmeter$1581                   voltmeter
C:   0000018E  A$voltmeter$1582                   voltmeter
C:   00000190  A$voltmeter$1583                   voltmeter
C:   00000192  A$voltmeter$1584                   voltmeter
C:   00000194  A$voltmeter$1585                   voltmeter
C:   00000196  A$voltmeter$1586                   voltmeter
C:   00000198  A$voltmeter$1587                   voltmeter
C:   0000019A  A$voltmeter$1588                   voltmeter
[...]
C:   000001FD  C$voltmeter.c$74$1$33              voltmeter
C:   000001FF  A$voltmeter$1639                   voltmeter
C:   00000201  A$voltmeter$1640                   voltmeter
C:   00000203  A$voltmeter$1641                   voltmeter
C:   00000205  A$voltmeter$1642                   voltmeter
C:   00000208  A$voltmeter$1643                   voltmeter
C:   0000020B  A$voltmeter$1644                   voltmeter
C:   0000020E  A$voltmeter$1645                   voltmeter
C:   00000210  A$voltmeter$1646                   voltmeter
C:   00000213  A$voltmeter$1647                   voltmeter
C:   00000215  A$voltmeter$1648                   voltmeter
C:   00000217  A$voltmeter$1649                   voltmeter
C:   00000219  A$voltmeter$1650                   voltmeter
C:   0000021B  A$voltmeter$1651                   voltmeter
C:   0000021C  A$voltmeter$1652                   voltmeter
C:   0000021E  A$voltmeter$1653                   voltmeter
C:   00000221  A$voltmeter$1654                   voltmeter
C:   00000224  A$voltmeter$1655                   voltmeter
C:   00000227  A$voltmeter$1656                   voltmeter
C:   0000022A  A$voltmeter$1660                   voltmeter
C:   0000022A  C$voltmeter.c$75$1$33              voltmeter
C:   0000022C  A$voltmeter$1661                   voltmeter
C:   0000022E  A$voltmeter$1662                   voltmeter
C:   00000230  A$voltmeter$1663                   voltmeter
C:   00000232  A$voltmeter$1664                   voltmeter
C:   00000235  A$voltmeter$1665                   voltmeter
C:   00000238  A$voltmeter$1666                   voltmeter
C:   0000023B  A$voltmeter$1667                   voltmeter
C:   0000023D  A$voltmeter$1668                   voltmeter
ASxxxx Linker V03.00 + NoICE + sdld,  page 37.
Hexadecimal  [32-Bits]

Area                                    Addr        Size        Decimal Bytes (Attributes)
--------------------------------        ----        ----        ------- ----- ------------
CSEG                                00000082    00001131 =        4401. bytes (REL,CON,CODE)

      Value  Global                              Global Defined In Module
      -----  --------------------------------   ------------------------
C:   00000240  A$voltmeter$1669                   voltmeter
C:   00000242  A$voltmeter$1670                   voltmeter
C:   00000244  A$voltmeter$1671                   voltmeter
C:   00000246  A$voltmeter$1672                   voltmeter
C:   00000248  A$voltmeter$1673                   voltmeter
C:   00000249  A$voltmeter$1674                   voltmeter
C:   0000024B  A$voltmeter$1675                   voltmeter
C:   0000024E  A$voltmeter$1676                   voltmeter
C:   00000251  A$voltmeter$1677                   voltmeter
C:   00000254  A$voltmeter$1678                   voltmeter
C:   00000257  A$voltmeter$1682                   voltmeter
C:   00000257  C$voltmeter.c$76$1$33              voltmeter
C:   00000259  A$voltmeter$1683                   voltmeter
C:   0000025B  A$voltmeter$1684                   voltmeter
C:   0000025D  A$voltmeter$1685                   voltmeter
C:   0000025F  A$voltmeter$1686                   voltmeter
C:   00000261  A$voltmeter$1687                   voltmeter
C:   00000263  A$voltmeter$1688                   voltmeter
C:   00000265  A$voltmeter$1689                   voltmeter
C:   00000267  A$voltmeter$1690                   voltmeter
C:   00000269  A$voltmeter$1691                   voltmeter
C:   0000026B  A$voltmeter$1692                   voltmeter
C:   0000026D  A$voltmeter$1693                   voltmeter
C:   0000026F  A$voltmeter$1694                   voltmeter
C:   00000272  A$voltmeter$1695                   voltmeter
C:   00000274  A$voltmeter$1696                   voltmeter
C:   00000276  A$voltmeter$1697                   voltmeter
C:   00000278  A$voltmeter$1700                   voltmeter
C:   00000278  C$voltmeter.c$77$1$33              voltmeter
C:   0000027A  A$voltmeter$1701                   voltmeter
C:   0000027C  A$voltmeter$1702                   voltmeter
C:   0000027E  A$voltmeter$1703                   voltmeter
C:   00000280  A$voltmeter$1704                   voltmeter
C:   00000282  A$voltmeter$1705                   voltmeter
C:   00000284  A$voltmeter$1706                   voltmeter
C:   00000286  A$voltmeter$1707                   voltmeter
C:   00000288  A$voltmeter$1708                   voltmeter
C:   0000028A  A$voltmeter$1709                   voltmeter
C:   0000028C  A$voltmeter$1710                   voltmeter
C:   0000028E  A$voltmeter$1711                   voltmeter
C:   00000290  A$voltmeter$1712                   voltmeter
C:   00000293  A$voltmeter$1713                   voltmeter
C:   00000295  A$voltmeter$1714                   voltmeter
C:   00000297  A$voltmeter$1715                   voltmeter
C:   00000299  A$voltmeter$1718                   voltmeter
C:   00000299  C$voltmeter.c$78$1$33              voltmeter
C:   0000029B  A$voltmeter$1719                   voltmeter
C:   0000029D  A$voltmeter$1720                   voltmeter
C:   0000029F  A$voltmeter$1721                   voltmeter
C:   000002A1  A$voltmeter$1722                   voltmeter
C:   000002A3  A$voltmeter$1723                   voltmeter
ASxxxx Linker V03.00 + NoICE + sdld,  page 38.
Hexadecimal  [32-Bits]

Area                                    Addr        Size        Decimal Bytes (Attributes)
--------------------------------        ----        ----        ------- ----- ------------
CSEG                                00000082    00001131 =        4401. bytes (REL,CON,CODE)

      Value  Global                              Global Defined In Module
      -----  --------------------------------   ------------------------
C:   000002A5  A$voltmeter$1724                   voltmeter
C:   000002A7  A$voltmeter$1725                   voltmeter
C:   000002A9  A$voltmeter$1726                   voltmeter
C:   000002AB  A$voltmeter$1727                   voltmeter
C:   000002AD  A$voltmeter$1728                   voltmeter
C:   000002AF  A$voltmeter$1729                   voltmeter
C:   000002B1  A$voltmeter$1730                   voltmeter
C:   000002B4  A$voltmeter$1731                   voltmeter
C:   000002B6  A$voltmeter$1732                   voltmeter
C:   000002B8  A$voltmeter$1733                   voltmeter
C:   000002BA  A$voltmeter$1736                   voltmeter
C:   000002BA  C$voltmeter.c$80$1$33              voltmeter
C:   000002BA  XG$score$0$0                       voltmeter
C:   000002BB  A$voltmeter$1751                   voltmeter
C:   000002BB  C$voltmeter.c$82$1$33              voltmeter
C:   000002BB  C$voltmeter.c$85$1$36              voltmeter
C:   000002BB  G$SYSCLK_INIT$0$0                  voltmeter
C:   000002BB  _SYSCLK_INIT                       voltmeter
C:   000002BE  A$voltmeter$1754                   voltmeter
C:   000002BE  C$voltmeter.c$86$1$36              voltmeter
C:   000002C1  A$voltmeter$1757                   voltmeter
C:   000002C1  C$voltmeter.c$87$1$36              voltmeter
C:   000002C3  A$voltmeter$1758                   voltmeter
C:   000002C5  A$voltmeter$1760                   voltmeter
C:   000002C6  A$voltmeter$1761                   voltmeter
C:   000002C9  A$voltmeter$1762                   voltmeter
C:   000002CA  A$voltmeter$1764                   voltmeter
C:   000002CB  A$voltmeter$1765                   voltmeter
C:   000002CC  A$voltmeter$1766                   voltmeter
C:   000002CE  A$voltmeter$1770                   voltmeter
C:   000002CE  C$voltmeter.c$88$1$36              voltmeter
C:   000002D0  A$voltmeter$1771                   voltmeter
C:   000002D3  A$voltmeter$1774                   voltmeter
C:   000002D3  C$voltmeter.c$89$1$36              voltmeter
C:   000002D6  A$voltmeter$1777                   voltmeter
C:   000002D6  C$voltmeter.c$90$1$36              voltmeter
C:   000002D9  A$voltmeter$1780                   voltmeter
C:   000002D9  C$voltmeter.c$91$1$36              voltmeter
C:   000002D9  XG$SYSCLK_INIT$0$0                 voltmeter
C:   000002DA  A$voltmeter$1793                   voltmeter
C:   000002DA  C$voltmeter.c$93$1$36              voltmeter
C:   000002DA  C$voltmeter.c$95$1$37              voltmeter
C:   000002DA  G$Timer_Init$0$0                   voltmeter
C:   000002DA  _Timer_Init                        voltmeter
C:   000002DD  A$voltmeter$1796                   voltmeter
C:   000002DD  C$voltmeter.c$96$1$37              voltmeter
C:   000002E0  A$voltmeter$1799                   voltmeter
C:   000002E0  C$voltmeter.c$97$1$37              voltmeter
C:   000002E3  A$voltmeter$1802                   voltmeter
C:   000002E3  C$voltmeter.c$98$1$37              voltmeter
C:   000002E6  A$voltmeter$1805                   voltmeter
ASxxxx Linker V03.00 + NoICE + sdld,  page 39.
Hexadecimal  [32-Bits]

Area                                    Addr        Size        Decimal Bytes (Attributes)
--------------------------------        ----        ----        ------- ----- ------------
CSEG                                00000082    00001131 =        4401. bytes (REL,CON,CODE)

      Value  Global                              Global Defined In Module
      -----  --------------------------------   ------------------------
C:   000002E6  C$voltmeter.c$99$1$37              voltmeter
C:   000002E9  A$voltmeter$1808                   voltmeter
C:   000002E9  C$voltmeter.c$100$1$37             voltmeter
C:   000002EC  A$voltmeter$1811                   voltmeter
C:   000002EC  C$voltmeter.c$101$1$37             voltmeter
C:   000002EF  A$voltmeter$1814                   voltmeter
C:   000002EF  C$voltmeter.c$102$1$37             voltmeter
C:   000002EF  XG$Timer_Init$0$0                  voltmeter
C:   000002F0  A$voltmeter$1827                   voltmeter
C:   000002F0  C$voltmeter.c$104$1$37             voltmeter
C:   000002F0  C$voltmeter.c$106$1$38             voltmeter
C:   000002F0  G$UART_Init$0$0                    voltmeter
C:   000002F0  _UART_Init                         voltmeter
C:   000002F3  A$voltmeter$1830                   voltmeter
C:   000002F3  C$voltmeter.c$107$1$38             voltmeter
C:   000002F5  A$voltmeter$1833                   voltmeter
C:   000002F5  C$voltmeter.c$108$1$38             voltmeter
C:   000002F8  A$voltmeter$1836                   voltmeter
C:   000002F8  C$voltmeter.c$109$1$38             voltmeter
C:   000002FB  A$voltmeter$1839                   voltmeter
C:   000002FB  C$voltmeter.c$110$1$38             voltmeter
C:   000002FD  A$voltmeter$1842                   voltmeter
C:   000002FD  C$voltmeter.c$111$1$38             voltmeter
C:   000002FD  XG$UART_Init$0$0                   voltmeter
C:   000002FE  A$voltmeter$1855                   voltmeter
C:   000002FE  C$voltmeter.c$113$1$38             voltmeter
C:   000002FE  C$voltmeter.c$115$1$39             voltmeter
C:   000002FE  G$Port_IO_Init$0$0                 voltmeter
C:   000002FE  _Port_IO_Init                      voltmeter
C:   00000301  A$voltmeter$1858                   voltmeter
C:   00000301  C$voltmeter.c$116$1$39             voltmeter
C:   00000304  A$voltmeter$1861                   voltmeter
C:   00000304  C$voltmeter.c$117$1$39             voltmeter
C:   00000307  A$voltmeter$1864                   voltmeter
C:   00000307  C$voltmeter.c$118$1$39             voltmeter
C:   0000030A  A$voltmeter$1867                   voltmeter
C:   0000030A  C$voltmeter.c$119$1$39             voltmeter
C:   0000030D  A$voltmeter$1870                   voltmeter
C:   0000030D  C$voltmeter.c$121$1$39             voltmeter
C:   00000310  A$voltmeter$1873                   voltmeter
C:   00000310  C$voltmeter.c$123$1$39             voltmeter
C:   00000313  A$voltmeter$1876                   voltmeter
C:   00000313  C$voltmeter.c$126$1$39             voltmeter
C:   00000316  A$voltmeter$1879                   voltmeter
C:   00000316  C$voltmeter.c$127$1$39             voltmeter
C:   00000319  A$voltmeter$1882                   voltmeter
C:   00000319  C$voltmeter.c$130$1$39             voltmeter
C:   0000031B  A$voltmeter$1885                   voltmeter
C:   0000031B  C$voltmeter.c$131$1$39             voltmeter
C:   0000031B  XG$Port_IO_Init$0$0                voltmeter
C:   0000031C  A$voltmeter$1898                   voltmeter
ASxxxx Linker V03.00 + NoICE + sdld,  page 40.
Hexadecimal  [32-Bits]

Area                                    Addr        Size        Decimal Bytes (Attributes)
--------------------------------        ----        ----        ------- ----- ------------
CSEG                                00000082    00001131 =        4401. bytes (REL,CON,CODE)

      Value  Global                              Global Defined In Module
      -----  --------------------------------   ------------------------
C:   0000031C  C$voltmeter.c$132$1$39             voltmeter
C:   0000031C  C$voltmeter.c$134$1$40             voltmeter
C:   0000031C  G$ADC_INIT$0$0                     voltmeter
C:   0000031C  _ADC_INIT                          voltmeter
C:   0000031F  A$voltmeter$1901                   voltmeter
C:   0000031F  C$voltmeter.c$135$1$40             voltmeter
C:   00000322  A$voltmeter$1904                   voltmeter
C:   00000322  C$voltmeter.c$136$1$40             voltmeter
C:   00000325  A$voltmeter$1907                   voltmeter
C:   00000325  C$voltmeter.c$137$1$40             voltmeter
C:   00000328  A$voltmeter$1910                   voltmeter
C:   00000328  C$voltmeter.c$138$1$40             voltmeter
C:   0000032B  A$voltmeter$1913                   voltmeter
C:   0000032B  C$voltmeter.c$139$1$40             voltmeter
C:   0000032B  XG$ADC_INIT$0$0                    voltmeter
C:   0000032C  _printf_fast_f                     printf_fast_f
C:   000007AD  ___fsmul                           _fsmul
C:   00000850  fsgetargs                          _fsget2args
C:   0000087E  fs_rshift_a                        _fsrshift
C:   000008C1  fs_normalize_a                     _fsnormalize
C:   000008F4  ___fsgt                            _fsgt
C:   00000924  ___fslt                            _fslt
C:   00000954  ___fsadd                           _fsadd
C:   00000957  fsadd_direct_entry                 _fsadd
C:   000009AD  fs_compare_uint32                  _fscmp
C:   000009CB  fs_check_negative_zeros            _fscmp
C:   000009F6  ___sint2fs                         _sint2fs
C:   00000A03  ___uint2fs                         _uint2fs
C:   00000A0F  fs_round_and_return                _fsreturnval
C:   00000A27  fs_zerocheck_return                _fsreturnval
C:   00000A30  fs_return_zero                     _fsreturnval
C:   00000A38  fs_direct_return                   _fsreturnval
C:   00000A46  fs_return_inf                      _fsreturnval
C:   00000A53  fs_return_nan                      _fsreturnval
C:   00000A69  _vprintf                           vprintf
C:   00000A82  _printf                            vprintf
C:   00000B54  __print_format                     printf_large
C:   0000105E  fs_swap_a_b                        _fsswapargs
C:   00001078  _strlen                            _strlen
C:   00001090  ___fsdiv                           _fsdiv
C:   00001153  __gptrget                          _gptrget
C:   0000116F  ___slong2fs                        _slong2fs
C:   00001178  slong2fs_doit                      _slong2fs
C:   0000119C  ___ulong2fs                        _ulong2fs
C:   000011A5  ulong2fs_doit                      _ulong2fs
C:   000011AF  __sdcc_external_startup            _startup
ASxxxx Linker V03.00 + NoICE + sdld,  page 41.
Hexadecimal  [32-Bits]

Area                                    Addr        Size        Decimal Bytes (Attributes)
--------------------------------        ----        ----        ------- ----- ------------
CONST                               000011B3    0000028E =         654. bytes (REL,CON,CODE)

      Value  Global                              Global Defined In Module
      -----  --------------------------------   ------------------------
C:   000011B3  Fvoltmeter$__str_0$0$0             voltmeter
C:   000011B8  Fvoltmeter$__str_1$0$0             voltmeter
C:   000011C8  Fvoltmeter$__str_2$0$0             voltmeter
C:   000011EA  Fvoltmeter$__str_3$0$0             voltmeter
C:   00001210  Fvoltmeter$__str_4$0$0             voltmeter
C:   00001236  Fvoltmeter$__str_5$0$0             voltmeter
ASxxxx Linker V03.00 + NoICE + sdld,  page 42.

Files Linked                              [ module(s) ]

C:\Users\Christina\Documents\MPS\Versions\Lab_04\Part I - Voltmeter\voltmeter.rel
                                          [  ]


Libraries Linked                          [ object file ]

C:\Program Files (x86)\SDCC\bin\..\lib\small/libsdcc.lib
                                          [ printf_fast_f.rel ]
C:\Program Files (x86)\SDCC\bin\..\lib\small/libfloat.lib
                                          [ _fsmul.rel ]
C:\Program Files (x86)\SDCC\bin\..\lib\small/libfloat.lib
                                          [ _fsget2args.rel ]
C:\Program Files (x86)\SDCC\bin\..\lib\small/mcs51.lib
                                          [ crtclear.rel ]
C:\Program Files (x86)\SDCC\bin\..\lib\small/libfloat.lib
                                          [ _fsrshift.rel ]
C:\Program Files (x86)\SDCC\bin\..\lib\small/libfloat.lib
                                          [ _fsnormalize.rel ]
C:\Program Files (x86)\SDCC\bin\..\lib\small/mcs51.lib
                                          [ crtxinit.rel ]
C:\Program Files (x86)\SDCC\bin\..\lib\small/libfloat.lib
                                          [ _fsgt.rel ]
C:\Program Files (x86)\SDCC\bin\..\lib\small/libfloat.lib
                                          [ _fslt.rel ]
C:\Program Files (x86)\SDCC\bin\..\lib\small/mcs51.lib
                                          [ crtxclear.rel ]
C:\Program Files (x86)\SDCC\bin\..\lib\small/libfloat.lib
                                          [ _fsadd.rel ]
C:\Program Files (x86)\SDCC\bin\..\lib\small/libfloat.lib
                                          [ _fscmp.rel ]
C:\Program Files (x86)\SDCC\bin\..\lib\small/libfloat.lib
                                          [ _sint2fs.rel ]
C:\Program Files (x86)\SDCC\bin\..\lib\small/libfloat.lib
                                          [ _uint2fs.rel ]
C:\Program Files (x86)\SDCC\bin\..\lib\small/libfloat.lib
                                          [ _fsreturnval.rel ]
C:\Program Files (x86)\SDCC\bin\..\lib\small/libsdcc.lib
                                          [ _bp.rel ]
C:\Program Files (x86)\SDCC\bin\..\lib\small/libsdcc.lib
                                          [ vprintf.rel ]
C:\Program Files (x86)\SDCC\bin\..\lib\small/libsdcc.lib
                                          [ printf_large.rel ]
C:\Program Files (x86)\SDCC\bin\..\lib\small/libfloat.lib
                                          [ _fsswapargs.rel ]
C:\Program Files (x86)\SDCC\bin\..\lib\small/libsdcc.lib
                                          [ _strlen.rel ]
C:\Program Files (x86)\SDCC\bin\..\lib\small/libfloat.lib
                                          [ _fsdiv.rel ]
C:\Program Files (x86)\SDCC\bin\..\lib\small/mcs51.lib
                                          [ crtstart.rel ]
C:\Program Files (x86)\SDCC\bin\..\lib\small/libsdcc.lib
                                          [ _gptrget.rel ]
C:\Program Files (x86)\SDCC\bin\..\lib\small/libfloat.lib
                                          [ _slong2fs.rel ]
C:\Program Files (x86)\SDCC\bin\..\lib\small/libfloat.lib
                                          [ _ulong2fs.rel ]
C:\Program Files (x86)\SDCC\bin\..\lib\small/libsdcc.lib
                                          [ _startup.rel ]

ASxxxx Linker V03.00 + NoICE + sdld,  page 43.

User Base Address Definitions

HOME = 0x0000
XSEG = 0x0001
PSEG = 0x0001
ISEG = 0x0000
BSEG = 0x0000

