ASxxxx Linker V03.00 + NoICE + sdld,  page 1.
Hexadecimal  [32-Bits]

Area                                    Addr        Size        Decimal Bytes (Attributes)
--------------------------------        ----        ----        ------- ----- ------------
CABS                                00000000    00000000 =           0. bytes (ABS,CON,CODE)

      Value  Global                              Global Defined In Module
      -----  --------------------------------   ------------------------
C:   00000000  l_BIT_BANK                      
C:   00000000  l_CABS                          
C:   00000000  l_GSINIT                        
C:   00000000  l_GSINIT1                       
C:   00000000  l_GSINIT5                       
C:   00000000  l_IABS                          
C:   00000000  l_PSEG                          
C:   00000000  l_REG_BANK_1                    
C:   00000000  l_REG_BANK_2                    
C:   00000000  l_REG_BANK_3                    
C:   00000000  l_RSEG                          
C:   00000000  l_RSEG0                         
C:   00000000  l_RSEG1                         
C:   00000000  l_XABS                          
C:   00000000  l_XINIT                         
C:   00000000  l_XISEG                         
C:   00000000  l__CODE                         
C:   00000000  s_BSEG                          
C:   00000000  s_CABS                          
C:   00000000  s_DSEG                          
C:   00000000  s_HOME                          
C:   00000000  s_IABS                          
C:   00000000  s_REG_BANK_0                    
C:   00000000  s_RSEG                          
C:   00000000  s_RSEG0                         
C:   00000000  s_RSEG1                         
C:   00000000  s_XABS                          
C:   00000001  s_PSEG                          
C:   00000001  s_XSEG                          
C:   00000002  l_BSEG_BYTES                    
C:   00000003  l_GSFINAL                       
C:   00000003  l_GSINIT0                       
C:   00000006  l_HOME                          
C:   00000006  l_ISEG                          
C:   00000006  l_OSEG                          
C:   00000006  s_GSINIT0                       
C:   00000008  l_REG_BANK_0                    
C:   00000008  s_REG_BANK_1                    
C:   00000009  s_GSINIT1                       
C:   00000009  s_GSINIT2                       
C:   0000000A  l_BSEG                          
C:   0000000A  l_GSINIT2                       
C:   00000010  s_OSEG                          
C:   00000010  s_REG_BANK_2                    
C:   00000013  s_GSINIT3                       
C:   00000016  s_ISEG                          
C:   00000018  s_BIT_BANK                      
C:   00000018  s_REG_BANK_3                    
C:   00000020  s_BSEG_BYTES                    
C:   00000020  s__CODE                         
ASxxxx Linker V03.00 + NoICE + sdld,  page 2.
Hexadecimal  [32-Bits]

Area                                    Addr        Size        Decimal Bytes (Attributes)
--------------------------------        ----        ----        ------- ----- ------------
CABS                                00000000    00000000 =           0. bytes (ABS,CON,CODE)

      Value  Global                              Global Defined In Module
      -----  --------------------------------   ------------------------
C:   00000022  l_GSINIT3                       
C:   0000002A  l_GSINIT4                       
C:   00000035  s_GSINIT4                       
C:   0000003C  s_SSEG                          
C:   0000005F  s_GSFINAL                       
C:   0000005F  s_GSINIT                        
C:   0000005F  s_GSINIT5                       
C:   00000062  s_CSEG                          
C:   0000007C  l_DSEG                          
C:   000000C4  l_SSEG                          
C:   00000100  l_IRAM                          
C:   0000018D  l_CONST                         
C:   00000400  l_XSEG                          
C:   00000401  s_XISEG                         
C:   00000A67  l_CSEG                          
C:   00000AC9  s_CONST                         
C:   00000C56  s_XINIT                         

ASxxxx Linker V03.00 + NoICE + sdld,  page 3.
Hexadecimal  [32-Bits]

Area                                    Addr        Size        Decimal Bytes (Attributes)
--------------------------------        ----        ----        ------- ----- ------------
.  .ABS.                            00000000    00000000 =           0. bytes (ABS,CON)

      Value  Global                              Global Defined In Module
      -----  --------------------------------   ------------------------
     00000000  .__.ABS.                           _bp
     00000080  G$P0$0$0                           part_01
     00000080  G$P0_0$0$0                         part_01
     00000080  _P0                                part_01
     00000080  _P0_0                              part_01
     00000081  G$P0_1$0$0                         part_01
     00000081  G$SP$0$0                           part_01
     00000081  _P0_1                              part_01
     00000081  _SP                                part_01
     00000082  G$DPL$0$0                          part_01
     00000082  G$P0_2$0$0                         part_01
     00000082  _DPL                               part_01
     00000082  _P0_2                              part_01
     00000083  G$DPH$0$0                          part_01
     00000083  G$P0_3$0$0                         part_01
     00000083  _DPH                               part_01
     00000083  _P0_3                              part_01
     00000084  G$P0_4$0$0                         part_01
     00000084  G$SFRPAGE$0$0                      part_01
     00000084  _P0_4                              part_01
     00000084  _SFRPAGE                           part_01
     00000085  G$P0_5$0$0                         part_01
     00000085  G$SFRNEXT$0$0                      part_01
     00000085  _P0_5                              part_01
     00000085  _SFRNEXT                           part_01
     00000086  G$P0_6$0$0                         part_01
     00000086  G$SFRLAST$0$0                      part_01
     00000086  _P0_6                              part_01
     00000086  _SFRLAST                           part_01
     00000087  G$P0_7$0$0                         part_01
     00000087  G$PCON$0$0                         part_01
     00000087  _P0_7                              part_01
     00000087  _PCON                              part_01
     00000088  G$CP0HYN0$0$0                      part_01
     00000088  G$CP1HYN0$0$0                      part_01
     00000088  G$CPT0CN$0$0                       part_01
     00000088  G$CPT1CN$0$0                       part_01
     00000088  G$FLHBUSY$0$0                      part_01
     00000088  G$FLSTAT$0$0                       part_01
     00000088  G$IT0$0$0                          part_01
     00000088  G$TCON$0$0                         part_01
     00000088  _CP0HYN0                           part_01
     00000088  _CP1HYN0                           part_01
     00000088  _CPT0CN                            part_01
     00000088  _CPT1CN                            part_01
     00000088  _FLHBUSY                           part_01
     00000088  _FLSTAT                            part_01
     00000088  _IT0                               part_01
     00000088  _TCON                              part_01
     00000089  G$CP0HYN1$0$0                      part_01
ASxxxx Linker V03.00 + NoICE + sdld,  page 4.
Hexadecimal  [32-Bits]

Area                                    Addr        Size        Decimal Bytes (Attributes)
--------------------------------        ----        ----        ------- ----- ------------
.  .ABS.                            00000000    00000000 =           0. bytes (ABS,CON)

      Value  Global                              Global Defined In Module
      -----  --------------------------------   ------------------------
     00000089  G$CP1HYN1$0$0                      part_01
     00000089  G$CPT0MD$0$0                       part_01
     00000089  G$CPT1MD$0$0                       part_01
     00000089  G$IE0$0$0                          part_01
     00000089  G$PLL0CN$0$0                       part_01
     00000089  G$TMOD$0$0                         part_01
     00000089  _CP0HYN1                           part_01
     00000089  _CP1HYN1                           part_01
     00000089  _CPT0MD                            part_01
     00000089  _CPT1MD                            part_01
     00000089  _IE0                               part_01
     00000089  _PLL0CN                            part_01
     00000089  _TMOD                              part_01
     0000008A  G$CP0HYP0$0$0                      part_01
     0000008A  G$CP1HYP0$0$0                      part_01
     0000008A  G$IT1$0$0                          part_01
     0000008A  G$OSCICN$0$0                       part_01
     0000008A  G$TL0$0$0                          part_01
     0000008A  _CP0HYP0                           part_01
     0000008A  _CP1HYP0                           part_01
     0000008A  _IT1                               part_01
     0000008A  _OSCICN                            part_01
     0000008A  _TL0                               part_01
     0000008B  G$CP0HYP1$0$0                      part_01
     0000008B  G$CP1HYP1$0$0                      part_01
     0000008B  G$IE1$0$0                          part_01
     0000008B  G$OSCICL$0$0                       part_01
     0000008B  G$TL1$0$0                          part_01
     0000008B  _CP0HYP1                           part_01
     0000008B  _CP1HYP1                           part_01
     0000008B  _IE1                               part_01
     0000008B  _OSCICL                            part_01
     0000008B  _TL1                               part_01
     0000008C  G$CP0FIF$0$0                       part_01
     0000008C  G$CP1FIF$0$0                       part_01
     0000008C  G$OSCXCN$0$0                       part_01
     0000008C  G$TH0$0$0                          part_01
     0000008C  G$TR0$0$0                          part_01
     0000008C  _CP0FIF                            part_01
     0000008C  _CP1FIF                            part_01
     0000008C  _OSCXCN                            part_01
     0000008C  _TH0                               part_01
     0000008C  _TR0                               part_01
     0000008D  G$CP0RIF$0$0                       part_01
     0000008D  G$CP1RIF$0$0                       part_01
     0000008D  G$PLL0DIV$0$0                      part_01
     0000008D  G$TF0$0$0                          part_01
     0000008D  G$TH1$0$0                          part_01
     0000008D  _CP0RIF                            part_01
     0000008D  _CP1RIF                            part_01
     0000008D  _PLL0DIV                           part_01
ASxxxx Linker V03.00 + NoICE + sdld,  page 5.
Hexadecimal  [32-Bits]

Area                                    Addr        Size        Decimal Bytes (Attributes)
--------------------------------        ----        ----        ------- ----- ------------
.  .ABS.                            00000000    00000000 =           0. bytes (ABS,CON)

      Value  Global                              Global Defined In Module
      -----  --------------------------------   ------------------------
     0000008D  _TF0                               part_01
     0000008D  _TH1                               part_01
     0000008E  G$CKCON$0$0                        part_01
     0000008E  G$CP0OUT$0$0                       part_01
     0000008E  G$CP1OUT$0$0                       part_01
     0000008E  G$PLL0MUL$0$0                      part_01
     0000008E  G$TR1$0$0                          part_01
     0000008E  _CKCON                             part_01
     0000008E  _CP0OUT                            part_01
     0000008E  _CP1OUT                            part_01
     0000008E  _PLL0MUL                           part_01
     0000008E  _TR1                               part_01
     0000008F  G$CP0EN$0$0                        part_01
     0000008F  G$CP1EN$0$0                        part_01
     0000008F  G$PLL0FLT$0$0                      part_01
     0000008F  G$PSCTL$0$0                        part_01
     0000008F  G$TF1$0$0                          part_01
     0000008F  _CP0EN                             part_01
     0000008F  _CP1EN                             part_01
     0000008F  _PLL0FLT                           part_01
     0000008F  _PSCTL                             part_01
     0000008F  _TF1                               part_01
     00000090  G$P1$0$0                           part_01
     00000090  G$P1_0$0$0                         part_01
     00000090  _P1                                part_01
     00000090  _P1_0                              part_01
     00000091  G$MAC0BL$0$0                       part_01
     00000091  G$P1_1$0$0                         part_01
     00000091  G$SSTA0$0$0                        part_01
     00000091  _MAC0BL                            part_01
     00000091  _P1_1                              part_01
     00000091  _SSTA0                             part_01
     00000092  G$MAC0BH$0$0                       part_01
     00000092  G$P1_2$0$0                         part_01
     00000092  _MAC0BH                            part_01
     00000092  _P1_2                              part_01
     00000093  G$MAC0ACC0$0$0                     part_01
     00000093  G$P1_3$0$0                         part_01
     00000093  _MAC0ACC0                          part_01
     00000093  _P1_3                              part_01
     00000094  G$MAC0ACC1$0$0                     part_01
     00000094  G$P1_4$0$0                         part_01
     00000094  _MAC0ACC1                          part_01
     00000094  _P1_4                              part_01
     00000095  G$MAC0ACC2$0$0                     part_01
     00000095  G$P1_5$0$0                         part_01
     00000095  _MAC0ACC2                          part_01
     00000095  _P1_5                              part_01
     00000096  G$MAC0ACC3$0$0                     part_01
     00000096  G$P1_6$0$0                         part_01
     00000096  G$SFRPGCN$0$0                      part_01
ASxxxx Linker V03.00 + NoICE + sdld,  page 6.
Hexadecimal  [32-Bits]

Area                                    Addr        Size        Decimal Bytes (Attributes)
--------------------------------        ----        ----        ------- ----- ------------
.  .ABS.                            00000000    00000000 =           0. bytes (ABS,CON)

      Value  Global                              Global Defined In Module
      -----  --------------------------------   ------------------------
     00000096  _MAC0ACC3                          part_01
     00000096  _P1_6                              part_01
     00000096  _SFRPGCN                           part_01
     00000097  G$CLKSEL$0$0                       part_01
     00000097  G$MAC0OVR$0$0                      part_01
     00000097  G$P1_7$0$0                         part_01
     00000097  _CLKSEL                            part_01
     00000097  _MAC0OVR                           part_01
     00000097  _P1_7                              part_01
     00000098  G$RI$0$0                           part_01
     00000098  G$RI0$0$0                          part_01
     00000098  G$RI1$0$0                          part_01
     00000098  G$SCON$0$0                         part_01
     00000098  G$SCON0$0$0                        part_01
     00000098  G$SCON1$0$0                        part_01
     00000098  _RI                                part_01
     00000098  _RI0                               part_01
     00000098  _RI1                               part_01
     00000098  _SCON                              part_01
     00000098  _SCON0                             part_01
     00000098  _SCON1                             part_01
     00000099  G$SBUF$0$0                         part_01
     00000099  G$SBUF0$0$0                        part_01
     00000099  G$SBUF1$0$0                        part_01
     00000099  G$TI$0$0                           part_01
     00000099  G$TI0$0$0                          part_01
     00000099  G$TI1$0$0                          part_01
     00000099  _SBUF                              part_01
     00000099  _SBUF0                             part_01
     00000099  _SBUF1                             part_01
     00000099  _TI                                part_01
     00000099  _TI0                               part_01
     00000099  _TI1                               part_01
     0000009A  G$CCH0MA$0$0                       part_01
     0000009A  G$RB80$0$0                         part_01
     0000009A  G$RB81$0$0                         part_01
     0000009A  G$SPI0CFG$0$0                      part_01
     0000009A  _CCH0MA                            part_01
     0000009A  _RB80                              part_01
     0000009A  _RB81                              part_01
     0000009A  _SPI0CFG                           part_01
     0000009B  G$SPI0DAT$0$0                      part_01
     0000009B  G$TB80$0$0                         part_01
     0000009B  G$TB81$0$0                         part_01
     0000009B  _SPI0DAT                           part_01
     0000009B  _TB80                              part_01
     0000009B  _TB81                              part_01
     0000009C  G$P4MDOUT$0$0                      part_01
     0000009C  G$REN$0$0                          part_01
     0000009C  G$REN0$0$0                         part_01
     0000009C  G$REN1$0$0                         part_01
ASxxxx Linker V03.00 + NoICE + sdld,  page 7.
Hexadecimal  [32-Bits]

Area                                    Addr        Size        Decimal Bytes (Attributes)
--------------------------------        ----        ----        ------- ----- ------------
.  .ABS.                            00000000    00000000 =           0. bytes (ABS,CON)

      Value  Global                              Global Defined In Module
      -----  --------------------------------   ------------------------
     0000009C  _P4MDOUT                           part_01
     0000009C  _REN                               part_01
     0000009C  _REN0                              part_01
     0000009C  _REN1                              part_01
     0000009D  G$MCE1$0$0                         part_01
     0000009D  G$P5MDOUT$0$0                      part_01
     0000009D  G$SM20$0$0                         part_01
     0000009D  G$SPI0CKR$0$0                      part_01
     0000009D  _MCE1                              part_01
     0000009D  _P5MDOUT                           part_01
     0000009D  _SM20                              part_01
     0000009D  _SPI0CKR                           part_01
     0000009E  G$P6MDOUT$0$0                      part_01
     0000009E  G$SM10$0$0                         part_01
     0000009E  _P6MDOUT                           part_01
     0000009E  _SM10                              part_01
     0000009F  G$P7MDOUT$0$0                      part_01
     0000009F  G$S1MODE$0$0                       part_01
     0000009F  G$SM00$0$0                         part_01
     0000009F  _P7MDOUT                           part_01
     0000009F  _S1MODE                            part_01
     0000009F  _SM00                              part_01
     000000A0  G$P2$0$0                           part_01
     000000A0  G$P2_0$0$0                         part_01
     000000A0  _P2                                part_01
     000000A0  _P2_0                              part_01
     000000A1  G$CCH0CN$0$0                       part_01
     000000A1  G$EMI0TC$0$0                       part_01
     000000A1  G$P2_1$0$0                         part_01
     000000A1  _CCH0CN                            part_01
     000000A1  _EMI0TC                            part_01
     000000A1  _P2_1                              part_01
     000000A2  G$CCH0TN$0$0                       part_01
     000000A2  G$EMI0CN$0$0                       part_01
     000000A2  G$P2_2$0$0                         part_01
     000000A2  G$_XPAGE$0$0                       part_01
     000000A2  _CCH0TN                            part_01
     000000A2  _EMI0CN                            part_01
     000000A2  _P2_2                              part_01
     000000A2  __XPAGE                            part_01
     000000A3  G$CCH0LC$0$0                       part_01
     000000A3  G$EMI0CF$0$0                       part_01
     000000A3  G$P2_3$0$0                         part_01
     000000A3  _CCH0LC                            part_01
     000000A3  _EMI0CF                            part_01
     000000A3  _P2_3                              part_01
     000000A4  G$P0MDOUT$0$0                      part_01
     000000A4  G$P2_4$0$0                         part_01
     000000A4  _P0MDOUT                           part_01
     000000A4  _P2_4                              part_01
     000000A5  G$P1MDOUT$0$0                      part_01
ASxxxx Linker V03.00 + NoICE + sdld,  page 8.
Hexadecimal  [32-Bits]

Area                                    Addr        Size        Decimal Bytes (Attributes)
--------------------------------        ----        ----        ------- ----- ------------
.  .ABS.                            00000000    00000000 =           0. bytes (ABS,CON)

      Value  Global                              Global Defined In Module
      -----  --------------------------------   ------------------------
     000000A5  G$P2_5$0$0                         part_01
     000000A5  _P1MDOUT                           part_01
     000000A5  _P2_5                              part_01
     000000A6  G$P2MDOUT$0$0                      part_01
     000000A6  G$P2_6$0$0                         part_01
     000000A6  _P2MDOUT                           part_01
     000000A6  _P2_6                              part_01
     000000A7  G$P2_7$0$0                         part_01
     000000A7  G$P3MDOUT$0$0                      part_01
     000000A7  _P2_7                              part_01
     000000A7  _P3MDOUT                           part_01
     000000A8  G$EX0$0$0                          part_01
     000000A8  G$IE$0$0                           part_01
     000000A8  _EX0                               part_01
     000000A8  _IE                                part_01
     000000A9  G$ET0$0$0                          part_01
     000000A9  G$SADDR0$0$0                       part_01
     000000A9  _ET0                               part_01
     000000A9  _SADDR0                            part_01
     000000AA  G$EX1$0$0                          part_01
     000000AA  _EX1                               part_01
     000000AB  G$ET1$0$0                          part_01
     000000AB  _ET1                               part_01
     000000AC  G$ES$0$0                           part_01
     000000AC  G$ES0$0$0                          part_01
     000000AC  _ES                                part_01
     000000AC  _ES0                               part_01
     000000AD  G$ET2$0$0                          part_01
     000000AD  G$P1MDIN$0$0                       part_01
     000000AD  _ET2                               part_01
     000000AD  _P1MDIN                            part_01
     000000AF  G$EA$0$0                           part_01
     000000AF  _EA                                part_01
     000000B0  G$P3$0$0                           part_01
     000000B0  G$P3_0$0$0                         part_01
     000000B0  _P3                                part_01
     000000B0  _P3_0                              part_01
     000000B1  G$P3_1$0$0                         part_01
     000000B1  G$PSBANK$0$0                       part_01
     000000B1  _P3_1                              part_01
     000000B1  _PSBANK                            part_01
     000000B2  G$P3_2$0$0                         part_01
     000000B2  _P3_2                              part_01
     000000B3  G$P3_3$0$0                         part_01
     000000B3  _P3_3                              part_01
     000000B4  G$P3_4$0$0                         part_01
     000000B4  _P3_4                              part_01
     000000B5  G$P3_5$0$0                         part_01
     000000B5  _P3_5                              part_01
     000000B6  G$P3_6$0$0                         part_01
     000000B6  _P3_6                              part_01
ASxxxx Linker V03.00 + NoICE + sdld,  page 9.
Hexadecimal  [32-Bits]

Area                                    Addr        Size        Decimal Bytes (Attributes)
--------------------------------        ----        ----        ------- ----- ------------
.  .ABS.                            00000000    00000000 =           0. bytes (ABS,CON)

      Value  Global                              Global Defined In Module
      -----  --------------------------------   ------------------------
     000000B7  G$FLACL$0$0                        part_01
     000000B7  G$FLSCL$0$0                        part_01
     000000B7  G$P3_7$0$0                         part_01
     000000B7  _FLACL                             part_01
     000000B7  _FLSCL                             part_01
     000000B7  _P3_7                              part_01
     000000B8  G$IP$0$0                           part_01
     000000B8  G$PX0$0$0                          part_01
     000000B8  _IP                                part_01
     000000B8  _PX0                               part_01
     000000B9  G$PT0$0$0                          part_01
     000000B9  G$SADEN0$0$0                       part_01
     000000B9  _PT0                               part_01
     000000B9  _SADEN0                            part_01
     000000BA  G$AMX0CF$0$0                       part_01
     000000BA  G$AMX2CF$0$0                       part_01
     000000BA  G$PX1$0$0                          part_01
     000000BA  _AMX0CF                            part_01
     000000BA  _AMX2CF                            part_01
     000000BA  _PX1                               part_01
     000000BB  G$AMX0SL$0$0                       part_01
     000000BB  G$AMX2SL$0$0                       part_01
     000000BB  G$PT1$0$0                          part_01
     000000BB  _AMX0SL                            part_01
     000000BB  _AMX2SL                            part_01
     000000BB  _PT1                               part_01
     000000BC  G$ADC0CF$0$0                       part_01
     000000BC  G$ADC2CF$0$0                       part_01
     000000BC  G$PS$0$0                           part_01
     000000BC  G$PS0$0$0                          part_01
     000000BC  _ADC0CF                            part_01
     000000BC  _ADC2CF                            part_01
     000000BC  _PS                                part_01
     000000BC  _PS0                               part_01
     000000BD  G$PT2$0$0                          part_01
     000000BD  _PT2                               part_01
     000000BE  G$ADC0L$0$0                        part_01
     000000BE  G$ADC2$0$0                         part_01
     000000BE  _ADC0L                             part_01
     000000BE  _ADC2                              part_01
     000000BF  G$ADC0H$0$0                        part_01
     000000BF  _ADC0H                             part_01
     000000C0  G$MAC0N$0$0                        part_01
     000000C0  G$MAC0STA$0$0                      part_01
     000000C0  G$SMB0CN$0$0                       part_01
     000000C0  G$SMBTOE$0$0                       part_01
     000000C0  _MAC0N                             part_01
     000000C0  _MAC0STA                           part_01
     000000C0  _SMB0CN                            part_01
     000000C0  _SMBTOE                            part_01
     000000C1  G$MAC0AL$0$0                       part_01
ASxxxx Linker V03.00 + NoICE + sdld,  page 10.
Hexadecimal  [32-Bits]

Area                                    Addr        Size        Decimal Bytes (Attributes)
--------------------------------        ----        ----        ------- ----- ------------
.  .ABS.                            00000000    00000000 =           0. bytes (ABS,CON)

      Value  Global                              Global Defined In Module
      -----  --------------------------------   ------------------------
     000000C1  G$MAC0SO$0$0                       part_01
     000000C1  G$SMB0STA$0$0                      part_01
     000000C1  G$SMBFTE$0$0                       part_01
     000000C1  _MAC0AL                            part_01
     000000C1  _MAC0SO                            part_01
     000000C1  _SMB0STA                           part_01
     000000C1  _SMBFTE                            part_01
     000000C2  G$AA$0$0                           part_01
     000000C2  G$MAC0AH$0$0                       part_01
     000000C2  G$MAC0Z$0$0                        part_01
     000000C2  G$SMB0DAT$0$0                      part_01
     000000C2  _AA                                part_01
     000000C2  _MAC0AH                            part_01
     000000C2  _MAC0Z                             part_01
     000000C2  _SMB0DAT                           part_01
     000000C3  G$MAC0CF$0$0                       part_01
     000000C3  G$MAC0HO$0$0                       part_01
     000000C3  G$SI$0$0                           part_01
     000000C3  G$SMB0ADR$0$0                      part_01
     000000C3  _MAC0CF                            part_01
     000000C3  _MAC0HO                            part_01
     000000C3  _SI                                part_01
     000000C3  _SMB0ADR                           part_01
     000000C4  G$ADC0GTL$0$0                      part_01
     000000C4  G$ADC2GT$0$0                       part_01
     000000C4  G$STO$0$0                          part_01
     000000C4  _ADC0GTL                           part_01
     000000C4  _ADC2GT                            part_01
     000000C4  _STO                               part_01
     000000C5  G$ADC0GTH$0$0                      part_01
     000000C5  G$STA$0$0                          part_01
     000000C5  _ADC0GTH                           part_01
     000000C5  _STA                               part_01
     000000C6  G$ADC0LTL$0$0                      part_01
     000000C6  G$ADC2LT$0$0                       part_01
     000000C6  G$ENSMB$0$0                        part_01
     000000C6  _ADC0LTL                           part_01
     000000C6  _ADC2LT                            part_01
     000000C6  _ENSMB                             part_01
     000000C7  G$ADC0LTH$0$0                      part_01
     000000C7  G$BUSY$0$0                         part_01
     000000C7  _ADC0LTH                           part_01
     000000C7  _BUSY                              part_01
     000000C8  G$CPRL2$0$0                        part_01
     000000C8  G$CPRL3$0$0                        part_01
     000000C8  G$CPRL4$0$0                        part_01
     000000C8  G$P4$0$0                           part_01
     000000C8  G$P4_0$0$0                         part_01
     000000C8  G$TMR2CN$0$0                       part_01
     000000C8  G$TMR3CN$0$0                       part_01
     000000C8  G$TMR4CN$0$0                       part_01
ASxxxx Linker V03.00 + NoICE + sdld,  page 11.
Hexadecimal  [32-Bits]

Area                                    Addr        Size        Decimal Bytes (Attributes)
--------------------------------        ----        ----        ------- ----- ------------
.  .ABS.                            00000000    00000000 =           0. bytes (ABS,CON)

      Value  Global                              Global Defined In Module
      -----  --------------------------------   ------------------------
     000000C8  _CPRL2                             part_01
     000000C8  _CPRL3                             part_01
     000000C8  _CPRL4                             part_01
     000000C8  _P4                                part_01
     000000C8  _P4_0                              part_01
     000000C8  _TMR2CN                            part_01
     000000C8  _TMR3CN                            part_01
     000000C8  _TMR4CN                            part_01
     000000C9  G$CT2$0$0                          part_01
     000000C9  G$CT3$0$0                          part_01
     000000C9  G$CT4$0$0                          part_01
     000000C9  G$P4_1$0$0                         part_01
     000000C9  G$TMR2CF$0$0                       part_01
     000000C9  G$TMR3CF$0$0                       part_01
     000000C9  G$TMR4CF$0$0                       part_01
     000000C9  _CT2                               part_01
     000000C9  _CT3                               part_01
     000000C9  _CT4                               part_01
     000000C9  _P4_1                              part_01
     000000C9  _TMR2CF                            part_01
     000000C9  _TMR3CF                            part_01
     000000C9  _TMR4CF                            part_01
     000000CA  G$P4_2$0$0                         part_01
     000000CA  G$RCAP2L$0$0                       part_01
     000000CA  G$RCAP3L$0$0                       part_01
     000000CA  G$RCAP4L$0$0                       part_01
     000000CA  G$TR2$0$0                          part_01
     000000CA  G$TR3$0$0                          part_01
     000000CA  G$TR4$0$0                          part_01
     000000CA  _P4_2                              part_01
     000000CA  _RCAP2L                            part_01
     000000CA  _RCAP3L                            part_01
     000000CA  _RCAP4L                            part_01
     000000CA  _TR2                               part_01
     000000CA  _TR3                               part_01
     000000CA  _TR4                               part_01
     000000CB  G$EXEN2$0$0                        part_01
     000000CB  G$EXEN3$0$0                        part_01
     000000CB  G$EXEN4$0$0                        part_01
     000000CB  G$P4_3$0$0                         part_01
     000000CB  G$RCAP2H$0$0                       part_01
     000000CB  G$RCAP3H$0$0                       part_01
     000000CB  G$RCAP4H$0$0                       part_01
     000000CB  _EXEN2                             part_01
     000000CB  _EXEN3                             part_01
     000000CB  _EXEN4                             part_01
     000000CB  _P4_3                              part_01
     000000CB  _RCAP2H                            part_01
     000000CB  _RCAP3H                            part_01
     000000CB  _RCAP4H                            part_01
     000000CC  G$P4_4$0$0                         part_01
ASxxxx Linker V03.00 + NoICE + sdld,  page 12.
Hexadecimal  [32-Bits]

Area                                    Addr        Size        Decimal Bytes (Attributes)
--------------------------------        ----        ----        ------- ----- ------------
.  .ABS.                            00000000    00000000 =           0. bytes (ABS,CON)

      Value  Global                              Global Defined In Module
      -----  --------------------------------   ------------------------
     000000CC  G$TL2$0$0                          part_01
     000000CC  G$TMR2L$0$0                        part_01
     000000CC  G$TMR3L$0$0                        part_01
     000000CC  G$TMR4L$0$0                        part_01
     000000CC  _P4_4                              part_01
     000000CC  _TL2                               part_01
     000000CC  _TMR2L                             part_01
     000000CC  _TMR3L                             part_01
     000000CC  _TMR4L                             part_01
     000000CD  G$P4_5$0$0                         part_01
     000000CD  G$TH2$0$0                          part_01
     000000CD  G$TMR2H$0$0                        part_01
     000000CD  G$TMR3H$0$0                        part_01
     000000CD  G$TMR4H$0$0                        part_01
     000000CD  _P4_5                              part_01
     000000CD  _TH2                               part_01
     000000CD  _TMR2H                             part_01
     000000CD  _TMR3H                             part_01
     000000CD  _TMR4H                             part_01
     000000CE  G$EXF2$0$0                         part_01
     000000CE  G$EXF3$0$0                         part_01
     000000CE  G$EXF4$0$0                         part_01
     000000CE  G$MAC0RNDL$0$0                     part_01
     000000CE  G$P4_6$0$0                         part_01
     000000CE  _EXF2                              part_01
     000000CE  _EXF3                              part_01
     000000CE  _EXF4                              part_01
     000000CE  _MAC0RNDL                          part_01
     000000CE  _P4_6                              part_01
     000000CF  G$MAC0RNDH$0$0                     part_01
     000000CF  G$P4_7$0$0                         part_01
     000000CF  G$SMB0CR$0$0                       part_01
     000000CF  G$TF2$0$0                          part_01
     000000CF  G$TF3$0$0                          part_01
     000000CF  G$TF4$0$0                          part_01
     000000CF  _MAC0RNDH                          part_01
     000000CF  _P4_7                              part_01
     000000CF  _SMB0CR                            part_01
     000000CF  _TF2                               part_01
     000000CF  _TF3                               part_01
     000000CF  _TF4                               part_01
     000000D0  G$P$0$0                            part_01
     000000D0  G$PSW$0$0                          part_01
     000000D0  _P                                 part_01
     000000D0  _PSW                               part_01
     000000D1  G$F1$0$0                           part_01
     000000D1  G$REF0CN$0$0                       part_01
     000000D1  _F1                                part_01
     000000D1  _REF0CN                            part_01
     000000D2  G$DAC0L$0$0                        part_01
     000000D2  G$DAC1L$0$0                        part_01
ASxxxx Linker V03.00 + NoICE + sdld,  page 13.
Hexadecimal  [32-Bits]

Area                                    Addr        Size        Decimal Bytes (Attributes)
--------------------------------        ----        ----        ------- ----- ------------
.  .ABS.                            00000000    00000000 =           0. bytes (ABS,CON)

      Value  Global                              Global Defined In Module
      -----  --------------------------------   ------------------------
     000000D2  G$OV$0$0                           part_01
     000000D2  _DAC0L                             part_01
     000000D2  _DAC1L                             part_01
     000000D2  _OV                                part_01
     000000D3  G$DAC0H$0$0                        part_01
     000000D3  G$DAC1H$0$0                        part_01
     000000D3  G$RS0$0$0                          part_01
     000000D3  _DAC0H                             part_01
     000000D3  _DAC1H                             part_01
     000000D3  _RS0                               part_01
     000000D4  G$DAC0CN$0$0                       part_01
     000000D4  G$DAC1CN$0$0                       part_01
     000000D4  G$RS1$0$0                          part_01
     000000D4  _DAC0CN                            part_01
     000000D4  _DAC1CN                            part_01
     000000D4  _RS1                               part_01
     000000D5  G$F0$0$0                           part_01
     000000D5  _F0                                part_01
     000000D6  G$AC$0$0                           part_01
     000000D6  _AC                                part_01
     000000D7  G$CY$0$0                           part_01
     000000D7  _CY                                part_01
     000000D8  G$CCF0$0$0                         part_01
     000000D8  G$P5$0$0                           part_01
     000000D8  G$P5_0$0$0                         part_01
     000000D8  G$PCA0CN$0$0                       part_01
     000000D8  _CCF0                              part_01
     000000D8  _P5                                part_01
     000000D8  _P5_0                              part_01
     000000D8  _PCA0CN                            part_01
     000000D9  G$CCF1$0$0                         part_01
     000000D9  G$P5_1$0$0                         part_01
     000000D9  G$PCA0MD$0$0                       part_01
     000000D9  _CCF1                              part_01
     000000D9  _P5_1                              part_01
     000000D9  _PCA0MD                            part_01
     000000DA  G$CCF2$0$0                         part_01
     000000DA  G$P5_2$0$0                         part_01
     000000DA  G$PCA0CPM0$0$0                     part_01
     000000DA  _CCF2                              part_01
     000000DA  _P5_2                              part_01
     000000DA  _PCA0CPM0                          part_01
     000000DB  G$CCF3$0$0                         part_01
     000000DB  G$P5_3$0$0                         part_01
     000000DB  G$PCA0CPM1$0$0                     part_01
     000000DB  _CCF3                              part_01
     000000DB  _P5_3                              part_01
     000000DB  _PCA0CPM1                          part_01
     000000DC  G$CCF4$0$0                         part_01
     000000DC  G$P5_4$0$0                         part_01
     000000DC  G$PCA0CPM2$0$0                     part_01
ASxxxx Linker V03.00 + NoICE + sdld,  page 14.
Hexadecimal  [32-Bits]

Area                                    Addr        Size        Decimal Bytes (Attributes)
--------------------------------        ----        ----        ------- ----- ------------
.  .ABS.                            00000000    00000000 =           0. bytes (ABS,CON)

      Value  Global                              Global Defined In Module
      -----  --------------------------------   ------------------------
     000000DC  _CCF4                              part_01
     000000DC  _P5_4                              part_01
     000000DC  _PCA0CPM2                          part_01
     000000DD  G$CCF5$0$0                         part_01
     000000DD  G$P5_5$0$0                         part_01
     000000DD  G$PCA0CPM3$0$0                     part_01
     000000DD  _CCF5                              part_01
     000000DD  _P5_5                              part_01
     000000DD  _PCA0CPM3                          part_01
     000000DE  G$CR$0$0                           part_01
     000000DE  G$P5_6$0$0                         part_01
     000000DE  G$PCA0CPM4$0$0                     part_01
     000000DE  _CR                                part_01
     000000DE  _P5_6                              part_01
     000000DE  _PCA0CPM4                          part_01
     000000DF  G$CF$0$0                           part_01
     000000DF  G$P5_7$0$0                         part_01
     000000DF  G$PCA0CPM5$0$0                     part_01
     000000DF  _CF                                part_01
     000000DF  _P5_7                              part_01
     000000DF  _PCA0CPM5                          part_01
     000000E0  G$ACC$0$0                          part_01
     000000E0  _ACC                               part_01
     000000E1  G$PCA0CPL5$0$0                     part_01
     000000E1  G$XBR0$0$0                         part_01
     000000E1  _PCA0CPL5                          part_01
     000000E1  _XBR0                              part_01
     000000E2  G$PCA0CPH5$0$0                     part_01
     000000E2  G$XBR1$0$0                         part_01
     000000E2  _PCA0CPH5                          part_01
     000000E2  _XBR1                              part_01
     000000E3  G$XBR2$0$0                         part_01
     000000E3  _XBR2                              part_01
     000000E6  G$EIE1$0$0                         part_01
     000000E6  _EIE1                              part_01
     000000E7  G$EIE2$0$0                         part_01
     000000E7  _EIE2                              part_01
     000000E8  G$AD0LJST$0$0                      part_01
     000000E8  G$AD2WINT$0$0                      part_01
     000000E8  G$ADC0CN$0$0                       part_01
     000000E8  G$ADC2CN$0$0                       part_01
     000000E8  G$P6$0$0                           part_01
     000000E8  G$P6_0$0$0                         part_01
     000000E8  _AD0LJST                           part_01
     000000E8  _AD2WINT                           part_01
     000000E8  _ADC0CN                            part_01
     000000E8  _ADC2CN                            part_01
     000000E8  _P6                                part_01
     000000E8  _P6_0                              part_01
     000000E9  G$AD0WINT$0$0                      part_01
     000000E9  G$AD2CM0$0$0                       part_01
ASxxxx Linker V03.00 + NoICE + sdld,  page 15.
Hexadecimal  [32-Bits]

Area                                    Addr        Size        Decimal Bytes (Attributes)
--------------------------------        ----        ----        ------- ----- ------------
.  .ABS.                            00000000    00000000 =           0. bytes (ABS,CON)

      Value  Global                              Global Defined In Module
      -----  --------------------------------   ------------------------
     000000E9  G$P6_1$0$0                         part_01
     000000E9  G$PCA0CPL2$0$0                     part_01
     000000E9  _AD0WINT                           part_01
     000000E9  _AD2CM0                            part_01
     000000E9  _P6_1                              part_01
     000000E9  _PCA0CPL2                          part_01
     000000EA  G$AD0CM0$0$0                       part_01
     000000EA  G$AD2CM1$0$0                       part_01
     000000EA  G$P6_2$0$0                         part_01
     000000EA  G$PCA0CPH2$0$0                     part_01
     000000EA  _AD0CM0                            part_01
     000000EA  _AD2CM1                            part_01
     000000EA  _P6_2                              part_01
     000000EA  _PCA0CPH2                          part_01
     000000EB  G$AD0CM1$0$0                       part_01
     000000EB  G$AD2CM2$0$0                       part_01
     000000EB  G$P6_3$0$0                         part_01
     000000EB  G$PCA0CPL3$0$0                     part_01
     000000EB  _AD0CM1                            part_01
     000000EB  _AD2CM2                            part_01
     000000EB  _P6_3                              part_01
     000000EB  _PCA0CPL3                          part_01
     000000EC  G$AD0BUSY$0$0                      part_01
     000000EC  G$AD2BUSY$0$0                      part_01
     000000EC  G$P6_4$0$0                         part_01
     000000EC  G$PCA0CPH3$0$0                     part_01
     000000EC  _AD0BUSY                           part_01
     000000EC  _AD2BUSY                           part_01
     000000EC  _P6_4                              part_01
     000000EC  _PCA0CPH3                          part_01
     000000ED  G$AD0INT$0$0                       part_01
     000000ED  G$AD2INT$0$0                       part_01
     000000ED  G$P6_5$0$0                         part_01
     000000ED  G$PCA0CPL4$0$0                     part_01
     000000ED  _AD0INT                            part_01
     000000ED  _AD2INT                            part_01
     000000ED  _P6_5                              part_01
     000000ED  _PCA0CPL4                          part_01
     000000EE  G$AD0TM$0$0                        part_01
     000000EE  G$AD2TM$0$0                        part_01
     000000EE  G$P6_6$0$0                         part_01
     000000EE  G$PCA0CPH4$0$0                     part_01
     000000EE  _AD0TM                             part_01
     000000EE  _AD2TM                             part_01
     000000EE  _P6_6                              part_01
     000000EE  _PCA0CPH4                          part_01
     000000EF  G$AD0EN$0$0                        part_01
     000000EF  G$AD2EN$0$0                        part_01
     000000EF  G$P6_7$0$0                         part_01
     000000EF  G$RSTSRC$0$0                       part_01
     000000EF  _AD0EN                             part_01
ASxxxx Linker V03.00 + NoICE + sdld,  page 16.
Hexadecimal  [32-Bits]

Area                                    Addr        Size        Decimal Bytes (Attributes)
--------------------------------        ----        ----        ------- ----- ------------
.  .ABS.                            00000000    00000000 =           0. bytes (ABS,CON)

      Value  Global                              Global Defined In Module
      -----  --------------------------------   ------------------------
     000000EF  _AD2EN                             part_01
     000000EF  _P6_7                              part_01
     000000EF  _RSTSRC                            part_01
     000000F0  G$B$0$0                            part_01
     000000F0  _B                                 part_01
     000000F5  _B_5                               _gptrget
     000000F6  G$EIP1$0$0                         part_01
     000000F6  _B_6                               _gptrget
     000000F6  _EIP1                              part_01
     000000F7  G$EIP2$0$0                         part_01
     000000F7  _B_7                               _gptrget
     000000F7  _EIP2                              part_01
     000000F8  G$P7$0$0                           part_01
     000000F8  G$P7_0$0$0                         part_01
     000000F8  G$SPI0CN$0$0                       part_01
     000000F8  G$SPIEN$0$0                        part_01
     000000F8  _P7                                part_01
     000000F8  _P7_0                              part_01
     000000F8  _SPI0CN                            part_01
     000000F8  _SPIEN                             part_01
     000000F9  G$P7_1$0$0                         part_01
     000000F9  G$PCA0L$0$0                        part_01
     000000F9  G$TXBMT$0$0                        part_01
     000000F9  _P7_1                              part_01
     000000F9  _PCA0L                             part_01
     000000F9  _TXBMT                             part_01
     000000FA  G$NSSMD0$0$0                       part_01
     000000FA  G$P7_2$0$0                         part_01
     000000FA  G$PCA0H$0$0                        part_01
     000000FA  _NSSMD0                            part_01
     000000FA  _P7_2                              part_01
     000000FA  _PCA0H                             part_01
     000000FB  G$NSSMD1$0$0                       part_01
     000000FB  G$P7_3$0$0                         part_01
     000000FB  G$PCA0CPL0$0$0                     part_01
     000000FB  _NSSMD1                            part_01
     000000FB  _P7_3                              part_01
     000000FB  _PCA0CPL0                          part_01
     000000FC  G$P7_4$0$0                         part_01
     000000FC  G$PCA0CPH0$0$0                     part_01
     000000FC  G$RXOVRN$0$0                       part_01
     000000FC  _P7_4                              part_01
     000000FC  _PCA0CPH0                          part_01
     000000FC  _RXOVRN                            part_01
     000000FD  G$MODF$0$0                         part_01
     000000FD  G$P7_5$0$0                         part_01
     000000FD  G$PCA0CPL1$0$0                     part_01
     000000FD  _MODF                              part_01
     000000FD  _P7_5                              part_01
     000000FD  _PCA0CPL1                          part_01
     000000FE  G$P7_6$0$0                         part_01
ASxxxx Linker V03.00 + NoICE + sdld,  page 17.
Hexadecimal  [32-Bits]

Area                                    Addr        Size        Decimal Bytes (Attributes)
--------------------------------        ----        ----        ------- ----- ------------
.  .ABS.                            00000000    00000000 =           0. bytes (ABS,CON)

      Value  Global                              Global Defined In Module
      -----  --------------------------------   ------------------------
     000000FE  G$PCA0CPH1$0$0                     part_01
     000000FE  G$WCOL$0$0                         part_01
     000000FE  _P7_6                              part_01
     000000FE  _PCA0CPH1                          part_01
     000000FE  _WCOL                              part_01
     000000FF  G$P7_7$0$0                         part_01
     000000FF  G$SPIF$0$0                         part_01
     000000FF  G$WDTCN$0$0                        part_01
     000000FF  _P7_7                              part_01
     000000FF  _SPIF                              part_01
     000000FF  _WDTCN                             part_01
     00008C8A  G$TMR0$0$0                         part_01
     00008C8A  _TMR0                              part_01
     00008D8B  G$TMR1$0$0                         part_01
     00008D8B  _TMR1                              part_01
     0000BFBE  G$ADC0$0$0                         part_01
     0000BFBE  _ADC0                              part_01
     0000C2C1  G$MAC0A$0$0                        part_01
     0000C2C1  _MAC0A                             part_01
     0000C5C4  G$ADC0GT$0$0                       part_01
     0000C5C4  _ADC0GT                            part_01
     0000C7C6  G$ADC0LT$0$0                       part_01
     0000C7C6  _ADC0LT                            part_01
     0000CBCA  G$RCAP2$0$0                        part_01
     0000CBCA  G$RCAP3$0$0                        part_01
     0000CBCA  G$RCAP4$0$0                        part_01
     0000CBCA  _RCAP2                             part_01
     0000CBCA  _RCAP3                             part_01
     0000CBCA  _RCAP4                             part_01
     0000CDCC  G$TMR2$0$0                         part_01
     0000CDCC  G$TMR3$0$0                         part_01
     0000CDCC  G$TMR4$0$0                         part_01
     0000CDCC  _TMR2                              part_01
     0000CDCC  _TMR3                              part_01
     0000CDCC  _TMR4                              part_01
     0000CFCE  G$MAC0RND$0$0                      part_01
     0000CFCE  _MAC0RND                           part_01
     0000D3D2  G$DAC0$0$0                         part_01
     0000D3D2  G$DAC1$0$0                         part_01
     0000D3D2  _DAC0                              part_01
     0000D3D2  _DAC1                              part_01
     0000E2E1  G$PCA0CP5$0$0                      part_01
     0000E2E1  _PCA0CP5                           part_01
     0000EAE9  G$PCA0CP2$0$0                      part_01
     0000EAE9  _PCA0CP2                           part_01
     0000ECEB  G$PCA0CP3$0$0                      part_01
     0000ECEB  _PCA0CP3                           part_01
     0000EEED  G$PCA0CP4$0$0                      part_01
     0000EEED  _PCA0CP4                           part_01
     0000FAF9  G$PCA0$0$0                         part_01
     0000FAF9  _PCA0                              part_01
ASxxxx Linker V03.00 + NoICE + sdld,  page 18.
Hexadecimal  [32-Bits]

Area                                    Addr        Size        Decimal Bytes (Attributes)
--------------------------------        ----        ----        ------- ----- ------------
.  .ABS.                            00000000    00000000 =           0. bytes (ABS,CON)

      Value  Global                              Global Defined In Module
      -----  --------------------------------   ------------------------
     0000FCFB  G$PCA0CP0$0$0                      part_01
     0000FCFB  _PCA0CP0                           part_01
     0000FEFD  G$PCA0CP1$0$0                      part_01
     0000FEFD  _PCA0CP1                           part_01
     00959493  G$MAC0ACC$0$0                      part_01
     00959493  _MAC0ACC                           part_01

ASxxxx Linker V03.00 + NoICE + sdld,  page 19.
Hexadecimal  [32-Bits]

Area                                    Addr        Size        Decimal Bytes (Attributes)
--------------------------------        ----        ----        ------- ----- ------------
BSEG_BYTES                          00000020    00000002 =           2. bytes (REL,CON)

      Value  Global                              Global Defined In Module
      -----  --------------------------------   ------------------------
ASxxxx Linker V03.00 + NoICE + sdld,  page 20.
Hexadecimal  [32-Bits]

Area                                    Addr        Size        Decimal Bytes (Attributes)
--------------------------------        ----        ----        ------- ----- ------------
REG_BANK_0                          00000000    00000008 =           8. bytes (REL,OVR)

      Value  Global                              Global Defined In Module
      -----  --------------------------------   ------------------------
ASxxxx Linker V03.00 + NoICE + sdld,  page 21.
Hexadecimal  [32-Bits]

Area                                    Addr        Size        Decimal Bytes (Attributes)
--------------------------------        ----        ----        ------- ----- ------------
DSEG                                00000000    0000007C =         124. bytes (REL,CON)

      Value  Global                              Global Defined In Module
      -----  --------------------------------   ------------------------
     00000008  Lpart_01.On_Board$ext_ram$1$32     part_01
     0000000A  Lpart_01.External$num$1$34         part_01
     0000000A  _External_PARM_2                   part_01
     0000000B  Lpart_01.External$a$1$34           part_01
     0000000C  Lpart_01.External$ext_ram$1$35     part_01
     0000000E  _vprintf_PARM_2                    vprintf
     0000000F  _bp                                _bp
     0000002E  __print_format_PARM_2              printf_large
     00000031  __print_format_PARM_3              printf_large
     00000034  __print_format_PARM_4              printf_large

ASxxxx Linker V03.00 + NoICE + sdld,  page 22.
Hexadecimal  [32-Bits]

Area                                    Addr        Size        Decimal Bytes (Attributes)
--------------------------------        ----        ----        ------- ----- ------------
OSEG                                00000010    00000006 =           6. bytes (REL,OVR)

      Value  Global                              Global Defined In Module
      -----  --------------------------------   ------------------------
ASxxxx Linker V03.00 + NoICE + sdld,  page 23.
Hexadecimal  [32-Bits]

Area                                    Addr        Size        Decimal Bytes (Attributes)
--------------------------------        ----        ----        ------- ----- ------------
ISEG                                00000016    00000006 =           6. bytes (REL,CON)

      Value  Global                              Global Defined In Module
      -----  --------------------------------   ------------------------
ASxxxx Linker V03.00 + NoICE + sdld,  page 24.
Hexadecimal  [32-Bits]

Area                                    Addr        Size        Decimal Bytes (Attributes)
--------------------------------        ----        ----        ------- ----- ------------
SSEG                                0000003C    000000C4 =         196. bytes (REL,OVR)

      Value  Global                              Global Defined In Module
      -----  --------------------------------   ------------------------
     0000003C  __start__stack                     part_01

ASxxxx Linker V03.00 + NoICE + sdld,  page 25.
Hexadecimal  [32-Bits]

Area                                    Addr        Size        Decimal Bytes (Attributes)
--------------------------------        ----        ----        ------- ----- ------------
XSEG                                00000001    00000400 =        1024. bytes (REL,CON,XDATA)

      Value  Global                              Global Defined In Module
      -----  --------------------------------   ------------------------
D:   00000001  Fpart_01$count$0$0                 part_01

ASxxxx Linker V03.00 + NoICE + sdld,  page 26.
Hexadecimal  [32-Bits]

Area                                    Addr        Size        Decimal Bytes (Attributes)
--------------------------------        ----        ----        ------- ----- ------------
HOME                                00000000    00000006 =           6. bytes (REL,CON,CODE)

      Value  Global                              Global Defined In Module
      -----  --------------------------------   ------------------------
C:   00000000  A$part_01$1265                     part_01
C:   00000003  A$part_01$1287                     part_01
C:   00000003  __sdcc_program_startup             part_01
ASxxxx Linker V03.00 + NoICE + sdld,  page 27.
Hexadecimal  [32-Bits]

Area                                    Addr        Size        Decimal Bytes (Attributes)
--------------------------------        ----        ----        ------- ----- ------------
GSINIT0                             00000006    00000003 =           3. bytes (REL,CON,CODE)

      Value  Global                              Global Defined In Module
      -----  --------------------------------   ------------------------
C:   00000006  __sdcc_gsinit_startup              

ASxxxx Linker V03.00 + NoICE + sdld,  page 28.
Hexadecimal  [32-Bits]

Area                                    Addr        Size        Decimal Bytes (Attributes)
--------------------------------        ----        ----        ------- ----- ------------
GSINIT2                             00000009    0000000A =          10. bytes (REL,CON,CODE)

      Value  Global                              Global Defined In Module
      -----  --------------------------------   ------------------------
ASxxxx Linker V03.00 + NoICE + sdld,  page 29.
Hexadecimal  [32-Bits]

Area                                    Addr        Size        Decimal Bytes (Attributes)
--------------------------------        ----        ----        ------- ----- ------------
GSINIT3                             00000013    00000022 =          34. bytes (REL,CON,CODE)

      Value  Global                              Global Defined In Module
      -----  --------------------------------   ------------------------
C:   00000013  __mcs51_genXINIT                   

ASxxxx Linker V03.00 + NoICE + sdld,  page 30.
Hexadecimal  [32-Bits]

Area                                    Addr        Size        Decimal Bytes (Attributes)
--------------------------------        ----        ----        ------- ----- ------------
GSINIT4                             00000035    0000002A =          42. bytes (REL,CON,CODE)

      Value  Global                              Global Defined In Module
      -----  --------------------------------   ------------------------
C:   00000035  __mcs51_genRAMCLEAR                
C:   0000003B  __mcs51_genXRAMCLEAR               

ASxxxx Linker V03.00 + NoICE + sdld,  page 31.
Hexadecimal  [32-Bits]

Area                                    Addr        Size        Decimal Bytes (Attributes)
--------------------------------        ----        ----        ------- ----- ------------
GSFINAL                             0000005F    00000003 =           3. bytes (REL,CON,CODE)

      Value  Global                              Global Defined In Module
      -----  --------------------------------   ------------------------
C:   0000005F  A$part_01$1280                     part_01

ASxxxx Linker V03.00 + NoICE + sdld,  page 32.
Hexadecimal  [32-Bits]

Area                                    Addr        Size        Decimal Bytes (Attributes)
--------------------------------        ----        ----        ------- ----- ------------
CSEG                                00000062    00000A67 =        2663. bytes (REL,CON,CODE)

      Value  Global                              Global Defined In Module
      -----  --------------------------------   ------------------------
C:   00000062  A$part_01$1313                     part_01
C:   00000062  C$putget.h$18$0$0                  part_01
C:   00000062  G$putchar$0$0                      part_01
C:   00000062  _putchar                           part_01
C:   00000064  A$part_01$1319                     part_01
C:   00000064  C$putget.h$20$1$16                 part_01
C:   00000064  C$putget.h$21$1$16                 part_01
C:   00000067  A$part_01$1320                     part_01
C:   00000069  A$part_01$1324                     part_01
C:   00000069  C$putget.h$22$1$16                 part_01
C:   0000006B  A$part_01$1327                     part_01
C:   0000006B  C$putget.h$23$1$16                 part_01
C:   0000006B  XG$putchar$0$0                     part_01
C:   0000006C  A$part_01$1345                     part_01
C:   0000006C  C$putget.h$28$1$16                 part_01
C:   0000006C  C$putget.h$31$1$18                 part_01
C:   0000006C  C$putget.h$32$1$18                 part_01
C:   0000006C  G$getchar$0$0                      part_01
C:   0000006C  _getchar                           part_01
C:   0000006F  A$part_01$1346                     part_01
C:   00000071  A$part_01$1350                     part_01
C:   00000071  C$putget.h$33$1$18                 part_01
C:   00000073  A$part_01$1353                     part_01
C:   00000073  C$putget.h$36$1$18                 part_01
C:   00000076  A$part_01$1356                     part_01
C:   00000076  C$putget.h$37$1$18                 part_01
C:   00000076  XG$getchar$0$0                     part_01
C:   00000077  A$part_01$1369                     part_01
C:   00000077  C$part_01.c$48$1$18                part_01
C:   00000077  C$part_01.c$50$1$27                part_01
C:   00000077  G$_sdcc_external_startup$0$0       part_01
C:   00000077  __sdcc_external_startup            part_01
C:   0000007A  A$part_01$1372                     part_01
C:   0000007A  C$part_01.c$51$1$27                part_01
C:   0000007D  A$part_01$1375                     part_01
C:   0000007D  C$part_01.c$53$1$27                part_01
C:   00000080  A$part_01$1378                     part_01
C:   00000080  C$part_01.c$54$1$27                part_01
C:   00000080  XG$_sdcc_external_startup$0$0      part_01
C:   00000081  A$part_01$1394                     part_01
C:   00000081  C$part_01.c$58$1$27                part_01
C:   00000081  C$part_01.c$63$1$29                part_01
C:   00000081  G$main$0$0                         part_01
C:   00000081  _main                              part_01
C:   00000084  A$part_01$1397                     part_01
C:   00000084  C$part_01.c$64$1$29                part_01
C:   00000087  A$part_01$1400                     part_01
C:   00000087  C$part_01.c$65$1$29                part_01
C:   0000008A  A$part_01$1403                     part_01
C:   0000008A  C$part_01.c$67$1$29                part_01
ASxxxx Linker V03.00 + NoICE + sdld,  page 33.
Hexadecimal  [32-Bits]

Area                                    Addr        Size        Decimal Bytes (Attributes)
--------------------------------        ----        ----        ------- ----- ------------
CSEG                                00000062    00000A67 =        2663. bytes (REL,CON,CODE)

      Value  Global                              Global Defined In Module
      -----  --------------------------------   ------------------------
C:   0000008D  A$part_01$1406                     part_01
C:   0000008D  C$part_01.c$69$1$29                part_01
C:   0000008F  A$part_01$1407                     part_01
C:   00000091  A$part_01$1408                     part_01
C:   00000093  A$part_01$1409                     part_01
C:   00000095  A$part_01$1410                     part_01
C:   00000097  A$part_01$1411                     part_01
C:   00000099  A$part_01$1412                     part_01
C:   0000009C  A$part_01$1413                     part_01
C:   0000009E  A$part_01$1414                     part_01
C:   000000A0  A$part_01$1415                     part_01
C:   000000A2  A$part_01$1418                     part_01
C:   000000A2  C$part_01.c$70$1$29                part_01
C:   000000A4  A$part_01$1419                     part_01
C:   000000A6  A$part_01$1420                     part_01
C:   000000A8  A$part_01$1421                     part_01
C:   000000AA  A$part_01$1422                     part_01
C:   000000AC  A$part_01$1423                     part_01
C:   000000AE  A$part_01$1424                     part_01
C:   000000B1  A$part_01$1425                     part_01
C:   000000B3  A$part_01$1426                     part_01
C:   000000B5  A$part_01$1427                     part_01
C:   000000B7  A$part_01$1433                     part_01
C:   000000B7  C$part_01.c$71$1$29                part_01
C:   000000B7  C$part_01.c$73$2$30                part_01
C:   000000BA  A$part_01$1436                     part_01
C:   000000BA  C$part_01.c$74$2$30                part_01
C:   000000BC  A$part_01$1437                     part_01
C:   000000BE  A$part_01$1438                     part_01
C:   000000C0  A$part_01$1439                     part_01
C:   000000C2  A$part_01$1440                     part_01
C:   000000C4  A$part_01$1441                     part_01
C:   000000C6  A$part_01$1442                     part_01
C:   000000C9  A$part_01$1443                     part_01
C:   000000CB  A$part_01$1444                     part_01
C:   000000CD  A$part_01$1445                     part_01
C:   000000CF  A$part_01$1448                     part_01
C:   000000CF  C$part_01.c$75$2$30                part_01
C:   000000D2  A$part_01$1449                     part_01
C:   000000D4  A$part_01$1452                     part_01
C:   000000D4  C$part_01.c$76$2$30                part_01
C:   000000D6  A$part_01$1453                     part_01
C:   000000D8  A$part_01$1454                     part_01
C:   000000DA  A$part_01$1455                     part_01
C:   000000DC  A$part_01$1456                     part_01
C:   000000DE  A$part_01$1457                     part_01
C:   000000E0  A$part_01$1458                     part_01
C:   000000E2  A$part_01$1459                     part_01
C:   000000E4  A$part_01$1460                     part_01
C:   000000E6  A$part_01$1461                     part_01
C:   000000E8  A$part_01$1462                     part_01
ASxxxx Linker V03.00 + NoICE + sdld,  page 34.
Hexadecimal  [32-Bits]

Area                                    Addr        Size        Decimal Bytes (Attributes)
--------------------------------        ----        ----        ------- ----- ------------
CSEG                                00000062    00000A67 =        2663. bytes (REL,CON,CODE)

      Value  Global                              Global Defined In Module
      -----  --------------------------------   ------------------------
C:   000000EA  A$part_01$1463                     part_01
C:   000000ED  A$part_01$1464                     part_01
C:   000000EF  A$part_01$1465                     part_01
C:   000000F1  A$part_01$1466                     part_01
C:   000000F3  A$part_01$1469                     part_01
C:   000000F3  C$part_01.c$77$2$30                part_01
C:   000000F6  A$part_01$1470                     part_01
C:   000000F8  A$part_01$1473                     part_01
C:   000000F8  C$part_01.c$78$2$30                part_01
C:   000000FA  A$part_01$1474                     part_01
C:   000000FD  A$part_01$1477                     part_01
C:   000000FD  C$part_01.c$79$2$30                part_01
C:   00000100  A$part_01$1480                     part_01
C:   00000100  C$part_01.c$81$2$30                part_01
C:   00000103  A$part_01$1481                     part_01
C:   00000106  A$part_01$1482                     part_01
C:   00000109  A$part_01$1485                     part_01
C:   00000109  C$part_01.c$82$2$30                part_01
C:   0000010C  A$part_01$1486                     part_01
C:   0000010F  A$part_01$1487                     part_01
C:   00000112  A$part_01$1490                     part_01
C:   00000112  C$part_01.c$83$2$30                part_01
C:   00000115  A$part_01$1491                     part_01
C:   00000118  A$part_01$1492                     part_01
C:   0000011B  A$part_01$1495                     part_01
C:   0000011B  C$part_01.c$84$2$30                part_01
C:   0000011E  A$part_01$1496                     part_01
C:   00000121  A$part_01$1497                     part_01
C:   00000124  A$part_01$1500                     part_01
C:   00000124  C$part_01.c$85$2$30                part_01
C:   00000127  A$part_01$1501                     part_01
C:   0000012A  A$part_01$1502                     part_01
C:   0000012D  A$part_01$1505                     part_01
C:   0000012D  C$part_01.c$86$2$30                part_01
C:   0000012F  A$part_01$1506                     part_01
C:   00000131  A$part_01$1507                     part_01
C:   00000133  A$part_01$1508                     part_01
C:   00000135  A$part_01$1509                     part_01
C:   00000136  A$part_01$1510                     part_01
C:   00000138  A$part_01$1511                     part_01
C:   0000013A  A$part_01$1512                     part_01
C:   0000013C  A$part_01$1513                     part_01
C:   0000013E  A$part_01$1514                     part_01
C:   00000140  A$part_01$1515                     part_01
C:   00000142  A$part_01$1516                     part_01
C:   00000144  A$part_01$1517                     part_01
C:   00000147  A$part_01$1518                     part_01
C:   00000149  A$part_01$1519                     part_01
C:   0000014B  A$part_01$1520                     part_01
C:   0000014D  A$part_01$1521                     part_01
C:   00000150  A$part_01$1524                     part_01
ASxxxx Linker V03.00 + NoICE + sdld,  page 35.
Hexadecimal  [32-Bits]

Area                                    Addr        Size        Decimal Bytes (Attributes)
--------------------------------        ----        ----        ------- ----- ------------
CSEG                                00000062    00000A67 =        2663. bytes (REL,CON,CODE)

      Value  Global                              Global Defined In Module
      -----  --------------------------------   ------------------------
C:   00000150  C$part_01.c$88$1$29                part_01
C:   00000150  XG$main$0$0                        part_01
C:   00000151  A$part_01$1540                     part_01
C:   00000151  C$part_01.c$90$1$29                part_01
C:   00000151  C$part_01.c$94$1$32                part_01
C:   00000151  G$On_Board$0$0                     part_01
C:   00000151  _On_Board                          part_01
C:   00000153  A$part_01$1541                     part_01
C:   00000155  A$part_01$1542                     part_01
C:   00000157  A$part_01$1543                     part_01
C:   00000159  A$part_01$1544                     part_01
C:   0000015B  A$part_01$1545                     part_01
C:   0000015D  A$part_01$1546                     part_01
C:   00000160  A$part_01$1547                     part_01
C:   00000162  A$part_01$1548                     part_01
C:   00000164  A$part_01$1549                     part_01
C:   00000166  A$part_01$1552                     part_01
C:   00000168  A$part_01$1553                     part_01
C:   0000016A  A$part_01$1557                     part_01
C:   0000016A  C$part_01.c$97$2$33                part_01
C:   0000016C  A$part_01$1558                     part_01
C:   0000016E  A$part_01$1561                     part_01
C:   0000016E  C$part_01.c$98$2$33                part_01
C:   0000016F  A$part_01$1562                     part_01
C:   00000170  A$part_01$1563                     part_01
C:   00000172  A$part_01$1564                     part_01
C:   00000174  A$part_01$1565                     part_01
C:   00000176  A$part_01$1566                     part_01
C:   00000178  A$part_01$1567                     part_01
C:   0000017A  A$part_01$1568                     part_01
C:   0000017C  A$part_01$1569                     part_01
C:   0000017E  A$part_01$1570                     part_01
C:   00000180  A$part_01$1571                     part_01
C:   00000182  A$part_01$1572                     part_01
C:   00000184  A$part_01$1573                     part_01
C:   00000186  A$part_01$1574                     part_01
C:   00000188  A$part_01$1575                     part_01
C:   0000018A  A$part_01$1576                     part_01
C:   0000018D  A$part_01$1577                     part_01
C:   0000018F  A$part_01$1578                     part_01
C:   00000191  A$part_01$1579                     part_01
C:   00000193  A$part_01$1580                     part_01
C:   00000195  A$part_01$1581                     part_01
C:   00000197  A$part_01$1584                     part_01
C:   00000197  C$part_01.c$99$2$33                part_01
C:   00000199  A$part_01$1585                     part_01
C:   0000019B  A$part_01$1586                     part_01
C:   0000019D  A$part_01$1587                     part_01
C:   0000019F  A$part_01$1588                     part_01
C:   000001A1  A$part_01$1589                     part_01
C:   000001A3  A$part_01$1590                     part_01
ASxxxx Linker V03.00 + NoICE + sdld,  page 36.
Hexadecimal  [32-Bits]

Area                                    Addr        Size        Decimal Bytes (Attributes)
--------------------------------        ----        ----        ------- ----- ------------
CSEG                                00000062    00000A67 =        2663. bytes (REL,CON,CODE)

      Value  Global                              Global Defined In Module
      -----  --------------------------------   ------------------------
C:   000001A5  A$part_01$1591                     part_01
C:   000001A7  A$part_01$1592                     part_01
C:   000001A9  A$part_01$1593                     part_01
C:   000001AB  A$part_01$1594                     part_01
C:   000001AE  A$part_01$1595                     part_01
C:   000001B0  A$part_01$1596                     part_01
C:   000001B2  A$part_01$1597                     part_01
C:   000001B4  A$part_01$1598                     part_01
C:   000001B6  A$part_01$1599                     part_01
C:   000001B8  A$part_01$1602                     part_01
C:   000001B8  C$part_01.c$95$1$32                part_01
C:   000001B9  A$part_01$1603                     part_01
C:   000001BC  A$part_01$1604                     part_01
C:   000001BD  A$part_01$1606                     part_01
C:   000001BE  A$part_01$1607                     part_01
C:   000001BF  A$part_01$1608                     part_01
C:   000001C1  A$part_01$1609                     part_01
C:   000001C3  A$part_01$1610                     part_01
C:   000001C5  A$part_01$1613                     part_01
C:   000001C5  C$part_01.c$101$1$32               part_01
C:   000001C5  XG$On_Board$0$0                    part_01
C:   000001C6  A$part_01$1629                     part_01
C:   000001C6  C$part_01.c$102$1$32               part_01
C:   000001C6  G$External$0$0                     part_01
C:   000001C6  _External                          part_01
[...]
C:   00000319  A$part_01$1841                     part_01
C:   0000031A  A$part_01$1842                     part_01
C:   0000031D  A$part_01$1843                     part_01
C:   0000031F  A$part_01$1845                     part_01
C:   00000322  A$part_01$1846                     part_01
C:   00000323  A$part_01$1847                     part_01
C:   00000324  A$part_01$1848                     part_01
C:   00000325  A$part_01$1849                     part_01
C:   00000326  A$part_01$1850                     part_01
C:   00000327  A$part_01$1854                     part_01
C:   00000327  C$part_01.c$119$2$39               part_01
C:   00000328  A$part_01$1855                     part_01
C:   0000032B  A$part_01$1856                     part_01
C:   0000032C  A$part_01$1858                     part_01
C:   0000032D  A$part_01$1859                     part_01
C:   0000032E  A$part_01$1860                     part_01
C:   00000330  A$part_01$1861                     part_01
C:   00000332  A$part_01$1862                     part_01
C:   00000334  A$part_01$1863                     part_01
C:   00000337  A$part_01$1865                     part_01
C:   0000033A  A$part_01$1869                     part_01
C:   0000033A  C$part_01.c$128$1$35               part_01
C:   0000033C  A$part_01$1870                     part_01
C:   0000033F  A$part_01$1871                     part_01
C:   00000341  A$part_01$1873                     part_01
C:   00000344  A$part_01$1877                     part_01
C:   00000346  A$part_01$1878                     part_01
C:   00000348  A$part_01$1882                     part_01
C:   00000348  C$part_01.c$132$3$43               part_01
C:   0000034A  A$part_01$1883                     part_01
C:   0000034C  A$part_01$1886                     part_01
C:   0000034C  C$part_01.c$133$3$43               part_01
C:   0000034F  A$part_01$1887                     part_01
C:   00000352  A$part_01$1888                     part_01
C:   00000354  A$part_01$1889                     part_01
C:   00000355  A$part_01$1892                     part_01
C:   00000355  C$part_01.c$134$3$43               part_01
C:   00000358  A$part_01$1893                     part_01
C:   0000035B  A$part_01$1894                     part_01
C:   0000035C  A$part_01$1895                     part_01
C:   0000035D  A$part_01$1896                     part_01
C:   0000035F  A$part_01$1897                     part_01
C:   00000361  A$part_01$1898                     part_01
C:   00000363  A$part_01$1899                     part_01
C:   00000365  A$part_01$1900                     part_01
C:   00000367  A$part_01$1901                     part_01
C:   00000369  A$part_01$1902                     part_01
C:   0000036B  A$part_01$1903                     part_01
ASxxxx Linker V03.00 + NoICE + sdld,  page 41.
Hexadecimal  [32-Bits]

Area                                    Addr        Size        Decimal Bytes (Attributes)
--------------------------------        ----        ----        ------- ----- ------------
CSEG                                00000062    00000A67 =        2663. bytes (REL,CON,CODE)

      Value  Global                              Global Defined In Module
      -----  --------------------------------   ------------------------
C:   0000036D  A$part_01$1904                     part_01
C:   0000036F  A$part_01$1905                     part_01
C:   00000371  A$part_01$1906                     part_01
C:   00000373  A$part_01$1907                     part_01
C:   00000376  A$part_01$1908                     part_01
C:   00000378  A$part_01$1909                     part_01
C:   0000037A  A$part_01$1910                     part_01
C:   0000037C  A$part_01$1911                     part_01
C:   0000037E  A$part_01$1912                     part_01
C:   00000380  A$part_01$1915                     part_01
C:   00000380  C$part_01.c$135$3$43               part_01
C:   00000382  A$part_01$1916                     part_01
C:   00000384  A$part_01$1917                     part_01
C:   00000386  A$part_01$1918                     part_01
C:   00000388  A$part_01$1919                     part_01
C:   0000038A  A$part_01$1920                     part_01
C:   0000038C  A$part_01$1921                     part_01
C:   0000038E  A$part_01$1922                     part_01
C:   00000390  A$part_01$1923                     part_01
C:   00000392  A$part_01$1924                     part_01
C:   00000394  A$part_01$1925                     part_01
C:   00000397  A$part_01$1926                     part_01
C:   00000399  A$part_01$1927                     part_01
C:   0000039B  A$part_01$1928                     part_01
C:   0000039D  A$part_01$1931                     part_01
C:   0000039D  C$part_01.c$136$3$43               part_01
C:   0000039F  A$part_01$1932                     part_01
C:   000003A0  A$part_01$1933                     part_01
C:   000003A1  A$part_01$1934                     part_01
C:   000003A3  A$part_01$1935                     part_01
C:   000003A4  A$part_01$1936                     part_01
C:   000003A6  A$part_01$1937                     part_01
C:   000003A8  A$part_01$1938                     part_01
C:   000003AA  A$part_01$1939                     part_01
C:   000003AC  A$part_01$1940                     part_01
C:   000003AE  A$part_01$1941                     part_01
C:   000003B0  A$part_01$1942                     part_01
C:   000003B2  A$part_01$1943                     part_01
C:   000003B4  A$part_01$1944                     part_01
C:   000003B6  A$part_01$1945                     part_01
C:   000003B8  A$part_01$1946                     part_01
C:   000003BB  A$part_01$1947                     part_01
C:   000003BD  A$part_01$1948                     part_01
C:   000003BF  A$part_01$1949                     part_01
C:   000003C1  A$part_01$1950                     part_01
C:   000003C3  A$part_01$1951                     part_01
C:   000003C5  A$part_01$1952                     part_01
C:   000003C7  A$part_01$1953                     part_01
C:   000003C9  A$part_01$1956                     part_01
C:   000003C9  C$part_01.c$137$3$43               part_01
C:   000003CC  A$part_01$1957                     part_01
ASxxxx Linker V03.00 + NoICE + sdld,  page 42.
Hexadecimal  [32-Bits]

Area                                    Addr        Size        Decimal Bytes (Attributes)
--------------------------------        ----        ----        ------- ----- ------------
CSEG                                00000062    00000A67 =        2663. bytes (REL,CON,CODE)

      Value  Global                              Global Defined In Module
      -----  --------------------------------   ------------------------
C:   000003CF  A$part_01$1958                     part_01
C:   000003D0  A$part_01$1959                     part_01
C:   000003D1  A$part_01$1960                     part_01
C:   000003D3  A$part_01$1961                     part_01
C:   000003D6  A$part_01$1962                     part_01
C:   000003D7  A$part_01$1963                     part_01
C:   000003DA  A$part_01$1964                     part_01
C:   000003DC  A$part_01$1966                     part_01
C:   000003DF  A$part_01$1967                     part_01
C:   000003E0  A$part_01$1968                     part_01
C:   000003E1  A$part_01$1969                     part_01
C:   000003E2  A$part_01$1970                     part_01
C:   000003E3  A$part_01$1971                     part_01
C:   000003E4  A$part_01$1975                     part_01
C:   000003E4  C$part_01.c$138$3$43               part_01
C:   000003E5  A$part_01$1976                     part_01
C:   000003E7  A$part_01$1977                     part_01
C:   000003E9  A$part_01$1978                     part_01
C:   000003EB  A$part_01$1979                     part_01
C:   000003ED  A$part_01$1980                     part_01
C:   000003EF  A$part_01$1981                     part_01
C:   000003F1  A$part_01$1985                     part_01
C:   000003F1  C$part_01.c$139$4$46               part_01
C:   000003F4  A$part_01$1989                     part_01
C:   000003F4  C$part_01.c$130$2$42               part_01
C:   000003F5  A$part_01$1990                     part_01
C:   000003F8  A$part_01$1991                     part_01
C:   000003F9  A$part_01$1993                     part_01
C:   000003FA  A$part_01$1994                     part_01
C:   000003FB  A$part_01$1995                     part_01
C:   000003FD  A$part_01$1996                     part_01
C:   000003FF  A$part_01$1997                     part_01
C:   00000401  A$part_01$1998                     part_01
C:   00000404  A$part_01$2000                     part_01
C:   00000406  A$part_01$2004                     part_01
C:   00000406  C$part_01.c$142$2$47               part_01
C:   00000408  A$part_01$2005                     part_01
C:   0000040A  A$part_01$2006                     part_01
C:   0000040C  A$part_01$2007                     part_01
C:   0000040E  A$part_01$2008                     part_01
C:   00000410  A$part_01$2009                     part_01
C:   00000412  A$part_01$2010                     part_01
C:   00000415  A$part_01$2011                     part_01
C:   00000417  A$part_01$2012                     part_01
C:   00000419  A$part_01$2013                     part_01
C:   0000041B  A$part_01$2017                     part_01
C:   0000041B  C$part_01.c$143$1$35               part_01
C:   0000041B  XG$External$0$0                    part_01
C:   0000041C  A$part_01$2033                     part_01
C:   0000041C  C$part_01.c$150$1$35               part_01
C:   0000041C  C$part_01.c$155$1$49               part_01
ASxxxx Linker V03.00 + NoICE + sdld,  page 43.
Hexadecimal  [32-Bits]

Area                                    Addr        Size        Decimal Bytes (Attributes)
--------------------------------        ----        ----        ------- ----- ------------
CSEG                                00000062    00000A67 =        2663. bytes (REL,CON,CODE)

      Value  Global                              Global Defined In Module
      -----  --------------------------------   ------------------------
C:   0000041C  G$SYSCLK_INIT$0$0                  part_01
C:   0000041C  _SYSCLK_INIT                       part_01
C:   0000041E  A$part_01$2036                     part_01
C:   0000041E  C$part_01.c$156$1$49               part_01
C:   00000421  A$part_01$2039                     part_01
C:   00000421  C$part_01.c$158$1$49               part_01
C:   00000424  A$part_01$2042                     part_01
C:   00000424  C$part_01.c$159$1$49               part_01
C:   00000426  A$part_01$2043                     part_01
C:   00000428  A$part_01$2045                     part_01
C:   00000429  A$part_01$2046                     part_01
C:   0000042C  A$part_01$2047                     part_01
C:   0000042D  A$part_01$2049                     part_01
C:   0000042E  A$part_01$2050                     part_01
C:   0000042F  A$part_01$2051                     part_01
C:   00000431  A$part_01$2055                     part_01
C:   00000431  C$part_01.c$160$1$49               part_01
C:   00000433  A$part_01$2056                     part_01
C:   00000436  A$part_01$2059                     part_01
C:   00000436  C$part_01.c$161$1$49               part_01
C:   00000439  A$part_01$2062                     part_01
C:   00000439  C$part_01.c$162$1$49               part_01
C:   0000043C  A$part_01$2065                     part_01
C:   0000043C  C$part_01.c$164$1$49               part_01
C:   0000043E  A$part_01$2068                     part_01
C:   0000043E  C$part_01.c$165$1$49               part_01
C:   0000043E  XG$SYSCLK_INIT$0$0                 part_01
C:   0000043F  A$part_01$2083                     part_01
C:   0000043F  C$part_01.c$173$1$49               part_01
C:   0000043F  C$part_01.c$175$1$49               part_01
C:   0000043F  G$PORT_INIT$0$0                    part_01
C:   0000043F  _PORT_INIT                         part_01
C:   00000441  A$part_01$2086                     part_01
C:   00000441  C$part_01.c$176$1$51               part_01
C:   00000444  A$part_01$2089                     part_01
C:   00000444  C$part_01.c$178$1$51               part_01
C:   00000447  A$part_01$2092                     part_01
C:   00000447  C$part_01.c$179$1$51               part_01
C:   0000044A  A$part_01$2095                     part_01
C:   0000044A  C$part_01.c$180$1$51               part_01
C:   0000044D  A$part_01$2098                     part_01
C:   0000044D  C$part_01.c$182$1$51               part_01
C:   00000450  A$part_01$2101                     part_01
C:   00000450  C$part_01.c$183$1$51               part_01
C:   00000453  A$part_01$2104                     part_01
C:   00000453  C$part_01.c$184$1$51               part_01
C:   00000456  A$part_01$2107                     part_01
C:   00000456  C$part_01.c$185$1$51               part_01
C:   00000459  A$part_01$2110                     part_01
C:   00000459  C$part_01.c$186$1$51               part_01
C:   0000045C  A$part_01$2113                     part_01
ASxxxx Linker V03.00 + NoICE + sdld,  page 44.
Hexadecimal  [32-Bits]

Area                                    Addr        Size        Decimal Bytes (Attributes)
--------------------------------        ----        ----        ------- ----- ------------
CSEG                                00000062    00000A67 =        2663. bytes (REL,CON,CODE)

      Value  Global                              Global Defined In Module
      -----  --------------------------------   ------------------------
C:   0000045C  C$part_01.c$188$1$51               part_01
C:   0000045F  A$part_01$2116                     part_01
C:   0000045F  C$part_01.c$189$1$51               part_01
C:   00000462  A$part_01$2119                     part_01
C:   00000462  C$part_01.c$190$1$51               part_01
C:   00000465  A$part_01$2122                     part_01
C:   00000465  C$part_01.c$194$1$51               part_01
C:   00000468  A$part_01$2125                     part_01
C:   00000468  C$part_01.c$195$1$51               part_01
C:   0000046B  A$part_01$2128                     part_01
C:   0000046B  C$part_01.c$196$1$51               part_01
C:   0000046E  A$part_01$2131                     part_01
C:   0000046E  C$part_01.c$198$1$51               part_01
C:   00000470  A$part_01$2134                     part_01
C:   00000470  C$part_01.c$199$1$51               part_01
C:   00000470  XG$PORT_INIT$0$0                   part_01
C:   00000471  A$part_01$2149                     part_01
C:   00000471  C$part_01.c$207$1$51               part_01
C:   00000471  C$part_01.c$211$1$53               part_01
C:   00000471  G$UART0_INIT$0$0                   part_01
C:   00000471  _UART0_INIT                        part_01
C:   00000473  A$part_01$2152                     part_01
C:   00000473  C$part_01.c$212$1$53               part_01
C:   00000476  A$part_01$2155                     part_01
C:   00000476  C$part_01.c$214$1$53               part_01
C:   00000479  A$part_01$2158                     part_01
C:   00000479  C$part_01.c$215$1$53               part_01
C:   0000047C  A$part_01$2161                     part_01
C:   0000047C  C$part_01.c$216$1$53               part_01
C:   0000047F  A$part_01$2164                     part_01
C:   0000047F  C$part_01.c$217$1$53               part_01
C:   00000482  A$part_01$2167                     part_01
C:   00000482  C$part_01.c$219$1$53               part_01
C:   00000485  A$part_01$2170                     part_01
C:   00000485  C$part_01.c$220$1$53               part_01
C:   00000487  A$part_01$2173                     part_01
C:   00000487  C$part_01.c$222$1$53               part_01
C:   0000048A  A$part_01$2176                     part_01
C:   0000048A  C$part_01.c$223$1$53               part_01
C:   0000048D  A$part_01$2179                     part_01
C:   0000048D  C$part_01.c$224$1$53               part_01
C:   00000490  A$part_01$2182                     part_01
C:   00000490  C$part_01.c$227$1$53               part_01
C:   00000492  A$part_01$2185                     part_01
C:   00000492  C$part_01.c$229$1$53               part_01
C:   00000494  A$part_01$2188                     part_01
C:   00000494  C$part_01.c$230$1$53               part_01
C:   00000494  XG$UART0_INIT$0$0                  part_01
C:   000004A0  _vprintf                           vprintf
C:   000004B9  _printf                            vprintf
C:   0000058B  __print_format                     printf_large
ASxxxx Linker V03.00 + NoICE + sdld,  page 45.
Hexadecimal  [32-Bits]

Area                                    Addr        Size        Decimal Bytes (Attributes)
--------------------------------        ----        ----        ------- ----- ------------
CSEG                                00000062    00000A67 =        2663. bytes (REL,CON,CODE)

      Value  Global                              Global Defined In Module
      -----  --------------------------------   ------------------------
C:   00000A95  _strlen                            _strlen
C:   00000AAD  __gptrget                          _gptrget

ASxxxx Linker V03.00 + NoICE + sdld,  page 46.
Hexadecimal  [32-Bits]

Area                                    Addr        Size        Decimal Bytes (Attributes)
--------------------------------        ----        ----        ------- ----- ------------
CONST                               00000AC9    0000018D =         397. bytes (REL,CON,CODE)

      Value  Global                              Global Defined In Module
      -----  --------------------------------   ------------------------
C:   00000AC9  Fpart_01$__str_0$0$0               part_01
C:   00000ACE  Fpart_01$__str_1$0$0               part_01
C:   00000AE4  Fpart_01$__str_2$0$0               part_01
C:   00000B18  Fpart_01$__str_3$0$0               part_01
C:   00000B41  Fpart_01$__str_4$0$0               part_01
C:   00000B5C  Fpart_01$__str_5$0$0               part_01
C:   00000B6C  Fpart_01$__str_6$0$0               part_01
C:   00000B8F  Fpart_01$__str_7$0$0               part_01
C:   00000BA2  Fpart_01$__str_8$0$0               part_01
C:   00000BB5  Fpart_01$__str_9$0$0               part_01
C:   00000BD9  Fpart_01$__str_10$0$0              part_01
C:   00000BEF  Fpart_01$__str_11$0$0              part_01
C:   00000C00  Fpart_01$__str_12$0$0              part_01
C:   00000C1A  Fpart_01$__str_13$0$0              part_01

ASxxxx Linker V03.00 + NoICE + sdld,  page 47.

Files Linked                              [ module(s) ]

C:\Users\Christina\Documents\MPS\Versions\Lab_05\part_01.rel
                                          [  ]


Libraries Linked                          [ object file ]

C:\Program Files (x86)\SDCC\bin\..\lib\small/mcs51.lib
                                          [ crtclear.rel ]
C:\Program Files (x86)\SDCC\bin\..\lib\small/mcs51.lib
                                          [ crtxinit.rel ]
C:\Program Files (x86)\SDCC\bin\..\lib\small/mcs51.lib
                                          [ crtxclear.rel ]
C:\Program Files (x86)\SDCC\bin\..\lib\small/libsdcc.lib
                                          [ vprintf.rel ]
C:\Program Files (x86)\SDCC\bin\..\lib\small/libsdcc.lib
                                          [ printf_large.rel ]
C:\Program Files (x86)\SDCC\bin\..\lib\small/libsdcc.lib
                                          [ _strlen.rel ]
C:\Program Files (x86)\SDCC\bin\..\lib\small/mcs51.lib
                                          [ crtstart.rel ]
C:\Program Files (x86)\SDCC\bin\..\lib\small/libsdcc.lib
                                          [ _gptrget.rel ]
C:\Program Files (x86)\SDCC\bin\..\lib\small/libsdcc.lib
                                          [ _bp.rel ]

ASxxxx Linker V03.00 + NoICE + sdld,  page 48.

User Base Address Definitions

HOME = 0x0000
XSEG = 0x0001
PSEG = 0x0001
ISEG = 0x0000
BSEG = 0x0000

